04-21 03:24:57.439  7619  7650 I NetworkRecognitionRnr: Using pair HTTP connection
04-21 03:24:57.451  1627  5161 I ActivityManager: Killing 7147:org.mozilla.fenix.nightly/u0a199 (adj 906): empty #17
04-21 03:24:57.454  7619  8121 I PairHttpConnection: [Upload] Connected
04-21 03:24:57.455  7619  8119 I PairHttpConnection: [Upload] Connected
04-21 03:24:57.461  7619  7653 I zygote64: Deoptimizing void com.google.protobuf.b.addAllCheckingNulls(java.lang.Iterable, java.util.List) due to JIT inline cache
04-21 03:24:57.462  7011  7027 I Finsky  : [47] gcs.d(19): eu.thedarken.sdm: Account determined from installer data - [0q5rWOEzCFsV9GYtQ03SWCcCKpqYuuXkAiD1iI1Ccdk]
04-21 03:24:57.463  7011  7027 I Finsky  : [47] gcs.d(24): eu.thedarken.sdm: Account from preferred account - [0q5rWOEzCFsV9GYtQ03SWCcCKpqYuuXkAiD1iI1Ccdk]
04-21 03:24:57.469  7011  7027 I Finsky  : [47] gcs.d(19): eu.thedarken.sdm: Account determined from installer data - [0q5rWOEzCFsV9GYtQ03SWCcCKpqYuuXkAiD1iI1Ccdk]
04-21 03:24:57.470  7011  7027 I Finsky  : [47] gcs.d(24): eu.thedarken.sdm: Account from preferred account - [0q5rWOEzCFsV9GYtQ03SWCcCKpqYuuXkAiD1iI1Ccdk]
04-21 03:24:57.479  7011  7027 I Finsky  : [47] gcs.d(19): eu.thedarken.sdm: Account determined from installer data - [0q5rWOEzCFsV9GYtQ03SWCcCKpqYuuXkAiD1iI1Ccdk]
04-21 03:24:57.480  7011  7027 I Finsky  : [47] gcs.d(24): eu.thedarken.sdm: Account from preferred account - [0q5rWOEzCFsV9GYtQ03SWCcCKpqYuuXkAiD1iI1Ccdk]
04-21 03:24:57.497  2767  2767 W ChimeraUtils: Non Chimera context
04-21 03:24:57.497  2767  2767 W ChimeraUtils: Non Chimera context
04-21 03:24:57.504  7337  7337 I ServiceChildProcess: Service has been unbound. Stopping.
04-21 03:24:57.506  7337  7496 I Gecko   : Exiting due to channel error.
04-21 03:24:57.524  7619  8126 I Search.LoginHelperImpl: Successfully received auth token for scope: oauth2:https://www.googleapis.com/auth/googlenow in time 34 ms
04-21 03:24:57.531  7619  8123 I Search.LoginHelperImpl: Successfully received auth token for scope: oauth2:https://www.googleapis.com/auth/googlenow in time 41 ms
04-21 03:24:57.538  7867  7884 I zygote64: Waiting for a blocking GC ProfileSaver
04-21 03:24:57.540  7619  8121 I OptInChecker: Falling back to non-UDC sources
04-21 03:24:57.540  7619  8119 I OptInChecker: Falling back to non-UDC sources
04-21 03:24:57.540  7619  8119 I OptInChecker: Setting = LOCATION_HISTORY_AND_REPORTING, optedInt = false
04-21 03:24:57.540  7619  8119 I OptInChecker: Falling back to non-UDC sources
04-21 03:24:57.540  7619  8121 I OptInChecker: Setting = LOCATION_HISTORY_AND_REPORTING, optedInt = false
04-21 03:24:57.540  7619  8121 I OptInChecker: Falling back to non-UDC sources
04-21 03:24:57.540  7619  8119 I OptInChecker: Setting = NOW_CARDS, optedInt = true
04-21 03:24:57.540  7619  8121 I OptInChecker: Setting = NOW_CARDS, optedInt = true
04-21 03:24:57.540  7619  8119 I OptInChecker: Falling back to non-UDC sources
04-21 03:24:57.540  7619  8121 I OptInChecker: Falling back to non-UDC sources
04-21 03:24:57.542  7619  8119 I OptInChecker: Setting = NOW_NOTIFICATIONS, optedInt = true
04-21 03:24:57.543  7619  8121 I OptInChecker: Setting = NOW_NOTIFICATIONS, optedInt = true
04-21 03:24:57.543  7619  8119 I OptInChecker: Falling back to non-UDC sources
04-21 03:24:57.543  7619  8121 I OptInChecker: Falling back to non-UDC sources
04-21 03:24:57.543  7619  8119 I OptInChecker: Setting = CHROME_HISTORY_SYNC, optedInt = false
04-21 03:24:57.543  7619  8121 I OptInChecker: Setting = CHROME_HISTORY_SYNC, optedInt = false
04-21 03:24:57.549  1627  5913 I ActivityManager: Process org.mozilla.fenix.nightly:tab0 (pid 7337) has died: fore SVC 
04-21 03:24:57.561  7867  7884 I zygote64: WaitForGcToComplete blocked ProfileSaver on AddRemoveAppImageSpace for 23.109ms
04-21 03:24:57.580  3201  3214 I ChimeraSrvcProxy: NullBinder for com.google.android.gms.duokit.service.START triggering remote TransactionTooLargeException due to Service without Chimera impl
04-21 03:24:57.581  4749  4858 E JavaBinder: !!! FAILED BINDER TRANSACTION !!!  (parcel size = 764)
04-21 03:24:57.581  4749  4858 W GmsClient: IGmsServiceBroker.getService failed
04-21 03:24:57.581  4749  4858 W GmsClient: android.os.DeadObjectException: Transaction failed on small parcel; remote process probably died
04-21 03:24:57.581  4749  4858 W GmsClient: 	at android.os.BinderProxy.transactNative(Native Method)
04-21 03:24:57.581  4749  4858 W GmsClient: 	at android.os.BinderProxy.transact(Binder.java:764)
04-21 03:24:57.581  4749  4858 W GmsClient: 	at sbj.getService(PG:9)
04-21 03:24:57.581  4749  4858 W GmsClient: 	at com.google.android.gms.common.internal.BaseGmsClient.a(PG:86)
04-21 03:24:57.581  4749  4858 W GmsClient: 	at rxu.run(PG:7)
04-21 03:24:57.581  4749  4858 W GmsClient: 	at android.os.Handler.handleCallback(Handler.java:790)
04-21 03:24:57.581  4749  4858 W GmsClient: 	at android.os.Handler.dispatchMessage(Handler.java:99)
04-21 03:24:57.581  4749  4858 W GmsClient: 	at sns.a(PG:5)
04-21 03:24:57.581  4749  4858 W GmsClient: 	at sns.dispatchMessage(PG:4)
04-21 03:24:57.581  4749  4858 W GmsClient: 	at android.os.Looper.loop(Looper.java:164)
04-21 03:24:57.581  4749  4858 W GmsClient: 	at android.os.HandlerThread.run(HandlerThread.java:65)
04-21 03:24:57.589  7619  7684 D StrictMode: StrictMode policy violation: android.os.StrictMode$StrictModeDiskReadViolation: policy=4259903 violation=2
04-21 03:24:57.589  7619  7684 D StrictMode: 	at android.os.StrictMode$AndroidBlockGuardPolicy.onReadFromDisk(StrictMode.java:1440)
04-21 03:24:57.589  7619  7684 D StrictMode: 	at android.database.sqlite.SQLiteConnection.applyBlockGuardPolicy(SQLiteConnection.java:1042)
04-21 03:24:57.589  7619  7684 D StrictMode: 	at android.database.sqlite.SQLiteConnection.executeForCursorWindow(SQLiteConnection.java:843)
04-21 03:24:57.589  7619  7684 D StrictMode: 	at android.database.sqlite.SQLiteSession.executeForCursorWindow(SQLiteSession.java:836)
04-21 03:24:57.589  7619  7684 D StrictMode: 	at android.database.sqlite.SQLiteQuery.fillWindow(SQLiteQuery.java:62)
04-21 03:24:57.589  7619  7684 D StrictMode: 	at android.database.sqlite.SQLiteCursor.fillWindow(SQLiteCursor.java:143)
04-21 03:24:57.589  7619  7684 D StrictMode: 	at android.database.sqlite.SQLiteCursor.getCount(SQLiteCursor.java:132)
04-21 03:24:57.589  7619  7684 D StrictMode: 	at android.database.CursorToBulkCursorAdaptor.getBulkCursorDescriptor(CursorToBulkCursorAdaptor.java:145)
04-21 03:24:57.589  7619  7684 D StrictMode: 	at android.content.ContentProviderNative.onTransact(ContentProviderNative.java:111)
04-21 03:24:57.589  7619  7684 D StrictMode: 	at android.os.Binder.execTransact(Binder.java:697)
04-21 03:24:57.589  7619  7684 D StrictMode: # via Binder call with stack:
04-21 03:24:57.589  7619  7684 D StrictMode: android.os.StrictMode$LogStackTrace
04-21 03:24:57.589  7619  7684 D StrictMode: 	at android.os.StrictMode.readAndHandleBinderCallViolations(StrictMode.java:2139)
04-21 03:24:57.589  7619  7684 D StrictMode: 	at android.os.Parcel.readExceptionCode(Parcel.java:1987)
04-21 03:24:57.589  7619  7684 D StrictMode: 	at android.database.DatabaseUtils.readExceptionFromParcel(DatabaseUtils.java:132)
04-21 03:24:57.589  7619  7684 D StrictMode: 	at android.content.ContentProviderProxy.query(ContentProviderNative.java:418)
04-21 03:24:57.589  7619  7684 D StrictMode: 	at android.content.ContentResolver.query(ContentResolver.java:756)
04-21 03:24:57.589  7619  7684 D StrictMode: 	at android.content.ContentResolver.query(ContentResolver.java:705)
04-21 03:24:57.589  7619  7684 D StrictMode: 	at android.content.ContentResolver.query(ContentResolver.java:663)
04-21 03:24:57.589  7619  7684 D StrictMode: 	at com.google.android.g.b.a(SourceFile:1)
04-21 03:24:57.589  7619  7684 D StrictMode: 	at com.google.android.apps.gsa.search.core.google.bb.a(SourceFile:7)
04-21 03:24:57.589  7619  7684 D StrictMode: 	at com.google.android.apps.gsa.search.core.google.bb.a(SourceFile:9)
04-21 03:24:57.589  7619  7684 D StrictMode: 	at com.google.android.apps.gsa.search.core.google.bl.a(SourceFile:2)
04-21 03:24:57.589  7619  7684 D StrictMode: 	at com.google.android.apps.gsa.search.core.google.cd.a(SourceFile:204)
04-21 03:24:57.589  7619  7684 D StrictMode: 	at com.google.android.apps.gsa.search.core.google.cd.c(SourceFile:198)
04-21 03:24:57.589  7619  7684 D StrictMode: 	at com.google.android.apps.gsa.staticplugins.i.d.a(SourceFile:24)
04-21 03:24:57.589  7619  7684 D StrictMode: 	at com.google.android.apps.gsa.staticplugins.i.b.b.a(Unknown Source:1)
04-21 03:24:57.589  7619  7684 D StrictMode: 	at com.google.android.libraries.gsa.l.a.m.call(Unknown Source:2)
04-21 03:24:57.589  7619  7684 D StrictMode: 	at java.util.concurrent.FutureTask.run(FutureTask.java:266)
04-21 03:24:57.589  7619  7684 D StrictMode: 	at com.google.apps.tiktok.concurrent.au.run(SourceFile:2)
04-21 03:24:57.589  7619  7684 D StrictMode: 	at java.util.concurrent.ThreadPoolExecutor.runWorker(ThreadPoolExecutor.java:1162)
04-21 03:24:57.589  7619  7684 D StrictMode: 	at java.util.concurrent.ThreadPoolExecutor$Worker.run(ThreadPoolExecutor.java:636)
04-21 03:24:57.589  7619  7684 D StrictMode: 	at com.google.apps.tiktok.concurrent.f.run(Unknown Source:4)
04-21 03:24:57.589  7619  7684 D StrictMode: 	at java.lang.Thread.run(Thread.java:764)
04-21 03:24:57.591  2247  2380 D NetworkController.MobileSignalController(5): onDataActivity: direction=4
04-21 03:24:57.592  2247  2380 D NetworkController.MobileSignalController(5): Change in state from: connected=true,enabled=true,level=2,inetCondition=1,iconGroup=IconGroup(DataDisabled),activityIn=false,activityOut=false,rssi=0,lastModified=04-21 03:24:19,dataSim=true,networkName=airtel,networkNameData=airtel,dataConnected=false,roaming=false,isDefault=false,isEmergency=false,airplaneMode=false,carrierNetworkChangeMode=false,userSetup=true,voiceLevel=0,dataActivity=0dataNetType=13voiceNetType=0dataRegState=0voiceRegState=0
04-21 03:24:57.592  2247  2380 D NetworkController.MobileSignalController(5): 	to: connected=true,enabled=true,level=2,inetCondition=1,iconGroup=IconGroup(DataDisabled),activityIn=false,activityOut=false,rssi=0,lastModified=04-21 03:24:19,dataSim=true,networkName=airtel,networkNameData=airtel,dataConnected=false,roaming=false,isDefault=false,isEmergency=false,airplaneMode=false,carrierNetworkChangeMode=false,userSetup=true,voiceLevel=0,dataActivity=0dataNetType=13voiceNetType=0dataRegState=0voiceRegState=0
04-21 03:24:57.594  2247  2380 D NetworkController.MobileSignalController(5): onDataActivity: direction=0
04-21 03:24:57.595  2247  2380 D NetworkController.MobileSignalController(5): Change in state from: connected=true,enabled=true,level=2,inetCondition=1,iconGroup=IconGroup(DataDisabled),activityIn=false,activityOut=false,rssi=0,lastModified=04-21 03:24:19,dataSim=true,networkName=airtel,networkNameData=airtel,dataConnected=false,roaming=false,isDefault=false,isEmergency=false,airplaneMode=false,carrierNetworkChangeMode=false,userSetup=true,voiceLevel=0,dataActivity=0dataNetType=13voiceNetType=0dataRegState=0voiceRegState=0
04-21 03:24:57.595  2247  2380 D NetworkController.MobileSignalController(5): 	to: connected=true,enabled=true,level=2,inetCondition=1,iconGroup=IconGroup(DataDisabled),activityIn=false,activityOut=false,rssi=0,lastModified=04-21 03:24:19,dataSim=true,networkName=airtel,networkNameData=airtel,dataConnected=false,roaming=false,isDefault=false,isEmergency=false,airplaneMode=false,carrierNetworkChangeMode=false,userSetup=true,voiceLevel=0,dataActivity=0dataNetType=13voiceNetType=0dataRegState=0voiceRegState=0
04-21 03:24:57.602  7619  8121 I OptInChecker: Falling back to non-UDC sources
04-21 03:24:57.602  7619  8121 I OptInChecker: Setting = LOCATION_HISTORY_AND_REPORTING, optedInt = false
04-21 03:24:57.602  7619  8121 I OptInChecker: Falling back to non-UDC sources
04-21 03:24:57.602  7619  8121 I OptInChecker: Setting = NOW_CARDS, optedInt = true
04-21 03:24:57.602  7619  8121 I OptInChecker: Falling back to non-UDC sources
04-21 03:24:57.602  7619  8121 I OptInChecker: Setting = NOW_NOTIFICATIONS, optedInt = true
04-21 03:24:57.604  7619  8121 I OptInChecker: Falling back to non-UDC sources
04-21 03:24:57.604  7619  8121 I OptInChecker: Setting = CHROME_HISTORY_SYNC, optedInt = false
04-21 03:24:57.604  7867  7867 W GrowthKit: Failed to get phenotypeManager in PhenotypeBroadcastReceiver
04-21 03:24:57.604  7867  7867 W GrowthKit: java.lang.NullPointerException: Unable to get GrowthKit Component from host app: com.google.android.calendar
04-21 03:24:57.604  7867  7867 W GrowthKit: 	at cal.oic.a(PG:12)
04-21 03:24:57.604  7867  7867 W GrowthKit: 	at com.google.android.libraries.internal.growth.growthkit.internal.experiments.impl.PhenotypeBroadcastReceiver.onReceive(PG:3)
04-21 03:24:57.604  7867  7867 W GrowthKit: 	at android.app.ActivityThread.handleReceiver(ActivityThread.java:3190)
04-21 03:24:57.604  7867  7867 W GrowthKit: 	at android.app.ActivityThread.-wrap17(Unknown Source:0)
04-21 03:24:57.604  7867  7867 W GrowthKit: 	at android.app.ActivityThread$H.handleMessage(ActivityThread.java:1675)
04-21 03:24:57.604  7867  7867 W GrowthKit: 	at android.os.Handler.dispatchMessage(Handler.java:106)
04-21 03:24:57.604  7867  7867 W GrowthKit: 	at android.os.Looper.loop(Looper.java:164)
04-21 03:24:57.604  7867  7867 W GrowthKit: 	at android.app.ActivityThread.main(ActivityThread.java:6533)
04-21 03:24:57.604  7867  7867 W GrowthKit: 	at java.lang.reflect.Method.invoke(Native Method)
04-21 03:24:57.604  7867  7867 W GrowthKit: 	at com.android.internal.os.RuntimeInit$MethodAndArgsCaller.run(RuntimeInit.java:438)
04-21 03:24:57.604  7867  7867 W GrowthKit: 	at com.android.internal.os.ZygoteInit.main(ZygoteInit.java:807)
04-21 03:24:57.615  7619  7684 D StrictMode: StrictMode policy violation: android.os.StrictMode$StrictModeDiskReadViolation: policy=4259903 violation=2
04-21 03:24:57.615  7619  7684 D StrictMode: 	at android.os.StrictMode$AndroidBlockGuardPolicy.onReadFromDisk(StrictMode.java:1440)
04-21 03:24:57.615  7619  7684 D StrictMode: 	at android.database.sqlite.SQLiteConnection.applyBlockGuardPolicy(SQLiteConnection.java:1042)
04-21 03:24:57.615  7619  7684 D StrictMode: 	at android.database.sqlite.SQLiteConnection.executeForCursorWindow(SQLiteConnection.java:843)
04-21 03:24:57.615  7619  7684 D StrictMode: 	at android.database.sqlite.SQLiteSession.executeForCursorWindow(SQLiteSession.java:836)
04-21 03:24:57.615  7619  7684 D StrictMode: 	at android.database.sqlite.SQLiteQuery.fillWindow(SQLiteQuery.java:62)
04-21 03:24:57.615  7619  7684 D StrictMode: 	at android.database.sqlite.SQLiteCursor.fillWindow(SQLiteCursor.java:143)
04-21 03:24:57.615  7619  7684 D StrictMode: 	at android.database.sqlite.SQLiteCursor.getCount(SQLiteCursor.java:132)
04-21 03:24:57.615  7619  7684 D StrictMode: 	at android.database.CursorToBulkCursorAdaptor.getBulkCursorDescriptor(CursorToBulkCursorAdaptor.java:145)
04-21 03:24:57.615  7619  7684 D StrictMode: 	at android.content.ContentProviderNative.onTransact(ContentProviderNative.java:111)
04-21 03:24:57.615  7619  7684 D StrictMode: 	at android.os.Binder.execTransact(Binder.java:697)
04-21 03:24:57.615  7619  7684 D StrictMode: # via Binder call with stack:
04-21 03:24:57.615  7619  7684 D StrictMode: android.os.StrictMode$LogStackTrace
04-21 03:24:57.615  7619  7684 D StrictMode: 	at android.os.StrictMode.readAndHandleBinderCallViolations(StrictMode.java:2139)
04-21 03:24:57.615  7619  7684 D StrictMode: 	at android.os.Parcel.readExceptionCode(Parcel.java:1987)
04-21 03:24:57.615  7619  7684 D StrictMode: 	at android.database.DatabaseUtils.readExceptionFromParcel(DatabaseUtils.java:132)
04-21 03:24:57.615  7619  7684 D StrictMode: 	at android.content.ContentProviderProxy.query(ContentProviderNative.java:418)
04-21 03:24:57.615  7619  7684 D StrictMode: 	at android.content.ContentResolver.query(ContentResolver.java:756)
04-21 03:24:57.615  7619  7684 D StrictMode: 	at android.content.ContentResolver.query(ContentResolver.java:705)
04-21 03:24:57.615  7619  7684 D StrictMode: 	at android.content.ContentResolver.query(ContentResolver.java:663)
04-21 03:24:57.615  7619  7684 D StrictMode: 	at com.google.android.g.b.a(SourceFile:1)
04-21 03:24:57.615  7619  7684 D StrictMode: 	at com.google.android.apps.gsa.search.core.google.bb.a(SourceFile:7)
04-21 03:24:57.615  7619  7684 D StrictMode: 	at com.google.android.apps.gsa.search.core.google.bb.d(SourceFile:3)
04-21 03:24:57.615  7619  7684 D StrictMode: 	at com.google.android.apps.gsa.search.core.google.bl.a(SourceFile:7)
04-21 03:24:57.615  7619  7684 D StrictMode: 	at com.google.android.apps.gsa.search.core.google.cd.a(SourceFile:224)
04-21 03:24:57.615  7619  7684 D StrictMode: 	at com.google.android.apps.gsa.search.core.google.cd.a(SourceFile:206)
04-21 03:24:57.615  7619  7684 D StrictMode: 	at com.google.android.apps.gsa.search.core.google.cd.c(SourceFile:198)
04-21 03:24:57.615  7619  7684 D StrictMode: 	at com.google.android.apps.gsa.staticplugins.i.d.a(SourceFile:24)
04-21 03:24:57.615  7619  7684 D StrictMode: 	at com.google.android.apps.gsa.staticplugins.i.b.b.a(Unknown Source:1)
04-21 03:24:57.615  7619  7684 D StrictMode: 	at com.google.android.libraries.gsa.l.a.m.call(Unknown Source:2)
04-21 03:24:57.615  7619  7684 D StrictMode: 	at java.util.concurrent.FutureTask.run(FutureTask.java:266)
04-21 03:24:57.615  7619  7684 D StrictMode: 	at com.google.apps.tiktok.concurrent.au.run(SourceFile:2)
04-21 03:24:57.615  7619  7684 D StrictMode: 	at java.util.concurrent.ThreadPoolExecutor.runWorker(ThreadPoolExecutor.java:1162)
04-21 03:24:57.615  7619  7684 D StrictMode: 	at java.util.concurrent.ThreadPoolExecutor$Worker.run(ThreadPoolExecutor.java:636)
04-21 03:24:57.615  7619  7684 D StrictMode: 	at com.google.apps.tiktok.concurrent.f.run(Unknown Source:4)
04-21 03:24:57.615  7619  7684 D StrictMode: 	at java.lang.Thread.run(Thread.java:764)
04-21 03:24:57.621  1627  3027 I chatty  : uid=1000(system) Binder:1627_9 expire 18 lines
04-21 03:24:57.664   294   294 W guitar_update: type=1400 audit(0.0:69): avc: denied { search } for name="default" dev="tmpfs" ino=206 scontext=u:r:kernel:s0 tcontext=u:object_r:storage_file:s0 tclass=dir permissive=0
04-21 03:24:57.699  7619  8127 I GsaNativeCrashHandler: Loaded shared library: nativecrashreporter
04-21 03:24:57.902  7619  7625 I zygote64: Do full code cache collection, code=253KB, data=159KB
04-21 03:24:57.903  7619  7625 I zygote64: After code cache collection, code=236KB, data=134KB
04-21 03:24:58.091  1627  1652 E NotificationService: Suppressing notification from package by user request.
04-21 03:24:58.363  4749  4925 I BugleJobs: GenericWorkerQueueAction: Bailing early, no work found, no failed work found
04-21 03:24:58.444   548   603 I SDM     : ResourceImpl::SetMaxBandwidthMode: new bandwidth mode=0
04-21 03:24:58.445   541   541 I QCamera : <HAL><INFO> closeCamera: 2482: [KPI Perf]: X PROFILE_CLOSE_CAMERA camera id 1, rc: 0
04-21 03:24:58.445   575   575 D SurfaceFlinger: duplicate layer name: changing ColorFade to ColorFade#1
04-21 03:24:58.446   541   541 I QCamera : <HAL><INFO> close_camera_device: 1584: [KPI Perf]: X
04-21 03:24:58.446  1627  2225 I chatty  : uid=1000(system) PhotonicModulat expire 2 lines
04-21 03:24:58.460   813  2632 I CameraService: disconnect: Disconnected client for camera 1 for PID 4773
04-21 03:24:58.461  2247  2247 I Choreographer: Skipped 534 frames!  The application may be doing too much work on its main thread.
04-21 03:24:58.463  2052  2581 D NuPlayerDriver: reset(0xf1cc1230) at state 2
04-21 03:24:58.463  2052  2581 D NuPlayerDriver: notifyListener_l(0xf1cc1230), (8, 0, 0, -1), loop setting(0, 0)
04-21 03:24:58.463  2052  7406 W AMessage: failed to post message as target looper for handler 0 is gone.
04-21 03:24:58.463  2052  7406 D NuPlayerDriver: notifyResetComplete(0xf1cc1230)
04-21 03:24:58.465  2052  2581 D NuPlayerDriver: reset(0xf1cc1070) at state 2
04-21 03:24:58.465  2052  2581 D NuPlayerDriver: notifyListener_l(0xf1cc1070), (8, 0, 0, -1), loop setting(0, 0)
04-21 03:24:58.465  2052  7408 W AMessage: failed to post message as target looper for handler 0 is gone.
04-21 03:24:58.465  2052  7408 D NuPlayerDriver: notifyResetComplete(0xf1cc1070)
04-21 03:24:58.466  2052  2581 D NuPlayerDriver: reset(0xf1cc11c0) at state 2
04-21 03:24:58.466  2052  2581 D NuPlayerDriver: notifyListener_l(0xf1cc11c0), (8, 0, 0, -1), loop setting(0, 0)
04-21 03:24:58.466  2052  7409 W AMessage: failed to post message as target looper for handler 0 is gone.
04-21 03:24:58.466  2052  7409 D NuPlayerDriver: notifyResetComplete(0xf1cc11c0)
04-21 03:24:58.485  2247  2247 V KeyguardStatusView: Enable transport text marquee
04-21 03:24:58.488  2247  2247 V KeyguardUpdateMonitor: startListeningForFingerprint()
04-21 03:24:58.490  1627  3027 V FingerprintService: mDeamon was null, reconnect to fingerprint
04-21 03:24:58.492  1627  3027 V FingerprintService: Fingerprint HAL id: 0
04-21 03:24:58.492  1627  3027 W FingerprintService: Failed to open Fingerprint HAL!
04-21 03:24:58.492  2247  2247 D KeyguardViewMediator: handleNotifyStartedGoingToSleep
04-21 03:24:58.511  2247  2247 W StatusBar: removeNotification for unknown key: 0|com.google.android.apps.messaging|174344743|null|10079
04-21 03:24:58.522   580   612 E libnav  : CablComputeBacklightLevel(): UpdateType = DifferentSceneUpdate
04-21 03:24:58.544  2247  2247 W StatusBar: removeNotification for unknown key: 0|com.google.android.music|1062|null|10081
04-21 03:24:58.926   580   612 E libnav  : CablComputeBacklightLevel(): UpdateType = DifferentSceneUpdate
04-21 03:24:58.962  2247  2247 D KeyguardUpdateMonitor: received broadcast android.intent.action.BATTERY_CHANGED
04-21 03:24:58.965  2247  2264 D KeyguardViewMediator: notifyScreenTurnedOff
04-21 03:24:58.972  2247  2247 D KeyguardUpdateMonitor: handleBatteryUpdate
04-21 03:24:58.973  1627  1671 I DisplayManagerService: Display device changed state: "Built-in Screen", OFF
04-21 03:24:58.973   575   575 D SurfaceFlinger: Set power mode=0, type=0 flinger=0x7b3be5f000
04-21 03:24:58.973  2247  2247 D KeyguardViewMediator: handleNotifyScreenTurnedOff
04-21 03:24:58.974   548   730 I SDM     : DisplayBase::SetDisplayState: Set state = 0, display 0
04-21 03:24:58.979  1627  2135 I chatty  : uid=1000(system) InputReader expire 2 lines
04-21 03:24:58.994  2247  2247 D StatusBar: disable<e i a s b H R c s q >
04-21 03:24:58.994  2247  2247 D StatusBar: disable<e i a s b H R c s q >
04-21 03:24:59.069  1627  5917 I chatty  : uid=1000(system) Binder:1627_12 expire 8 lines
04-21 03:24:59.191   580   612 E libnav  : AbaSuspend skips CABL deactivate: state was 3
04-21 03:24:59.203   606   635 E Sensors : sns_debug_main.c(160):Debug Timer Callback called
04-21 03:24:59.959   598   608 I mmid    : select timeout: wait for receiving msg
04-21 03:24:59.984   552   552 I QTI PowerHAL: Got set_interactive hint
04-21 03:24:59.985   552   552 I QTI PowerHAL: Got set_interactive hint on= 0, count= 4
04-21 03:24:59.985   552   552 E QTI PowerHAL: Error opening /sys/kernel/hbtp/display_pwr: No such file or directory
04-21 03:24:59.985   562   615 E ANDR-PERF-MPCTL: Invalid profile no. 0, total profiles 0 only
04-21 03:24:59.988  1627  1673 I DreamManagerService: Entering dreamland.
04-21 03:24:59.989  1627  1673 I PowerManagerService: Dozing...
04-21 03:24:59.991  1627  1669 I DreamController: Starting dream: name=ComponentInfo{com.android.systemui/com.android.systemui.doze.DozeService}, isTest=false, canDoze=true, userId=0
04-21 03:24:59.994  1627  1669 I chatty  : uid=1000(system) android.fg expire 3 lines
04-21 03:25:00.016  2247  2247 D KeyguardUpdateMonitor: received broadcast android.intent.action.TIME_TICK
04-21 03:25:00.016  2247  2247 D KeyguardUpdateMonitor: handleTimeUpdate
04-21 03:25:00.044  1627  2168 I chatty  : uid=1000(system) NetworkStats expire 3 lines
04-21 03:25:00.047  2247  2247 D StatusBar: disable<e i a s b H R c s q >
04-21 03:25:00.048  2247  2247 D StatusBar: disable<e i a s b H R c s q >
04-21 03:25:00.053  4749  4872 I BugleNotifications: RefreshStatefulNotificationsAction: Refreshing message notifications: for incoming messages = true , for failures = false , isSilent = true , isQuickReply = false , isSmartReplyUpdate = false , conversation{id:null}
04-21 03:25:00.053  4749  4872 W ResourceType: For resource 0x7f1304de, entry index(1246) is beyond type entryCount(647)
04-21 03:25:00.056  2247  2247 D StatusBar: disable<e i a s b H R c s q >
04-21 03:25:00.056  2247  2247 D StatusBar: disable<e i a s b H R c s q >
04-21 03:25:00.056  2247  2247 D KeyguardViewBase: show()
04-21 03:25:00.056  1627  2170 I chatty  : uid=1000(system) NetworkPolicy expire 3 lines
04-21 03:25:00.058  2247  2247 V KeyguardSecurityView: showPrimarySecurityScreen(turningOff=false)
04-21 03:25:00.058  2247  2247 D KeyguardSecurityView: showSecurityScreen(PIN)
04-21 03:25:00.059  1627  5913 V FingerprintService: mDeamon was null, reconnect to fingerprint
04-21 03:25:00.061  1627  5913 V FingerprintService: Fingerprint HAL id: 0
04-21 03:25:00.061  1627  5913 W FingerprintService: Failed to open Fingerprint HAL!
04-21 03:25:00.061  1627  2170 D NetworkStats: Resolving plan for NetworkTemplate: matchRule=MOBILE_ALL, subscriberId=404950..., matchSubscriberIds=[404950...]
04-21 03:25:00.061  2247  2247 D StatusBar: disable<e i a s b H R c s q >
04-21 03:25:00.062  1627  2170 D NetworkStats: Found active matching subId 5
04-21 03:25:00.066  1627  2170 D NetworkStats: Resolved to plan null
04-21 03:25:00.065  2247  2247 I chatty  : uid=10036(com.android.systemui) identical 6 lines
04-21 03:25:00.069  2247  7861 I chatty  : uid=10036(com.android.systemui) Binder:2247_6 expire 3 lines
04-21 03:25:00.069  1627  3027 V FingerprintService: mDeamon was null, reconnect to fingerprint
04-21 03:25:00.072  1627  3027 V FingerprintService: Fingerprint HAL id: 0
04-21 03:25:00.072  1627  3027 W FingerprintService: Failed to open Fingerprint HAL!
04-21 03:25:00.077  1692  1692 D audio_hw_primary: adev_set_parameters: enter: screen_state=off
04-21 03:25:00.077  1692  1692 D audio_hw_extn: audio_extn_set_anc_parameters: anc_enabled:0
04-21 03:25:00.077  1692  1692 D audio_hw_spkr_prot: audio_extn_fbsp_set_parameters: Speaker protection disabled
04-21 03:25:00.078  2247  2247 I chatty  : uid=10036(com.android.systemui) expire 18 lines
04-21 03:25:00.079  1627  3027 V FingerprintService: mDeamon was null, reconnect to fingerprint
04-21 03:25:00.081  1627  3027 V FingerprintService: Fingerprint HAL id: 0
04-21 03:25:00.081  1627  3027 W FingerprintService: Failed to open Fingerprint HAL!
04-21 03:25:00.083  2227  2227 I DeviceStatusMonitor: DeviceStatusMonitor$1.onReceive():48 onReceive() : Action = android.intent.action.SCREEN_OFF
04-21 03:25:00.083  2227  2227 I InputBundle: InputBundle.consumeEvent():923 Skip consuming an event as imeStatus is 0
04-21 03:25:00.087  4749  4872 W ResourceType: For resource 0x7f1304e0, entry index(1248) is beyond type entryCount(647)
04-21 03:25:00.088  4749  4872 W ResourceType: For resource 0x7f1304e0, entry index(1248) is beyond type entryCount(647)
04-21 03:25:00.090  2382  2494 I QCNEJ/CndHalConnector: -> SND notifyScreenStateChanged(false)
04-21 03:25:00.091  2382  2494 I QCNEJ/CndHalConnector: -> SND notifyScreenStateChanged(false)
04-21 03:25:00.094  1627  5917 V FingerprintService: mDeamon was null, reconnect to fingerprint
04-21 03:25:00.097  1627  5917 V FingerprintService: Fingerprint HAL id: 0
04-21 03:25:00.097  1627  5917 W FingerprintService: Failed to open Fingerprint HAL!
04-21 03:25:00.099  1627  5318 V FingerprintService: mDeamon was null, reconnect to fingerprint
04-21 03:25:00.099  1627  5318 I chatty  : uid=1000(system) Binder:1627_10 expire 8 lines
04-21 03:25:00.102  1627  5318 V FingerprintService: Fingerprint HAL id: 0
04-21 03:25:00.102  1627  5318 W FingerprintService: Failed to open Fingerprint HAL!
04-21 03:25:00.116  1627  5913 V FingerprintService: mDeamon was null, reconnect to fingerprint
04-21 03:25:00.118  2247  2380 I chatty  : uid=10036(com.android.systemui) SysUiBg expire 4 lines
04-21 03:25:00.118  1627  5913 V FingerprintService: Fingerprint HAL id: 0
04-21 03:25:00.118  1627  5913 W FingerprintService: Failed to open Fingerprint HAL!
04-21 03:25:00.132  1627  3191 I chatty  : uid=1000(system) IzatProvider expire 7 lines
04-21 03:25:00.132   559   559 V LocSvc_HIDL_IzatSubscription: [screenStatusUpdate][575] [HS] <<<<= [HC]
04-21 03:25:00.162  2972  2972 E LibSecureUISvc: svc_sock_send_message(suisvc): invalid remote socket suitch
04-21 03:25:00.163  2972  2972 E LibSecureUISvc: svc_sock_send_message(suisvc): invalid remote socket suilst
04-21 03:25:00.674   294   294 W guitar_update: type=1400 audit(0.0:70): avc: denied { search } for name="default" dev="tmpfs" ino=206 scontext=u:r:kernel:s0 tcontext=u:object_r:storage_file:s0 tclass=dir permissive=0
04-21 03:25:01.120   803   883 D ThermalEngine: sensor_wait: case_therm Wait done.
04-21 03:25:01.121   803   883 D ThermalEngine: sensor_monitor: case_therm Reading 43000 .
04-21 03:25:01.121   803   883 I ThermalEngine: Sensor:case_therm:43000 mC
04-21 03:25:01.122   803   883 D ThermalEngine: update_active_thresh: case_therm Active(1), Hi(1) 45000, Lo(1) 38000, desc(0) Interval(1) 10000
04-21 03:25:01.122   803   883 D ThermalEngine: sensor_monitor: case_therm Sensor wait.
04-21 03:25:01.122   803   883 D ThermalEngine: sensor_wait: case_therm Wait start. 10000ms
04-21 03:25:01.128  2247  2247 I chatty  : uid=10036(com.android.systemui) expire 7 lines
04-21 03:25:01.275  1627  5913 I ActivityManager: Killing 7177:android.process.media/u0a13 (adj 906): empty #17
04-21 03:25:01.661  1627  4473 I chatty  : uid=1000(system) Binder:1627_D expire 1 line
04-21 03:25:01.714  7619  7983 W ConnectionTracker: Exception thrown while unbinding
04-21 03:25:01.714  7619  7983 W ConnectionTracker: java.lang.IllegalArgumentException: Service not registered: com.google.android.gms.measurement.internal.is@3788571
04-21 03:25:01.714  7619  7983 W ConnectionTracker: 	at android.app.LoadedApk.forgetServiceDispatcher(LoadedApk.java:1484)
04-21 03:25:01.714  7619  7983 W ConnectionTracker: 	at android.app.ContextImpl.unbindService(ContextImpl.java:1638)
04-21 03:25:01.714  7619  7983 W ConnectionTracker: 	at android.content.ContextWrapper.unbindService(ContextWrapper.java:703)
04-21 03:25:01.714  7619  7983 W ConnectionTracker: 	at com.google.android.gms.common.stats.b.c(SourceFile:33)
04-21 03:25:01.714  7619  7983 W ConnectionTracker: 	at com.google.android.gms.common.stats.b.a(SourceFile:27)
04-21 03:25:01.714  7619  7983 W ConnectionTracker: 	at com.google.android.gms.measurement.internal.it.j(SourceFile:48)
04-21 03:25:01.714  7619  7983 W ConnectionTracker: 	at com.google.android.gms.measurement.internal.ie.a(SourceFile:6)
04-21 03:25:01.714  7619  7983 W ConnectionTracker: 	at com.google.android.gms.measurement.internal.af.run(SourceFile:5)
04-21 03:25:01.714  7619  7983 W ConnectionTracker: 	at java.util.concurrent.Executors$RunnableAdapter.call(Executors.java:457)
04-21 03:25:01.714  7619  7983 W ConnectionTracker: 	at java.util.concurrent.FutureTask.run(FutureTask.java:266)
04-21 03:25:01.714  7619  7983 W ConnectionTracker: 	at com.google.android.gms.measurement.internal.fn.run(SourceFile:38)
04-21 03:25:01.719  8016  8031 I zygote  : Waiting for a blocking GC ProfileSaver
04-21 03:25:01.746  8016  8031 I zygote  : WaitForGcToComplete blocked ProfileSaver on HeapTrim for 27.273ms
04-21 03:25:01.883  7985  7985 D MusicLifecycle: com.google.android.music.autocache.AutoCacheSchedulingService$EnablingReceiver generated event: Broadcast received with context android.app.ReceiverRestrictedContext@9b506a5 and intent Intent { act=com.google.android.music.START_DOWNLOAD_SCHEDULING flg=0x10 cmp=com.google.android.music/.autocache.AutoCacheSchedulingService$EnablingReceiver }
04-21 03:25:01.892  7985  7985 D MusicLifecycle: com.google.android.music.autocache.AutoCacheSchedulingService generated event: Service created
04-21 03:25:01.893  7985  7985 D MusicLifecycle: com.google.android.music.autocache.AutoCacheSchedulingService generated event: Service started with intent Intent { act=com.google.android.music.leanback.APP_IN_USE cmp=com.google.android.music/.autocache.AutoCacheSchedulingService }
04-21 03:25:01.901  1627  1652 E NotificationService: Suppressing notification from package by user request.
04-21 03:25:01.911  7985  8162 W MusicLeanback: No wakelock held for Intent { act=com.google.android.music.leanback.APP_IN_USE cmp=com.google.android.music/.autocache.AutoCacheSchedulingService }
04-21 03:25:01.912  7985  8162 I MusicLeanback: Conditions not met for autocaching. okToAttempt=false
04-21 03:25:01.912  7985  8162 I MusicLeanback: Stop autocaching.
04-21 03:25:01.920  7985  7985 D MusicLifecycle: com.google.android.music.autocache.AutoCacheSchedulingService generated event: Service destroyed
04-21 03:25:01.970  1627  1658 I chatty  : uid=1000(system) batterystats-wo expire 5 lines
04-21 03:25:01.971  1627  1658 E BatteryExternalStatsWorker: no controller energy info supplied for wifi
04-21 03:25:01.971  1627  1658 E BatteryExternalStatsWorker: no controller energy info supplied for bluetooth
04-21 03:25:01.988  1627  5917 I ActivityManager: Start proc 8165:android.process.media/u0a13 for content provider com.android.providers.media/.MediaProvider
04-21 03:25:01.989  1627  1627 I EntropyMixer: Writing entropy...
04-21 03:25:01.990  2919  2919 I GsaVoiceInteractionSrv: O received Intent { act=android.intent.action.ACTION_POWER_CONNECTED flg=0x4000010 (has extras) }
04-21 03:25:01.990   559   559 V LocSvc_HIDL_IzatSubscription: [powerConnectStatusUpdate][598] [HS] <<<<= [HC]
04-21 03:25:01.990  1627  1673 I PowerManagerService: Waking up from dozing (uid=1000 reason=android.server.power:POWER)...
04-21 03:25:01.990  1627  1652 W BroadcastQueue: Background execution not allowed: receiving Intent { act=android.intent.action.ACTION_POWER_CONNECTED flg=0x4000010 (has extras) } to com.google.android.gms/.gcm.nts.SchedulerReceiver
04-21 03:25:01.990  1627  1652 W BroadcastQueue: Background execution not allowed: receiving Intent { act=android.intent.action.ACTION_POWER_CONNECTED flg=0x4000010 (has extras) } to com.google.android.gms/.chimera.GmsIntentOperationService$PersistentTrustedReceiver
04-21 03:25:01.990  1627  1652 W BroadcastQueue: Background execution not allowed: receiving Intent { act=android.intent.action.ACTION_POWER_CONNECTED flg=0x4000010 (has extras) } to in.amazon.mShop.android.shopping/com.amazon.clouddrive.library.device.receivers.AutoUploadReceiverProxy
04-21 03:25:01.991  2919  3287 I BrdcstRcvrMsgr: sendMessage(): received broadcast android.intent.action.ACTION_POWER_CONNECTED
04-21 03:25:02.006   552   552 I QTI PowerHAL: Got set_interactive hint
04-21 03:25:02.006   552   552 I QTI PowerHAL: Got set_interactive hint on= 1, count= 5
04-21 03:25:02.006   552   552 E QTI PowerHAL: Error opening /sys/kernel/hbtp/display_pwr: No such file or directory
04-21 03:25:02.006  1627  1673 I DisplayPowerController: Blocking screen on until initial contents have been drawn.
04-21 03:25:02.013  2247  7861 I chatty  : uid=10036(com.android.systemui) Binder:2247_6 expire 3 lines
04-21 03:25:02.014  7619  7619 I zygote64: Deoptimizing java.lang.Object com.google.common.b.mg.a(java.lang.Object, java.lang.Object[], int, int, java.lang.Object) due to JIT inline cache
04-21 03:25:02.026  1627  1627 I chatty  : uid=1000 system_server expire 3 lines
04-21 03:25:02.033  2247  2247 I chatty  : uid=10036(com.android.systemui) expire 4 lines
04-21 03:25:02.034  1627  5161 V FingerprintService: mDeamon was null, reconnect to fingerprint
04-21 03:25:02.038  7619  7619 I PublicSearchService: Creating pss binder().
04-21 03:25:02.040  1627  5161 V FingerprintService: Fingerprint HAL id: 0
04-21 03:25:02.040  1627  5161 W FingerprintService: Failed to open Fingerprint HAL!
04-21 03:25:02.042  1627  1671 I DisplayManagerService: Display device changed state: "Built-in Screen", ON
04-21 03:25:02.042   575   575 D SurfaceFlinger: Set power mode=2, type=0 flinger=0x7b3be5f000
04-21 03:25:02.043   548   730 I SDM     : DisplayBase::SetDisplayState: Set state = 1, display 0
04-21 03:25:02.065  8054  8073 I zygote64: Waiting for a blocking GC ProfileSaver
04-21 03:25:02.076  1627  1627 I ActivityManager: Start proc 8177:com.google.android.contacts/u0a109 for service com.google.android.contacts/com.google.android.libraries.internal.growth.growthkit.internal.jobs.impl.GrowthKitJobService
04-21 03:25:02.083  7619  7706 I PublicSearchService: Calling beginBinderSession().
04-21 03:25:02.087  1627  2406 I chatty  : uid=1000(system) Binder:1627_6 expire 3 lines
04-21 03:25:02.089  2247  2380 I chatty  : uid=10036(com.android.systemui) SysUiBg expire 4 lines
04-21 03:25:02.098  8054  8073 I zygote64: WaitForGcToComplete blocked ProfileSaver on HeapTrim for 33.005ms
04-21 03:25:02.101  2919  2919 E BrdcstRcvrServiceConn: binder null, could not send broadcast of action
04-21 03:25:02.105  1627  2234 I chatty  : uid=1000(system) Binder:1627_3 expire 3 lines
04-21 03:25:02.128  1692  1692 D audio_hw_primary: adev_set_parameters: enter: screen_state=on
04-21 03:25:02.128  1692  1692 D audio_hw_extn: audio_extn_set_anc_parameters: anc_enabled:0
04-21 03:25:02.128  1692  1692 D audio_hw_spkr_prot: audio_extn_fbsp_set_parameters: Speaker protection disabled
04-21 03:25:02.133  2227  2227 I DeviceStatusMonitor: DeviceStatusMonitor$1.onReceive():48 onReceive() : Action = android.intent.action.SCREEN_ON
04-21 03:25:02.136  2247  2380 D NetworkController.MobileSignalController(5): Change in state from: connected=true,enabled=true,level=2,inetCondition=1,iconGroup=IconGroup(DataDisabled),activityIn=false,activityOut=false,rssi=0,lastModified=04-21 03:24:19,dataSim=true,networkName=airtel,networkNameData=airtel,dataConnected=false,roaming=false,isDefault=false,isEmergency=false,airplaneMode=false,carrierNetworkChangeMode=false,userSetup=true,voiceLevel=0,dataActivity=0dataNetType=13voiceNetType=0dataRegState=0voiceRegState=0
04-21 03:25:02.136  2247  2380 D NetworkController.MobileSignalController(5): 	to: connected=true,enabled=true,level=2,inetCondition=1,iconGroup=IconGroup(DataDisabled),activityIn=false,activityOut=false,rssi=0,lastModified=04-21 03:24:19,dataSim=true,networkName=airtel,networkNameData=airtel,dataConnected=false,roaming=false,isDefault=false,isEmergency=false,airplaneMode=false,carrierNetworkChangeMode=false,userSetup=true,voiceLevel=0,dataActivity=0dataNetType=13voiceNetType=0dataRegState=0voiceRegState=0
04-21 03:25:02.140  2382  2494 I QCNEJ/CndHalConnector: -> SND notifyScreenStateChanged(true)
04-21 03:25:02.141  2382  2494 I QCNEJ/CndHalConnector: -> SND notifyScreenStateChanged(false)
04-21 03:25:02.146  2247  2380 D NetworkController.MobileSignalController(5): onDataActivity: direction=0
04-21 03:25:02.147  2247  2380 D NetworkController.MobileSignalController(5): Change in state from: connected=true,enabled=true,level=2,inetCondition=1,iconGroup=IconGroup(DataDisabled),activityIn=false,activityOut=false,rssi=0,lastModified=04-21 03:24:19,dataSim=true,networkName=airtel,networkNameData=airtel,dataConnected=false,roaming=false,isDefault=false,isEmergency=false,airplaneMode=false,carrierNetworkChangeMode=false,userSetup=true,voiceLevel=0,dataActivity=0dataNetType=13voiceNetType=0dataRegState=0voiceRegState=0
04-21 03:25:02.147  2247  2380 D NetworkController.MobileSignalController(5): 	to: connected=true,enabled=true,level=2,inetCondition=1,iconGroup=IconGroup(DataDisabled),activityIn=false,activityOut=false,rssi=0,lastModified=04-21 03:24:19,dataSim=true,networkName=airtel,networkNameData=airtel,dataConnected=false,roaming=false,isDefault=false,isEmergency=false,airplaneMode=false,carrierNetworkChangeMode=false,userSetup=true,voiceLevel=0,dataActivity=0dataNetType=13voiceNetType=0dataRegState=0voiceRegState=0
04-21 03:25:02.150  2247  2380 D NetworkController.MobileSignalController(5): onDataActivity: direction=0
04-21 03:25:02.151  3201  8196 I FSA2_SyncState: @readSyncState: # amxn@4868f64c
04-21 03:25:02.152  2247  2380 D NetworkController.MobileSignalController(5): Change in state from: connected=true,enabled=true,level=2,inetCondition=1,iconGroup=IconGroup(DataDisabled),activityIn=false,activityOut=false,rssi=0,lastModified=04-21 03:24:19,dataSim=true,networkName=airtel,networkNameData=airtel,dataConnected=false,roaming=false,isDefault=false,isEmergency=false,airplaneMode=false,carrierNetworkChangeMode=false,userSetup=true,voiceLevel=0,dataActivity=0dataNetType=13voiceNetType=0dataRegState=0voiceRegState=0
04-21 03:25:02.152  2247  2380 D NetworkController.MobileSignalController(5): 	to: connected=true,enabled=true,level=2,inetCondition=1,iconGroup=IconGroup(DataDisabled),activityIn=false,activityOut=false,rssi=0,lastModified=04-21 03:24:19,dataSim=true,networkName=airtel,networkNameData=airtel,dataConnected=false,roaming=false,isDefault=false,isEmergency=false,airplaneMode=false,carrierNetworkChangeMode=false,userSetup=true,voiceLevel=0,dataActivity=0dataNetType=13voiceNetType=0dataRegState=0voiceRegState=0
04-21 03:25:02.154  2247  2380 D NetworkController.MobileSignalController(5): onDataActivity: direction=0
04-21 03:25:02.163  2247  2380 D NetworkController.MobileSignalController(5): Change in state from: connected=true,enabled=true,level=2,inetCondition=1,iconGroup=IconGroup(DataDisabled),activityIn=false,activityOut=false,rssi=0,lastModified=04-21 03:24:19,dataSim=true,networkName=airtel,networkNameData=airtel,dataConnected=false,roaming=false,isDefault=false,isEmergency=false,airplaneMode=false,carrierNetworkChangeMode=false,userSetup=true,voiceLevel=0,dataActivity=0dataNetType=13voiceNetType=0dataRegState=0voiceRegState=0
04-21 03:25:02.163  2247  2380 D NetworkController.MobileSignalController(5): 	to: connected=true,enabled=true,level=2,inetCondition=1,iconGroup=IconGroup(DataDisabled),activityIn=false,activityOut=false,rssi=0,lastModified=04-21 03:24:19,dataSim=true,networkName=airtel,networkNameData=airtel,dataConnected=false,roaming=false,isDefault=false,isEmergency=false,airplaneMode=false,carrierNetworkChangeMode=false,userSetup=true,voiceLevel=0,dataActivity=0dataNetType=13voiceNetType=0dataRegState=0voiceRegState=0
04-21 03:25:02.165  1627  3191 V LocSvc_HIDL_Subscription_jni: [screen_status_update][501] [HC] =>> [HS]
04-21 03:25:02.165   559   559 V LocSvc_HIDL_IzatSubscription: [screenStatusUpdate][575] [HS] <<<<= [HC]
04-21 03:25:02.165  1627  3191 V LocSvc_HIDL_Subscription_jni: Exit Result 0
04-21 03:25:02.173  1627  2406 D CompatibilityInfo: mCompatibilityFlags - 0
04-21 03:25:02.173  1627  2406 D CompatibilityInfo: applicationDensity - 408
04-21 03:25:02.173  1627  2406 D CompatibilityInfo: applicationScale - 1.0
04-21 03:25:02.175  1627  2406 D CompatibilityInfo: mCompatibilityFlags - 0
04-21 03:25:02.175  1627  2406 D CompatibilityInfo: applicationDensity - 408
04-21 03:25:02.175  1627  2406 D CompatibilityInfo: applicationScale - 1.0
04-21 03:25:02.175  1627  2406 D CompatibilityInfo: mCompatibilityFlags - 0
04-21 03:25:02.176  1627  2406 D CompatibilityInfo: applicationDensity - 408
04-21 03:25:02.176  1627  2406 D CompatibilityInfo: applicationScale - 1.0
04-21 03:25:02.185  1627  2427 D CompatibilityInfo: mCompatibilityFlags - 0
04-21 03:25:02.185  1627  2427 D CompatibilityInfo: applicationDensity - 408
04-21 03:25:02.185  1627  2427 D CompatibilityInfo: applicationScale - 1.0
04-21 03:25:02.185  1627  5913 I WifiService: getWifiEnabledState uid=10037
04-21 03:25:02.199  1627  2427 D CompatibilityInfo: mCompatibilityFlags - 0
04-21 03:25:02.199  1627  2427 D CompatibilityInfo: applicationDensity - 408
04-21 03:25:02.199  1627  2427 D CompatibilityInfo: applicationScale - 1.0
04-21 03:25:02.200  2767  2767 I Fido    : [CableAuthenticatorChimeraService] Broadcast receiver triggered: android.intent.action.SCREEN_ON
04-21 03:25:02.200  2767  2767 I Fido    : [CableAuthenticatorChimeraService] Starting authentication session...
04-21 03:25:02.201  3201  8196 I FSA2_SyncState: @readSyncState: # amxn@62e08ffd
04-21 03:25:02.202   541   541 I QCamera : <HAL><INFO> getCameraInfo: 351: Camera id 0 API version 256
04-21 03:25:02.203   541   541 I QCamera : <HAL><INFO> getCamInfo: 8811: camera 0 resource cost is 100
04-21 03:25:02.204   541   541 I QCamera : <HAL><INFO> getCameraInfo: 351: Camera id 1 API version 256
04-21 03:25:02.204   541   541 I QCamera : <HAL><INFO> getCamInfo: 8811: camera 1 resource cost is 100
04-21 03:25:02.204  4773  4773 W ndroid.facelock: type=1400 audit(0.0:71): avc: denied { read } for name="u:object_r:camera_prop:s0" dev="tmpfs" ino=5414 scontext=u:r:untrusted_app:s0:c512,c768 tcontext=u:object_r:camera_prop:s0 tclass=file permissive=0
04-21 03:25:02.210  4773  4773 E libc    : Access denied finding property "camera.hal1.packagelist"
04-21 03:25:02.211   813  2632 I CameraService: CameraService::connect call (PID -1 "com.android.facelock", camera ID 1) for HAL version default and Camera API version 1
04-21 03:25:02.212  3201  8196 I FSA2_SyncState: @readSyncState: # amxn@d701d1d2
04-21 03:25:02.212   541   541 I QCamera : <HAL><INFO> getCameraInfo: 351: Camera id 1 API version 256
04-21 03:25:02.213   541   541 I QCamera : <HAL><INFO> getCamInfo: 8811: camera 1 resource cost is 100
04-21 03:25:02.214  2052  2581 D NuPlayerDriver: NuPlayerDriver(0xf1cc1150) created, clientPid(813)
04-21 03:25:02.227  2052  2581 D NuPlayerDriver: NuPlayerDriver(0xf1cc1000) created, clientPid(813)
04-21 03:25:02.228  3201  8196 I FSA2_SyncState: @readSyncState: # amxn@981c3d22
04-21 03:25:02.233  2052  2581 D NuPlayerDriver: NuPlayerDriver(0xf1cc12a0) created, clientPid(813)
04-21 03:25:02.234  2767  2767 I Fido    : [CableAuthenticatorSession] State: NOT_STARTED
04-21 03:25:02.234  2767  2767 I Fido    : [CableAuthenticatorSession] State: SCANNING_FOR_CLIENT
04-21 03:25:02.234  2767  2767 E Fido    : [CableAuthenticatorSession]   Error starting BLE scan, ending session: Bluetooth is disabled.
04-21 03:25:02.234  2767  2767 I Fido    : [CableAuthenticatorSession] State: SESSION_TERMINATED (from state SCANNING_FOR_CLIENT)
04-21 03:25:02.234  2767  2767 I Fido    : [CableAuthenticatorChimeraService] Authenticator session terminated...
04-21 03:25:02.244   813  2632 I CameraHardwareInterface: Opening camera 1
04-21 03:25:02.244   541   541 I CamDev@1.0-impl: Opening camera 1
04-21 03:25:02.244   541   541 I QCamera : <HAL><INFO> getCameraInfo: 351: Camera id 1 API version 256
04-21 03:25:02.244   541   541 I QCamera : <HAL><INFO> getCamInfo: 8811: camera 1 resource cost is 100
04-21 03:25:02.245   541   541 I QCamera : <HAL><INFO> cameraDeviceOpen: 416: Open camera id 1 API version 256
04-21 03:25:02.245   541   541 D vndksupport: Loading /vendor/lib/hw/power.qcom.so from current namespace instead of sphal namespace.
04-21 03:25:02.249   541   541 I QCamera : <HAL><INFO> openCamera: 1939: [KPI Perf]: E PROFILE_OPEN_CAMERA camera id 1
04-21 03:25:02.250   541   541 E QCamera2HWI: <ALTEK_LOG><LOG> openCamera: 1977: 0 
04-21 03:25:02.250   541   541 E QCamera : <HAL><ERROR> openCamera: 1990: +++ l_value = 0
04-21 03:25:02.251   562   615 E ANDR-PERF-MPCTL: Invalid profile no. 0, total profiles 0 only
04-21 03:25:02.251  1627  3027 I WifiService: getWifiApEnabledState uid=10040
04-21 03:25:02.251   835   835 I chatty  : uid=1006(camera) mm-qcamera-daem expire 11 lines
04-21 03:25:02.252  1627  2427 I WifiService: getWifiApEnabledState uid=10040
04-21 03:25:02.252  2767  5657 W chya    : [{0}] Failed to resolve name. status={1}
04-21 03:25:02.253  1627  3027 I WifiService: getConnectionInfo uid=10040
04-21 03:25:02.253  1627  3027 D WifiPermissionsUtil: Denied: no location permission
04-21 03:25:02.253  1627  3027 D WifiPermissionsUtil: Denied: WifiConfiguration is NULL.
04-21 03:25:02.254  1627  3027 I WifiService: getWifiEnabledState uid=10040
04-21 03:25:02.257   835  8241 I chatty  : uid=1006(camera) mm-qcamera-daem expire 6 lines
04-21 03:25:02.260   835  8244 I chatty  : uid=1006(camera) mm-qcamera-daem expire 5 lines
04-21 03:25:02.260   835  8245 I chatty  : uid=1006(camera) mm-qcamera-daem expire 6 lines
04-21 03:25:02.261   835  8246 I chatty  : uid=1006(camera) mm-qcamera-daem expire 8 lines
04-21 03:25:02.262  7282  8211 E ActivityThread: Failed to find provider info for servify.consumer.android.provider.sharedData
04-21 03:25:02.263  7282  8211 E ActivityThread: Failed to find provider info for oneplus.consumer.android.provider.sharedData
04-21 03:25:02.264   835  8249 I chatty  : uid=1006(camera) mm-qcamera-daem expire 5 lines
04-21 03:25:02.271   835  8253 I chatty  : uid=1006(camera) mm-qcamera-daem expire 5 lines
04-21 03:25:02.277  7282  8211 E ActivityThread: Failed to find provider info for nuu.consumer.android.provider.sharedData
04-21 03:25:02.278  7282  8211 E ActivityThread: Failed to find provider info for micromax.consumer.android.provider.sharedData
04-21 03:25:02.278  7282  8211 E ActivityThread: Failed to find provider info for xiaomi.consumer.android.provider.sharedData
04-21 03:25:02.279  7282  8211 E ActivityThread: Failed to find provider info for godrej.consumer.android.provider.sharedData
04-21 03:25:02.279  7282  8211 E ActivityThread: Failed to find provider info for lenovo.consumer.android.provider.sharedData
04-21 03:25:02.285  7282  8211 E ActivityThread: Failed to find provider info for servify.consumer.android.provider.sharedData
04-21 03:25:02.286  7282  8211 E ActivityThread: Failed to find provider info for oneplus.consumer.android.provider.sharedData
04-21 03:25:02.288  7282  8211 E ActivityThread: Failed to find provider info for nuu.consumer.android.provider.sharedData
