--------- beginning of system
08-02 10:30:58.643   442   442 I vold    : Vold 3.0 (the awakening) firing up
08-02 10:30:58.643   442   442 V vold    : Detected support for: ext4 vfat
08-02 10:30:58.647   442   442 I vold    : [libfs_mgr]dt_fstab: Skip disabled entry for partition vendor
08-02 10:30:58.654   442   448 D vold    : e4crypt_init_user0
08-02 10:30:58.654   442   448 D vold    : e4crypt_prepare_user_storage for volume null, user 0, serial 0, flags 1
08-02 10:30:58.654   442   448 D vold    : Preparing: /data/system/users/0
08-02 10:30:58.654   442   448 D vold    : Preparing: /data/misc/profiles/cur/0
08-02 10:30:58.654   442   448 D vold    : Preparing: /data/system_de/0
08-02 10:30:58.654   442   448 D vold    : Preparing: /data/misc_de/0
08-02 10:30:58.654   442   448 D vold    : Preparing: /data/user_de/0
08-02 10:30:58.655   442   448 D vold    : e4crypt_unlock_user_key 0 serial=0 token_present=0
08-02 10:30:58.655   442   448 E vold    : Failed to chmod /data/system_ce/0: No such file or directory
08-02 10:30:58.655   442   448 E vold    : Failed to chmod /data/misc_ce/0: No such file or directory
08-02 10:30:58.655   442   448 E vold    : Failed to chmod /data/media/0: No such file or directory
08-02 10:30:59.484   442   448 D VoldCryptCmdListener: cryptfs mountdefaultencrypted
08-02 10:30:59.484   568   568 I irsc_util: Starting irsc tool
08-02 10:30:59.514   442   585 I Cryptfs : cryptfs_check_passwd
08-02 10:30:59.518   442   585 D         : HW based disk encryption is enabled 
08-02 10:30:59.519   442   585 D Cryptfs : crypt_ftr->fs_size = 110476207
08-02 10:30:59.519   442   585 D         : HW based disk encryption is enabled 
08-02 10:30:59.519   442   585 I Cryptfs : Using scrypt with keymaster for cryptfs KDF
08-02 10:30:59.592   568   568 I irsc_util: Num of entries:292
08-02 10:30:59.593   568   568 I irsc_util: Ending irsc tool
08-02 10:30:59.734   556   556 I android.hardware.wifi@1.0-service: Wifi Hal is booting up...
08-02 10:30:59.801   630   648 I QISL    : QSEE Interrupt Service Listener Thread is started
08-02 10:30:59.804   630   648 I QISL    : QSEE Interrupt Service Listener was activated successfully
08-02 10:30:59.916   442   585 I Cryptfs : Signing safely-padded object
08-02 10:31:00.412   442   585 D         : HW based disk encryption is enabled 
08-02 10:31:00.413   442   585 E         : get_tmp_passwd: Passed argument is NULL 
08-02 10:31:00.793   442   585 E         : SUCESS::ioctl call to create encryption key for usage 4 success with ret = 0
08-02 10:31:00.796   442   585 D         : HW based disk encryption is enabled 
08-02 10:31:00.796   442   585 D         : HW based disk encryption is enabled 
08-02 10:31:00.796   442   585 I Cryptfs : target_type = req-crypt
08-02 10:31:00.796   442   585 I Cryptfs : real_blk_name = /dev/block/bootdevice/by-name/userdata, extra_params = fde_enabled ice
08-02 10:31:00.797   442   446 D vold    : Disk at 253:0 changed
08-02 10:31:00.798   442   585 D Cryptfs : Password is default - restarting filesystem
08-02 10:31:00.799   442   585 D Cryptfs : unmounting /data succeeded
08-02 10:31:00.851   442   585 I vold    : [libfs_mgr]superblock s_max_mnt_count:65535,/dev/block/dm-0
08-02 10:31:00.879   442   585 I vold    : [libfs_mgr]__mount(source=/dev/block/dm-0,target=/data,type=ext4)=0: Success
08-02 10:31:00.880   442   585 D Cryptfs : Just triggered post_fs_data
08-02 10:31:01.025   442   448 D vold    : e4crypt_init_user0
08-02 10:31:01.025   442   448 D vold    : e4crypt_prepare_user_storage for volume null, user 0, serial 0, flags 1
08-02 10:31:01.025   442   448 D vold    : Preparing: /data/system/users/0
08-02 10:31:01.026   442   448 D vold    : Preparing: /data/misc/profiles/cur/0
08-02 10:31:01.027   442   448 D vold    : Preparing: /data/system_de/0
08-02 10:31:01.029   442   448 D vold    : Preparing: /data/misc_de/0
08-02 10:31:01.031   442   448 D vold    : Preparing: /data/user_de/0
08-02 10:31:01.032   442   448 D vold    : e4crypt_unlock_user_key 0 serial=0 token_present=0
08-02 10:31:01.387   442   585 D Cryptfs : post_fs_data done
08-02 10:31:01.389   442   585 D Cryptfs : Just triggered restart_framework
08-02 10:31:01.795   815   815 I installd: installd firing up
04-21 03:24:01.307   825   825 I wificond: wificond is starting up...
04-21 03:24:01.307   825   825 I wificond: InitializeIcuOrDie...
04-21 03:24:01.327   825   825 I wificond: InitializeIcuOrDie finished...
04-21 03:24:01.665  1004  1004 I imsrcsd : Uce Service HAL  is starting up...
04-21 03:24:02.257   825   825 I wificond: wifigbk_init...
04-21 03:24:02.265   825   825 E wificond: Failed to get wiphy indices
04-21 03:24:02.927   835   835 E mm-camera: Total bytes in OTP buffer: 8192
04-21 03:24:02.927   835   835 E mm-camera: Vendor ID : 0x16, Module Code : 0x5
04-21 03:24:02.927   835   835 E mm-camera: Y/M/D : 17/9/7
04-21 03:24:02.927   835   835 E mm-camera: [WENDELL]- pdaf version num is 4
04-21 03:24:02.927   835   835 E mm-camera: Verified PDAF
04-21 03:24:02.927   835   835 E mm-camera: -------------PDAF GAIN DUMP------------
04-21 03:24:02.927   835   835 E mm-camera: OffsetX 0, OffsetY 0, RatioX 0, RatioY 0,MapWidth 17, MapHeight 13, PD_conversion_coeff[0] 535
04-21 03:24:02.927   835   835 E mm-camera: -----------Left_GainMap----------------
04-21 03:24:02.927   835   835 E mm-camera: 1272, 1024, 835, 724, 648, 594, 551, 525, 515, 525, 549, 587,642, 720, 820, 945, 1047
04-21 03:24:02.928   835   835 E mm-camera: 1144, 901, 760, 664, 584, 523, 482, 457, 446, 450, 472, 512,567, 645, 736, 851, 986
04-21 03:24:02.928   835   835 E mm-camera: 1031, 840, 720, 619, 532, 469, 426, 399, 388, 390, 408, 445,502, 582, 674, 778, 920
04-21 03:24:02.928   835   835 E mm-camera: 959, 801, 684, 572, 484, 421, 379, 351, 340, 342, 361, 395,450, 527, 619, 724, 851
04-21 03:24:02.928   835   835 E mm-camera: 907, 760, 642, 536, 450, 390, 346, 318, 303, 305, 323, 360,412, 488, 579, 687, 810
04-21 03:24:02.928   835   835 E mm-camera: 878, 736, 616, 513, 432, 369, 323, 294, 279, 281, 300, 336,389, 461, 553, 661, 782
04-21 03:24:02.928   835   835 E mm-camera: 861, 724, 602, 502, 419, 355, 312, 282, 269, 273, 294, 329,380, 452, 542, 651, 769
04-21 03:24:02.928   835   835 E mm-camera: 856, 720, 608, 506, 422, 360, 317, 289, 276, 279, 299, 335,385, 457, 549, 654, 769
04-21 03:24:02.928   835   835 E mm-camera: 873, 732, 621, 519, 437, 377, 334, 308, 297, 299, 318, 353,404, 476, 565, 667, 787
04-21 03:24:02.928   835   835 E mm-camera: 896, 744, 633, 538, 461, 405, 366, 340, 328, 331, 350, 382,435, 504, 589, 687, 805
04-21 03:24:02.928   835   835 E mm-camera: 945, 769, 657, 569, 497, 442, 404, 380, 369, 372, 390, 424,476, 546, 627, 724, 851
04-21 03:24:02.928   835   835 E mm-camera: 1039, 820, 691, 608, 540, 488, 452, 429, 417, 421, 440, 477,529, 594, 674, 782, 901
04-21 03:24:02.928   835   835 E mm-camera: 1154, 914, 748, 648, 587, 542, 508, 489, 481, 486, 504, 540,589, 654, 740, 856, 945
04-21 03:24:02.928   835   835 E mm-camera: -----------Right_GainMap----------------
04-21 03:24:02.928   835   835 E mm-camera: 959, 851, 732, 648, 587, 540, 508, 488, 484, 495, 521, 558,608, 674, 778, 939, 1144
04-21 03:24:02.928   835   835 E mm-camera: 901, 769, 664, 584, 523, 474, 440, 421, 416, 429, 457, 495,546, 616, 702, 830, 1039
04-21 03:24:02.928   835   835 E mm-camera: 830, 705, 610, 529, 466, 416, 383, 364, 362, 375, 402, 442,495, 569, 657, 760, 932
04-21 03:24:02.928   835   835 E mm-camera: 778, 661, 565, 486, 420, 370, 338, 321, 318, 332, 359, 399,457, 534, 624, 724, 867
04-21 03:24:02.928   835   835 E mm-camera: 740, 630, 536, 452, 386, 337, 305, 287, 286, 300, 328, 370,428, 508, 602, 702, 825
04-21 03:24:02.928   835   835 E mm-camera: 720, 613, 517, 432, 366, 318, 284, 266, 264, 280, 307, 350,410, 491, 587, 691, 805
04-21 03:24:02.928   835   835 E mm-camera: 713, 608, 512, 426, 359, 311, 277, 259, 256, 270, 298, 341,402, 486, 584, 687, 801
04-21 03:24:02.928   835   835 E mm-camera: 713, 610, 513, 429, 363, 315, 283, 264, 261, 276, 303, 345,406, 486, 582, 684, 796
04-21 03:24:02.928   835   835 E mm-camera: 724, 621, 529, 448, 380, 332, 300, 284, 280, 294, 318, 359,420, 498, 589, 687, 810
04-21 03:24:02.928   835   835 E mm-camera: 756, 648, 558, 477, 412, 362, 329, 311, 308, 320, 345, 384,442, 521, 613, 709, 840
04-21 03:24:02.928   835   835 E mm-camera: 801, 684, 597, 517, 453, 404, 369, 350, 346, 357, 382, 420,472, 546, 633, 732, 890
04-21 03:24:02.928   835   835 E mm-camera: 856, 732, 636, 565, 502, 453, 417, 397, 393, 404, 426, 461,512, 577, 657, 773, 965
04-21 03:24:02.928   835   835 E mm-camera: 907, 801, 694, 616, 560, 512, 476, 455, 448, 458, 482, 513,560, 621, 709, 856, 1055
04-21 03:24:02.928   835   835 E mm-camera: -----------DCC----------------
04-21 03:24:02.928   835   835 E mm-camera: MapWidth 8, MapHeight 6, Q factor 4
04-21 03:24:02.928   835   835 E mm-camera: 535, 428, 367, 348, 340, 345, 403, 498,
04-21 03:24:02.928   835   835 E mm-camera: 537, 425, 363, 346, 336, 335, 379, 466,
04-21 03:24:02.928   835   835 E mm-camera: 516, 411, 363, 353, 347, 342, 374, 448,
04-21 03:24:02.928   835   835 E mm-camera: 488, 400, 360, 352, 347, 356, 397, 479,
04-21 03:24:02.928   835   835 E mm-camera: 496, 401, 350, 340, 343, 360, 406, 510,
04-21 03:24:02.928   835   835 E mm-camera: 537, 414, 352, 339, 345, 361, 416, 565,
04-21 03:24:02.928   835   835 E mm-camera: Macro DAC 638,Infinity DAC 306, Starting DAC 306
04-21 03:24:02.928   835   835 E mm-camera: with margin: Macro DAC 804,Infinity DAC 140, Starting DAC 140
04-21 03:24:04.031   835   835 E mm-camera: Total bytes in OTP buffer: 8192
04-21 03:24:04.031   835   835 E mm-camera: Vendor ID : 0x16, Module Code : 0x5
04-21 03:24:04.031   835   835 E mm-camera: Y/M/D : 17/9/8
04-21 03:24:04.031   835   835 E mm-camera: Macro DAC 612,Infinity DAC 260, Starting DAC 260
04-21 03:24:04.031   835   835 E mm-camera: with margin: Macro DAC 788,Infinity DAC 84, Starting DAC 84
04-21 03:24:04.072  1627  1627 I SystemServer: InitBeforeStartServices
04-21 03:24:04.073  1627  1627 I SystemServer: Entered the Android system server!
04-21 03:24:04.199  1627  1627 I SystemServer: StartServices
04-21 03:24:04.199  1627  1627 I SystemServer: Reading configuration...
04-21 03:24:04.199  1627  1627 I SystemServer: ReadingSystemConfig
04-21 03:24:04.200  1627  1627 I SystemServer: StartInstaller
04-21 03:24:04.200  1627  1627 I SystemServiceManager: Starting com.android.server.pm.Installer
04-21 03:24:04.210  1627  1627 I SystemServer: DeviceIdentifiersPolicyService
04-21 03:24:04.210  1627  1627 I SystemServiceManager: Starting com.android.server.os.DeviceIdentifiersPolicyService
04-21 03:24:04.211  1627  1627 I SystemServer: StartActivityManager
04-21 03:24:04.212  1627  1627 I SystemServiceManager: Starting com.android.server.am.ActivityManagerService$Lifecycle
04-21 03:24:04.243  1627  1627 I ActivityManager: Memory class: 192
04-21 03:24:04.249  1627  1639 I SystemConfig: Non-xml file /system/etc/permissions/placeholder in /system/etc/permissions directory, ignoring
04-21 03:24:04.258  1627  1627 D BatteryStatsImpl: Reading daily items from /data/system/batterystats-daily.xml
04-21 03:24:04.286  1627  1658 E BatteryExternalStatsWorker: no controller energy info supplied for telephony
04-21 03:24:04.288  1627  1658 E KernelUidCpuFreqTimeReader: Failed to read /proc/uid_time_in_state: java.io.FileNotFoundException: /proc/uid_time_in_state (No such file or directory)
04-21 03:24:04.292  1627  1658 W KernelMemoryBandwidthStats: No kernel memory bandwidth stats available
04-21 03:24:04.384  1627  1627 I IntentFirewall: Read new rules (A:0 B:2 S:1)
04-21 03:24:04.394  1627  1627 D AppOps  : AppOpsService published
04-21 03:24:04.395  1627  1627 I SystemServer: StartPowerManager
04-21 03:24:04.395  1627  1627 I SystemServiceManager: Starting com.android.server.power.PowerManagerService
04-21 03:24:04.409  1627  1627 I SystemServer: InitPowerManagement
04-21 03:24:04.411  1627  1627 I SystemServer: StartRecoverySystemService
04-21 03:24:04.411  1627  1627 I SystemServiceManager: Starting com.android.server.RecoverySystemService
04-21 03:24:04.417  1627  1627 W RescueParty: Noticed 1 events for UID 0 in last 11 sec
04-21 03:24:04.417  1627  1627 I SystemServer: StartLightsService
04-21 03:24:04.417  1627  1627 I SystemServiceManager: Starting com.android.server.lights.LightsService
04-21 03:24:04.418  1627  1627 I SystemServer: StartDisplayManager
04-21 03:24:04.418  1627  1627 I SystemServiceManager: Starting com.android.server.display.DisplayManagerService
04-21 03:24:04.421  1627  1627 I SystemServer: WaitForDisplay
04-21 03:24:04.421  1627  1627 I SystemServiceManager: Starting phase 100
04-21 03:24:04.423  1627  1671 I DisplayManagerService: Display device added: DisplayDeviceInfo{"Built-in Screen": uniqueId="local:0", 1080 x 1920, modeId 1, defaultModeId 1, supportedModes [{id=1, width=1080, height=1920, fps=57.000004}], colorMode 0, supportedColorModes [0], HdrCapabilities android.view.Display$HdrCapabilities@1d6308, density 480, 403.411 x 403.041 dpi, appVsyncOff 1000000, presDeadline 17543859, touch INTERNAL, rotation 0, type BUILT_IN, state UNKNOWN, FLAG_DEFAULT_DISPLAY, FLAG_ROTATES_WITH_CONTENT, FLAG_SECURE, FLAG_SUPPORTS_PROTECTED_BUFFERS}
04-21 03:24:04.426  1627  1671 I DisplayManagerService: Display device changed state: "Built-in Screen", ON
04-21 03:24:04.427  1627  1627 I SystemServer: Regionalization Service
04-21 03:24:04.431  1627  1627 I SystemServer: StartPackageManagerService
04-21 03:24:04.449  1627  1627 D SELinuxMMAC: Using policy file /system/etc/selinux/plat_mac_permissions.xml
04-21 03:24:04.451  1627  1627 D SELinuxMMAC: Using policy file /vendor/etc/selinux/nonplat_mac_permissions.xml
04-21 03:24:04.452  1627  1672 W ProcessCpuTracker: Skipping unknown process pid 1667
04-21 03:24:04.717   835   835 E mm-camera: 3p8 Module ID : 0x6
04-21 03:24:04.717   835   835 E mm-camera: 3p8 Y/M/D : 1/17/9
04-21 03:24:04.717   835   835 E mm-camera: s5k3p8_fm24c64d_eeprom_format_module_info flag = 1
04-21 03:24:04.717   835   835 E mm-camera: [otp]:check MODULE_INFO data success
04-21 03:24:04.717   835   835 E mm-camera: [otp]:checksum_value = 0x3f, caculate_value = 0x3f
04-21 03:24:04.717   835   835 E mm-camera: Module Info:supply_code = 6
04-21 03:24:04.717   835   835 E mm-camera: Module Info:module_code = 5
04-21 03:24:04.717   835   835 E mm-camera: Module Info:module_version = 1
04-21 03:24:04.717   835   835 E mm-camera: Module Info:software_version = 1
04-21 03:24:04.717   835   835 E mm-camera: Module Info:Y/M/D = 17/9/17
04-21 03:24:04.717   835   835 E mm-camera: Module Info:awb_lcs_station_number = 1, pdaf_station_number = 1, af_station_number = 1, platform_id is = 2, color_temperature = 1
04-21 03:24:04.717   835   835 E mm-camera:  set  camera_name to s5k3p8 for remosaic 
04-21 03:24:04.735   835   835 E mm-camera: [otp]:check AWB data success
04-21 03:24:04.735   835   835 E mm-camera: [otp]:checksum_value = 0x11, caculate_value = 0x11
04-21 03:24:04.735   835   835 E mm-camera: AWB : r/gr = 0.403320
04-21 03:24:04.735   835   835 E mm-camera: AWB : b/gb = 0.601562
04-21 03:24:04.735   835   835 E mm-camera: AWB : gr/gb = 0.998047
04-21 03:24:04.735   835   835 E mm-camera: [otp]:check LSC data success
04-21 03:24:04.735   835   835 E mm-camera: [otp]:checksum_value = 0x7d, caculate_value = 0x7d
04-21 03:24:04.735   835   835 E mm-camera: OTP: LSC MESH R MATRIX
04-21 03:24:04.735   835   835 E mm-camera: 0.96, 1.11, 1.32, 1.51, 1.73, 1.82, 1.98, 2.02,2.07, 2.02, 1.91,1.82, 1.66, 1.52, 1.32, 1.12, 0.91
04-21 03:24:04.735   835   835 E mm-camera: 1.11, 1.32, 1.52, 1.79, 1.95, 2.10, 2.26, 2.37,2.42, 2.37, 2.26,2.10, 1.95, 1.73, 1.52, 1.26, 1.05
04-21 03:24:04.735   835   835 E mm-camera: 1.19, 1.47, 1.73, 1.95, 2.21, 2.42, 2.63, 2.73,2.79, 2.73, 2.63,2.42, 2.16, 1.95, 1.68, 1.42, 1.14
04-21 03:24:04.735   835   835 E mm-camera: 1.37, 1.58, 1.84, 2.16, 2.42, 2.68, 2.95, 3.10,3.16, 3.10, 2.95,2.68, 2.42, 2.10, 1.84, 1.58, 1.30
04-21 03:24:04.736   835   835 E mm-camera: 1.40, 1.68, 2.00, 2.31, 2.63, 2.95, 3.26, 3.47,3.57, 3.47, 3.26,2.95, 2.63, 2.26, 1.95, 1.68, 1.33
04-21 03:24:04.736   835   835 E mm-camera: 1.45, 1.73, 2.05, 2.37, 2.73, 3.10, 3.47, 3.73,3.89, 3.73, 3.47,3.10, 2.73, 2.37, 2.00, 1.73, 1.45
04-21 03:24:04.736   835   835 E mm-camera: 1.51, 1.79, 2.05, 2.42, 2.79, 3.16, 3.52, 3.84,4.00, 3.84, 3.57,3.16, 2.79, 2.42, 2.05, 1.73, 1.45
04-21 03:24:04.736   835   835 E mm-camera: 1.45, 1.73, 2.05, 2.37, 2.73, 3.10, 3.42, 3.68,3.84, 3.73, 3.47,3.10, 2.73, 2.37, 2.00, 1.73, 1.38
04-21 03:24:04.736   835   835 E mm-camera: 1.40, 1.68, 1.95, 2.26, 2.58, 2.89, 3.21, 3.42,3.52, 3.42, 3.21,2.89, 2.58, 2.26, 1.95, 1.68, 1.33
04-21 03:24:04.736   835   835 E mm-camera: 1.30, 1.58, 1.84, 2.10, 2.37, 2.63, 2.89, 3.05,3.10, 3.05, 2.89,2.63, 2.37, 2.10, 1.84, 1.58, 1.23
04-21 03:24:04.736   835   835 E mm-camera: 1.19, 1.47, 1.68, 1.89, 2.16, 2.37, 2.52, 2.68,2.73, 2.68, 2.52,2.37, 2.16, 1.89, 1.68, 1.42, 1.14
04-21 03:24:04.736   835   835 E mm-camera: 1.05, 1.26, 1.52, 1.73, 1.89, 2.05, 2.21, 2.31,2.31, 2.31, 2.21,2.05, 1.89, 1.73, 1.52, 1.26, 1.05
04-21 03:24:04.736   835   835 E mm-camera: 0.98, 1.12, 1.32, 1.52, 1.68, 1.77, 1.86, 1.96,1.96, 1.96, 1.86,1.77, 1.68, 1.45, 1.25, 1.12, 0.98
04-21 03:24:04.736   835   835 E mm-camera: OTP: LSC MESH GR MATRIX
04-21 03:24:04.736   835   835 E mm-camera: 1.07, 1.24, 1.44, 1.65, 1.82, 1.96, 2.08, 2.14,2.18, 2.14, 2.06,1.94, 1.80, 1.63, 1.43, 1.20, 1.03
04-21 03:24:04.736   835   835 E mm-camera: 1.18, 1.41, 1.67, 1.88, 2.05, 2.24, 2.39, 2.48,2.52, 2.48, 2.37,2.22, 2.03, 1.86, 1.62, 1.37, 1.14
04-21 03:24:04.736   835   835 E mm-camera: 1.30, 1.58, 1.84, 2.07, 2.31, 2.54, 2.71, 2.84,2.89, 2.84, 2.71,2.52, 2.29, 2.05, 1.80, 1.54, 1.25
04-21 03:24:04.736   835   835 E mm-camera: 1.43, 1.71, 1.96, 2.24, 2.52, 2.80, 3.04, 3.21,3.27, 3.21, 3.04,2.80, 2.50, 2.22, 1.95, 1.67, 1.38
04-21 03:24:04.736   835   835 E mm-camera: 1.54, 1.80, 2.07, 2.39, 2.71, 3.04, 3.31, 3.53,3.61, 3.53, 3.31,3.01, 2.69, 2.35, 2.05, 1.77, 1.46
04-21 03:24:04.736   835   835 E mm-camera: 1.57, 1.86, 2.16, 2.48, 2.84, 3.18, 3.50, 3.78,3.91, 3.78, 3.50,3.16, 2.80, 2.46, 2.12, 1.82, 1.53
04-21 03:24:04.736   835   835 E mm-camera: 1.59, 1.88, 2.18, 2.50, 2.86, 3.23, 3.57, 3.87,4.00, 3.89, 3.59,3.21, 2.84, 2.48, 2.14, 1.84, 1.55
04-21 03:24:04.736   835   835 E mm-camera: 1.58, 1.84, 2.14, 2.46, 2.80, 3.14, 3.46, 3.74,3.85, 3.74, 3.48,3.14, 2.78, 2.44, 2.12, 1.82, 1.53
04-21 03:24:04.736   835   835 E mm-camera: 1.52, 1.77, 2.05, 2.35, 2.67, 2.97, 3.25, 3.44,3.53, 3.46, 3.25,2.97, 2.65, 2.33, 2.03, 1.75, 1.47
04-21 03:24:04.736   835   835 E mm-camera: 1.40, 1.69, 1.95, 2.20, 2.48, 2.73, 2.95, 3.10,3.16, 3.10, 2.95,2.71, 2.46, 2.18, 1.92, 1.67, 1.35
04-21 03:24:04.736   835   835 E mm-camera: 1.27, 1.56, 1.80, 2.03, 2.24, 2.46, 2.63, 2.76,2.80, 2.76, 2.63,2.44, 2.22, 2.01, 1.77, 1.52, 1.23
04-21 03:24:04.736   835   835 E mm-camera: 1.17, 1.37, 1.62, 1.82, 2.01, 2.16, 2.31, 2.39,2.44, 2.39, 2.29,2.16, 1.99, 1.82, 1.60, 1.35, 1.15
04-21 03:24:04.736   835   835 E mm-camera: 1.05, 1.20, 1.39, 1.62, 1.75, 1.88, 2.00, 2.05,2.09, 2.05, 1.97,1.88, 1.76, 1.59, 1.38, 1.18, 1.06
04-21 03:24:04.736   835   835 E mm-camera: OTP: LSC MESH GB MATRIX
04-21 03:24:04.736   835   835 E mm-camera: 1.07, 1.24, 1.44, 1.65, 1.82, 1.96, 2.08, 2.14,2.18, 2.14, 2.06,1.94, 1.80, 1.63, 1.43, 1.20, 1.03
04-21 03:24:04.736   835   835 E mm-camera: 1.18, 1.41, 1.67, 1.88, 2.05, 2.24, 2.39, 2.48,2.52, 2.48, 2.37,2.22, 2.05, 1.86, 1.62, 1.37, 1.14
04-21 03:24:04.736   835   835 E mm-camera: 1.30, 1.58, 1.84, 2.07, 2.31, 2.54, 2.71, 2.84,2.89, 2.84, 2.71,2.52, 2.29, 2.05, 1.82, 1.54, 1.25
04-21 03:24:04.736   835   835 E mm-camera: 1.43, 1.71, 1.96, 2.24, 2.54, 2.80, 3.04, 3.21,3.27, 3.21, 3.04,2.80, 2.50, 2.22, 1.95, 1.67, 1.38
04-21 03:24:04.736   835   835 E mm-camera: 1.54, 1.80, 2.07, 2.39, 2.71, 3.04, 3.31, 3.53,3.61, 3.53, 3.31,3.01, 2.69, 2.35, 2.05, 1.77, 1.46
04-21 03:24:04.737   835   835 E mm-camera: 1.57, 1.86, 2.16, 2.48, 2.84, 3.18, 3.53, 3.78,3.89, 3.78, 3.53,3.16, 2.80, 2.46, 2.12, 1.82, 1.53
04-21 03:24:04.737   835   835 E mm-camera: 1.59, 1.88, 2.18, 2.52, 2.86, 3.23, 3.59, 3.87,4.00, 3.87, 3.57,3.21, 2.84, 2.48, 2.14, 1.84, 1.55
04-21 03:24:04.737   835   835 E mm-camera: 1.58, 1.84, 2.14, 2.46, 2.80, 3.14, 3.46, 3.74,3.85, 3.74, 3.48,3.14, 2.78, 2.44, 2.12, 1.82, 1.53
04-21 03:24:04.737   835   835 E mm-camera: 1.52, 1.77, 2.05, 2.35, 2.67, 2.97, 3.25, 3.44,3.53, 3.44, 3.25,2.97, 2.65, 2.33, 2.03, 1.75, 1.47
04-21 03:24:04.737   835   835 E mm-camera: 1.40, 1.69, 1.92, 2.20, 2.48, 2.73, 2.95, 3.10,3.16, 3.10, 2.95,2.71, 2.46, 2.18, 1.92, 1.64, 1.36
04-21 03:24:04.737   835   835 E mm-camera: 1.28, 1.54, 1.80, 2.01, 2.24, 2.46, 2.63, 2.73,2.78, 2.73, 2.63,2.44, 2.22, 2.01, 1.77, 1.52, 1.23
04-21 03:24:04.737   835   835 E mm-camera: 1.17, 1.37, 1.62, 1.82, 2.01, 2.16, 2.31, 2.39,2.41, 2.37, 2.29,2.16, 1.99, 1.82, 1.58, 1.35, 1.15
04-21 03:24:04.737   835   835 E mm-camera: 1.05, 1.20, 1.39, 1.62, 1.75, 1.88, 1.96, 2.05,2.07, 2.03, 1.97,1.88, 1.73, 1.59, 1.38, 1.18, 1.03
04-21 03:24:04.737   835   835 E mm-camera: OTP: LSC MESH B MATRIX
04-21 03:24:04.737   835   835 E mm-camera: 1.04, 1.23, 1.43, 1.64, 1.82, 1.95, 2.07, 2.13,2.17, 2.14, 2.04,1.95, 1.78, 1.60, 1.39, 1.19, 1.00
04-21 03:24:04.737   835   835 E mm-camera: 1.18, 1.41, 1.66, 1.88, 2.05, 2.23, 2.41, 2.51,2.55, 2.48, 2.37,2.23, 2.02, 1.84, 1.62, 1.38, 1.14
04-21 03:24:04.737   835   835 E mm-camera: 1.31, 1.59, 1.84, 2.05, 2.30, 2.51, 2.72, 2.86,2.90, 2.83, 2.72,2.51, 2.26, 2.02, 1.80, 1.52, 1.24
04-21 03:24:04.737   835   835 E mm-camera: 1.46, 1.70, 1.98, 2.23, 2.51, 2.79, 3.04, 3.18,3.25, 3.18, 3.01,2.79, 2.51, 2.19, 1.95, 1.66, 1.38
04-21 03:24:04.737   835   835 E mm-camera: 1.52, 1.80, 2.09, 2.41, 2.72, 3.01, 3.29, 3.54,3.61, 3.50, 3.29,3.01, 2.69, 2.37, 2.05, 1.77, 1.48
04-21 03:24:04.737   835   835 E mm-camera: 1.59, 1.88, 2.16, 2.48, 2.83, 3.18, 3.50, 3.79,3.89, 3.79, 3.50,3.15, 2.79, 2.44, 2.12, 1.84, 1.51
04-21 03:24:04.737   835   835 E mm-camera: 1.59, 1.88, 2.19, 2.51, 2.86, 3.22, 3.57, 3.86,4.00, 3.86, 3.57,3.18, 2.83, 2.48, 2.16, 1.84, 1.55
04-21 03:24:04.737   835   835 E mm-camera: 1.60, 1.84, 2.16, 2.48, 2.79, 3.15, 3.46, 3.71,3.86, 3.71, 3.46,3.11, 2.79, 2.44, 2.09, 1.80, 1.52
04-21 03:24:04.737   835   835 E mm-camera: 1.53, 1.77, 2.05, 2.37, 2.65, 2.97, 3.22, 3.43,3.54, 3.43, 3.22,2.93, 2.65, 2.34, 2.02, 1.77, 1.44
04-21 03:24:04.737   835   835 E mm-camera: 1.41, 1.70, 1.95, 2.19, 2.48, 2.72, 2.93, 3.11,3.15, 3.08, 2.93,2.72, 2.44, 2.16, 1.91, 1.66, 1.33
04-21 03:24:04.737   835   835 E mm-camera: 1.27, 1.55, 1.80, 2.02, 2.26, 2.48, 2.65, 2.76,2.79, 2.76, 2.62,2.44, 2.23, 1.98, 1.77, 1.52, 1.24
04-21 03:24:04.737   835   835 E mm-camera: 1.14, 1.38, 1.62, 1.84, 2.02, 2.16, 2.34, 2.41,2.44, 2.41, 2.30,2.16, 1.98, 1.80, 1.59, 1.34, 1.16
04-21 03:24:04.737   835   835 E mm-camera: 1.05, 1.19, 1.39, 1.60, 1.78, 1.92, 2.00, 2.07,2.11, 2.07, 2.02,1.88, 1.75, 1.57, 1.36, 1.16, 1.06
04-21 03:24:04.737   835   835 E mm-camera: x_talk_enter
04-21 03:24:04.737   835   835 E mm-camera: Mesin_x_talk_caculate_value=0x8b
04-21 03:24:04.737   835   835 E mm-camera: Mesin_x_talk_checksum_value=0x8b
04-21 03:24:04.737   835   835 E mm-camera: Mesin_x_talk checksum data success
04-21 03:24:04.737   835   835 E mm-camera: is_wbc:1,is_afc:0,is_lsc:1,is_dpc:0,is_insensor:0,is_ois:0
04-21 03:24:04.778  1627  1707 I PackageParser: Skipping target and overlay pair com.qualcomm.location.XT and null: overlay ignored due to required system property: persist.vendor.overlay.izat.optin with value: rro
04-21 03:24:04.779  1627  1627 W PackageManager: Failed to parse /vendor/overlay/OptInAppOverlay: /vendor/overlay/OptInAppOverlay/OptInAppOverlay.apk (at Binary XML file line #11): null
04-21 03:24:04.781  1627  1627 W PackageManager: Failed to parse /system/framework/oat: Missing base APK in /system/framework/oat
04-21 03:24:04.783  1627  1627 W PackageManager: Failed to parse /system/framework/arm64: Missing base APK in /system/framework/arm64
04-21 03:24:04.784  1627  1627 W PackageManager: Failed to parse /system/framework/arm: Missing base APK in /system/framework/arm
04-21 03:24:04.840  1627  1627 W PackageManager: Failed to scan /system/priv-app/Velvet: Package com.google.android.googlequicksearchbox at /system/priv-app/Velvet ignored: updated version 301079655 better than this 300850461
04-21 03:24:04.854  1627  1627 W PackageManager: Failed to scan /system/priv-app/Phonesky: Package com.android.vending at /system/priv-app/Phonesky ignored: updated version 81971200 better than this 81251500
04-21 03:24:04.878  1627  1627 W PackageManager: Failed to scan /system/priv-app/CarrierServices: Package com.google.android.ims at /system/priv-app/CarrierServices ignored: updated version 30229511 better than this 30057595
04-21 03:24:04.901  1627  1627 W PackageManager: Failed to scan /system/priv-app/GmsCore: Package com.google.android.gms at /system/priv-app/GmsCore ignored: updated version 201514021 better than this 14574019
04-21 03:24:04.912  1627  1627 W PackageManager: Failed to scan /system/app/AmazonWidgets: Package com.amazon.widgets at /system/app/AmazonWidgets ignored: updated version 158410 better than this 109210
04-21 03:24:04.915  1627  1627 W PackageManager: Failed to scan /system/app/10or-Care: Package tenor.consumer.android at /system/app/10or-Care ignored: updated version 30 better than this 14
04-21 03:24:04.922  1627  1627 W PackageManager: Failed to scan /system/app/ATVAndroidThirdPartyClientGooglePlay: Package com.amazon.avod.thirdpartyclient at /system/app/ATVAndroidThirdPartyClientGooglePlay ignored: updated version 268028447 better than this 223023841
04-21 03:24:04.938  1627  1627 W PackageManager: Failed to scan /system/app/CalendarGoogle: Package com.google.android.calendar at /system/app/CalendarGoogle ignored: updated version 2016546753 better than this 2016017541
04-21 03:24:04.944  1627  1627 W PackageManager: Failed to scan /system/app/DeskClockGoogle: Package com.google.android.deskclock at /system/app/DeskClockGoogle ignored: updated version 62101012 better than this 60001612
04-21 03:24:04.945  1627  1627 W PackageManager: Failed to scan /system/app/Chrome: Package com.android.chrome at /system/app/Chrome ignored: updated version 404411123 better than this 353811052
04-21 03:24:04.947  1627  1627 W PackageManager: Failed to scan /system/app/Duo: Package com.google.android.apps.tachyon at /system/app/Duo ignored: updated version 3008355 better than this 2743498
04-21 03:24:04.947  1627  1627 W PackageManager: Failed to scan /system/app/DigitalMusicAndroid3P: Package com.amazon.mp3 at /system/app/DigitalMusicAndroid3P ignored: updated version 516100210 better than this 307080410
04-21 03:24:04.953  1627  1627 W PackageManager: Failed to scan /system/app/Drive: Package com.google.android.apps.docs at /system/app/Drive ignored: updated version 201410345 better than this 184320440
04-21 03:24:04.959  1627  1627 W PackageManager: Failed to scan /system/app/GoogleTTS: Package com.google.android.tts at /system/app/GoogleTTS ignored: updated version 210315974 better than this 210315244
04-21 03:24:04.961  1627  1627 W PackageManager: Failed to scan /system/app/LatinImeGoogle: Package com.google.android.inputmethod.latin at /system/app/LatinImeGoogle ignored: updated version 26920726 better than this 26771214
04-21 03:24:04.962  1627  1627 W PackageManager: Failed to scan /system/app/Gmail2: Package com.google.android.gm at /system/app/Gmail2 ignored: updated version 62133988 better than this 60892711
04-21 03:24:04.962  1627  1627 W PackageManager: Failed to scan /system/app/Kindle-kfa-release: Package com.amazon.kindle at /system/app/Kindle-kfa-release ignored: updated version 1215561829 better than this 1209794616
04-21 03:24:04.962  1627  1627 W PackageManager: Failed to scan /system/app/MShopAndroidPhoneApp: Package in.amazon.mShop.android.shopping at /system/app/MShopAndroidPhoneApp ignored: updated version 1241179011 better than this 1241138010
04-21 03:24:04.969  1627  1627 W PackageManager: Failed to scan /system/app/Messages: Package com.google.android.apps.messaging at /system/app/Messages ignored: updated version 57097000 better than this 37052240
04-21 03:24:04.972  1627  1627 W PackageManager: Failed to scan /system/app/Music2: Package com.google.android.music at /system/app/Music2 ignored: updated version 84291 better than this 76201
04-21 03:24:04.975  1627  1627 W PackageManager: Failed to scan /system/app/Maps: Package com.google.android.apps.maps at /system/app/Maps ignored: updated version 1039201244 better than this 985201244
04-21 03:24:04.988  1627  1627 W PackageManager: Failed to scan /system/app/Videos: Package com.google.android.videos at /system/app/Videos ignored: updated version 41800375 better than this 40820181
04-21 03:24:04.990  1627  1627 W PackageManager: Failed to scan /system/app/Photos: Package com.google.android.apps.photos at /system/app/Photos ignored: updated version 19772945 better than this 2999179
04-21 03:24:04.993  1627  1627 W PackageManager: Failed to scan /system/app/YouTube: Package com.google.android.youtube at /system/app/YouTube ignored: updated version 1512043968 better than this 1346533400
04-21 03:24:04.994  1627  1627 W PackageManager: Failed to scan /system/app/talkback: Package com.google.android.marvin.talkback at /system/app/talkback ignored: updated version 60105837 better than this 60101321
04-21 03:24:05.008  1627  1627 I PackageManager: Finished scanning system apps. Time: 241 ms, packageCount: 138 , timePerPackage: 1 , cached: 163
04-21 03:24:05.363  1627  1627 I PackageManager: Finished scanning non-system apps. Time: 355 ms, packageCount: 75 , timePerPackage: 4 , cached: 74
04-21 03:24:05.365  1627  1627 E PackageManager: updateAllSharedLibrariesLPw failed: Package com.qualcomm.qcrilmsgtunnel requires unavailable shared library android.hidl.manager@1.0-java; failing!
04-21 03:24:05.376  1627  1627 I PackageManager: Time to scan packages: 0.609 seconds
04-21 03:24:05.377  1627  1627 W PackageManager: Privileged permission android.permission.MANAGE_USB for package com.google.android.googlequicksearchbox - not in privapp-permissions whitelist
04-21 03:24:05.378  1627  1627 W PackageManager: Privileged permission android.permission.CONTROL_INCALL_EXPERIENCE for package com.google.android.googlequicksearchbox - not in privapp-permissions whitelist
04-21 03:24:05.379  1627  1627 W PackageManager: Privileged permission android.permission.READ_PRIVILEGED_PHONE_STATE for package com.android.vending - not in privapp-permissions whitelist
04-21 03:24:05.379  1627  1627 I PackageManager: Un-granting permission android.permission.INSTALL_GRANT_RUNTIME_PERMISSIONS from package com.android.vending (protectionLevel=770 flags=0x384abec5)
04-21 03:24:05.379  1627  1627 I PackageManager: Un-granting permission android.permission.GRANT_RUNTIME_PERMISSIONS from package com.android.vending (protectionLevel=770 flags=0x384abec5)
04-21 03:24:05.379  1627  1627 I PackageManager: Un-granting permission android.permission.REVOKE_RUNTIME_PERMISSIONS from package com.android.vending (protectionLevel=770 flags=0x384abec5)
04-21 03:24:05.379  1627  1627 I PackageManager: Un-granting permission android.permission.SET_PREFERRED_APPLICATIONS from package com.android.vending (protectionLevel=514 flags=0x384abec5)
04-21 03:24:05.379  1627  1627 I PackageManager: Un-granting permission android.permission.ACCESS_INSTANT_APPS from package com.android.vending (protectionLevel=770 flags=0x384abec5)
04-21 03:24:05.379  1627  1627 W PackageManager: Privileged permission android.permission.SUBSTITUTE_NOTIFICATION_APP_NAME for package com.android.vending - not in privapp-permissions whitelist
04-21 03:24:05.379  1627  1627 W PackageManager: Privileged permission android.permission.REBOOT for package com.android.vending - not in privapp-permissions whitelist
04-21 03:24:05.379  1627  1627 W PackageManager: Privileged permission android.permission.CHANGE_OVERLAY_PACKAGES for package com.android.vending - not in privapp-permissions whitelist
04-21 03:24:05.381  1627  1627 I PackageManager: Un-granting permission android.permission.CLEAR_APP_USER_DATA from package com.google.android.packageinstaller (protectionLevel=258 flags=0x38483e45)
04-21 03:24:05.381  1627  1627 I PackageManager: Un-granting permission android.permission.GRANT_RUNTIME_PERMISSIONS from package com.google.android.packageinstaller (protectionLevel=770 flags=0x38483e45)
04-21 03:24:05.382  1627  1627 I PackageManager: Un-granting permission android.permission.REVOKE_RUNTIME_PERMISSIONS from package com.google.android.packageinstaller (protectionLevel=770 flags=0x38483e45)
04-21 03:24:05.382  1627  1627 I PackageManager: Un-granting permission android.permission.INSTALL_GRANT_RUNTIME_PERMISSIONS from package com.google.android.packageinstaller (protectionLevel=770 flags=0x38483e45)
04-21 03:24:05.382  1627  1627 I PackageManager: Un-granting permission android.permission.INTERACT_ACROSS_USERS_FULL from package com.google.android.packageinstaller (protectionLevel=258 flags=0x38483e45)
04-21 03:24:05.382  1627  1627 I PackageManager: Un-granting permission android.permission.KILL_UID from package com.google.android.packageinstaller (protectionLevel=258 flags=0x38483e45)
04-21 03:24:05.382  1627  1627 I PackageManager: Un-granting permission android.permission.MANAGE_APP_OPS_RESTRICTIONS from package com.google.android.packageinstaller (protectionLevel=258 flags=0x38483e45)
04-21 03:24:05.382  1627  1627 I PackageManager: Un-granting permission android.permission.HIDE_NON_SYSTEM_OVERLAY_WINDOWS from package com.google.android.packageinstaller (protectionLevel=258 flags=0x38483e45)
04-21 03:24:05.382  1627  1627 I PackageManager: Un-granting permission android.permission.ACCESS_INSTANT_APPS from package com.google.android.packageinstaller (protectionLevel=770 flags=0x38483e45)
04-21 03:24:05.382  1627  1627 W PackageManager: Privileged permission android.permission.MODIFY_DAY_NIGHT_MODE for package com.google.android.gms - not in privapp-permissions whitelist
04-21 03:24:05.385  1627  1627 V PackageManager: reconcileAppsData for null u0 0x3 migrateAppData=true
04-21 03:24:05.389  1627  1627 W PackageManager: Destroying /data/user/0/media due to: com.android.server.pm.PackageManagerException: Package media is unknown
04-21 03:24:05.509   835  1869 E mm-camera: is_wbc:1,is_afc:0,is_lsc:1,is_dpc:0,is_insensor:0,is_ois:0
04-21 03:24:05.646  1627  1627 V PackageManager: reconcileAppsData finished 29 packages
04-21 03:24:05.935  1627  1627 I SystemServer: StartOtaDexOptService
04-21 03:24:05.936  1627  1627 D OTADexopt: No upgrade, skipping A/B artifacts check.
04-21 03:24:05.936  1627  1627 I SystemServer: StartUserManagerService
04-21 03:24:05.936  1627  1627 I SystemServiceManager: Starting com.android.server.pm.UserManagerService$LifeCycle
04-21 03:24:05.937  1627  1627 I SystemServer: InitAttributerCache
04-21 03:24:05.937  1627  1627 I SystemServer: SetSystemProcess
04-21 03:24:05.955  1627  1627 I SystemServer: StartOverlayManagerService
04-21 03:24:05.956  1627  1627 I SystemServer: StartDropBoxManager
04-21 03:24:05.957  1627  1627 I SystemServiceManager: Starting com.android.server.DropBoxManagerService
04-21 03:24:05.960  1627  1627 I SystemServer: StartBatteryService
04-21 03:24:05.961  1627  1627 I SystemServiceManager: Starting com.android.server.BatteryService
04-21 03:24:05.968  1627  1627 I SystemServer: StartUsageService
04-21 03:24:05.971  1627  1627 I SystemServiceManager: Starting com.android.server.usage.UsageStatsService
04-21 03:24:05.971  1627  1658 E BatteryExternalStatsWorker: no controller energy info supplied for telephony
04-21 03:24:05.973  1627  1658 E KernelUidCpuFreqTimeReader: Failed to read /proc/uid_time_in_state: java.io.FileNotFoundException: /proc/uid_time_in_state (No such file or directory)
04-21 03:24:05.982  1627  1658 E KernelUidCpuFreqTimeReader: Failed to read /proc/uid_time_in_state: java.io.FileNotFoundException: /proc/uid_time_in_state (No such file or directory)
04-21 03:24:05.984  1627  1627 I SystemServer: StartWebViewUpdateService
04-21 03:24:05.986  1627  1627 I SystemServiceManager: Starting com.android.server.webkit.WebViewUpdateService
04-21 03:24:05.993  1627  1639 I SystemServer: SecondaryZygotePreload
04-21 03:24:05.993  1627  1627 I SystemServer: StartKeyAttestationApplicationIdProviderService
04-21 03:24:05.995  1627  1627 I SystemServer: StartKeyChainSystemService
04-21 03:24:05.996  1627  1627 I SystemServiceManager: Starting com.android.server.security.KeyChainSystemService
04-21 03:24:05.996  1627  1627 I SystemServer: StartSchedulingPolicyService
04-21 03:24:05.998  1627  1627 I SystemServer: StartTelecomLoaderService
04-21 03:24:06.000  1627  1627 I SystemServiceManager: Starting com.android.server.telecom.TelecomLoaderService
04-21 03:24:06.001  1627  1627 I SystemServer: StartTelephonyRegistry
04-21 03:24:06.007  1627  1627 I SystemServer: StartEntropyMixer
04-21 03:24:06.007  1627  1652 W ProcessCpuTracker: Skipping unknown process pid 2050
04-21 03:24:06.010  1627  1627 I EntropyMixer: Writing entropy...
04-21 03:24:06.014  1627  1627 I SystemServer: StartAccountManagerService
04-21 03:24:06.016  1627  1627 I SystemServiceManager: Starting com.android.server.accounts.AccountManagerService$Lifecycle
04-21 03:24:06.024  1627  1627 I SystemServer: StartContentService
04-21 03:24:06.027  1627  1627 I SystemServiceManager: Starting com.android.server.content.ContentService$Lifecycle
04-21 03:24:06.029   835  2013 E mm-camera: is_wbc:1,is_afc:0,is_lsc:1,is_dpc:0,is_insensor:0,is_ois:0
04-21 03:24:06.032  1627  1627 I SystemServer: InstallSystemProviders
04-21 03:24:06.093  1627  1627 I SystemServer: StartVibratorService
04-21 03:24:06.100  1627  1627 I SystemServer: StartConsumerIrService
04-21 03:24:06.110  1627  1627 I SystemServer: StartAlarmManagerService
04-21 03:24:06.111  1627  1627 I SystemServiceManager: Starting com.android.server.AlarmManagerService
04-21 03:24:06.123  1627  1627 I SystemServer: InitWatchdog
04-21 03:24:06.124  1627  1627 I SystemServer: StartInputManagerService
04-21 03:24:06.127  1627  1627 I InputManager: Initializing input manager, mUseDevInputEventForAudioJack=true
04-21 03:24:06.129  1627  1627 I SystemServer: StartWindowManagerService
04-21 03:24:06.197  1627  1653 V WindowManager: Broadcasting Intent for HDMI HPD :false
04-21 03:24:06.201  1627  1627 I SystemServer: StartVrManagerService
04-21 03:24:06.201  1627  1627 I SystemServiceManager: Starting com.android.server.vr.VrManagerService
04-21 03:24:06.208  1627  1627 I SystemServer: SetWindowManagerService
04-21 03:24:06.218  1627  1627 I SystemServer: StartInputManager
04-21 03:24:06.218  1627  1627 I InputManager: Starting input manager
04-21 03:24:06.220  1627  1627 I SystemServer: DisplayManagerWindowManagerAndInputReady
04-21 03:24:06.220  1627  1627 I SystemServer: StartBluetoothService
04-21 03:24:06.220  1627  1627 I SystemServiceManager: Starting com.android.server.BluetoothService
04-21 03:24:06.223  1627  1627 D BluetoothManagerService: Loading stored name and address
04-21 03:24:06.223  1627  1627 D BluetoothManagerService: Stored bluetooth Name=10.or,Address=D8:6C:02:27:F5:4D
04-21 03:24:06.223  1627  1627 D BluetoothManagerService: Bluetooth persisted state: 0
04-21 03:24:06.224  1627  1627 I SystemServer: IpConnectivityMetrics
04-21 03:24:06.224  1627  1627 I SystemServiceManager: Starting com.android.server.connectivity.IpConnectivityMetrics
04-21 03:24:06.225  1627  1627 I SystemServer: PinnerService
04-21 03:24:06.225  1627  1627 I SystemServiceManager: Starting com.android.server.PinnerService
04-21 03:24:06.227  1627  1627 I SystemServer: StartInputMethodManagerLifecycle
04-21 03:24:06.227  1627  1627 I SystemServiceManager: Starting com.android.server.InputMethodManagerService$Lifecycle
04-21 03:24:06.237  1627  1627 I SystemServer: StartAccessibilityManagerService
04-21 03:24:06.241  1627  1627 I SystemServer: MakeDisplayReady
04-21 03:24:06.243  1627  1627 I ActivityManager: Config changes=5df8 {1.0 ?mcc?mnc [en_US] ldltr sw423dp w423dp h752dp 408dpi nrml long port ?uimode ?night -touch -keyb/v/h -nav/h appBounds=Rect(0, 0 - 1080, 1920) s.2}
04-21 03:24:06.249  1627  1627 I ActivityManager: Override config changes=40007dfc {1.0 ?mcc?mnc [en_US] ldltr sw423dp w423dp h752dp 408dpi nrml long port ?uimode ?night -touch -keyb/v/h -nav/h appBounds=Rect(0, 0 - 1080, 1920) s.2} for displayId=0
04-21 03:24:06.261  1627  1627 I ActivityManager: Config changes=400 {1.0 ?mcc?mnc [en_US] ldltr sw423dp w423dp h681dp 408dpi nrml long port ?uimode ?night -touch -keyb/v/h -nav/h appBounds=Rect(0, 0 - 1080, 1798) s.3}
04-21 03:24:06.263  1627  1651 I UsageStatsService: User[0] Rollover scheduled @ 2020-04-22 00:03:21(1587494001697)
04-21 03:24:06.270  1627  1627 I ActivityManager: Override config changes=400 {1.0 ?mcc?mnc [en_US] ldltr sw423dp w423dp h681dp 408dpi nrml long port ?uimode ?night -touch -keyb/v/h -nav/h appBounds=Rect(0, 0 - 1080, 1798) s.3} for displayId=0
04-21 03:24:06.273  1627  1627 I SystemServer: StartStorageManagerService
04-21 03:24:06.273  1627  1627 I SystemServiceManager: Starting com.android.server.StorageManagerService$Lifecycle
04-21 03:24:06.275   823   945 I /system/bin/storaged: storaged: Start
04-21 03:24:06.282  1627  1627 I SystemServer: StartStorageStatsService
04-21 03:24:06.282  1627  2153 D StorageManagerService: Thinking about init, mSystemReady=false, mDaemonConnected=true
04-21 03:24:06.282  1627  1627 I SystemServiceManager: Starting com.android.server.usage.StorageStatsService$Lifecycle
04-21 03:24:06.282  1627  2153 D StorageManagerService: Thinking about reset, mSystemReady=false, mDaemonConnected=true
04-21 03:24:06.282  1627  2153 D StorageManagerService: Thinking about init, mSystemReady=false, mDaemonConnected=true
04-21 03:24:06.282  1627  2153 D StorageManagerService: Thinking about reset, mSystemReady=false, mDaemonConnected=true
04-21 03:24:06.283  1627  2153 D CryptdConnector: SND -> {1 cryptfs getfield SystemLocale}
04-21 03:24:06.292  1627  1627 I SystemServer: StartUiModeManager
04-21 03:24:06.292  1627  1627 I SystemServiceManager: Starting com.android.server.UiModeManagerService
04-21 03:24:06.295  1627  2044 I ActivityManager: Config changes=200 {1.0 ?mcc?mnc [en_US] ldltr sw423dp w423dp h681dp 408dpi nrml long port -touch -keyb/v/h -nav/h appBounds=Rect(0, 0 - 1080, 1798) s.4}
04-21 03:24:06.296  1627  1627 I SystemServer: UpdatePackagesIfNeeded
04-21 03:24:06.297  1627  1627 I SystemServer: PerformFstrimIfNeeded
04-21 03:24:06.299  1627  1627 I SystemServer: StartLockSettingsService
04-21 03:24:06.299  1627  1627 I SystemServiceManager: Starting com.android.server.locksettings.LockSettingsService$Lifecycle
04-21 03:24:06.307  1627  2157 D CryptdConnector: RCV <- {113 1 en-US}
04-21 03:24:06.307  1627  2157 D CryptdConnector: RCV <- {200 1 0}
04-21 03:24:06.308  1627  2044 I ActivityManager: Override config changes=200 {1.0 ?mcc?mnc [en_US] ldltr sw423dp w423dp h681dp 408dpi nrml long port -touch -keyb/v/h -nav/h appBounds=Rect(0, 0 - 1080, 1798) s.4} for displayId=0
04-21 03:24:06.308  1627  2153 D StorageManagerService: Got locale en-US from mount service
04-21 03:24:06.310  1627  2153 I ActivityManager: Config changes=100 {1.0 ?mcc?mnc [en_US] ldltr sw423dp w423dp h681dp 408dpi nrml long port -touch -keyb/v/h -nav/h appBounds=Rect(0, 0 - 1080, 1798) s.5}
04-21 03:24:06.313  1627  1627 I SystemServer: StartPersistentDataBlock
04-21 03:24:06.313  1627  1627 I SystemServiceManager: Starting com.android.server.PersistentDataBlockService
04-21 03:24:06.314  1627  1627 I SystemServer: StartOemLockService
04-21 03:24:06.314  1627  1627 I SystemServiceManager: Starting com.android.server.oemlock.OemLockService
04-21 03:24:06.316  1627  1627 I OemLock : OemLock HAL not present on device
04-21 03:24:06.317  1627  1627 I OemLock : Using persistent data block based lock
04-21 03:24:06.318  1627  1627 I SystemServer: StartDeviceIdleController
04-21 03:24:06.319  1627  1627 I SystemServiceManager: Starting com.android.server.DeviceIdleController
04-21 03:24:06.322  1627  2153 I ActivityManager: Override config changes=100 {1.0 ?mcc?mnc [en_US] ldltr sw423dp w423dp h681dp 408dpi nrml long port -touch -keyb/v/h -nav/h appBounds=Rect(0, 0 - 1080, 1798) s.5} for displayId=0
04-21 03:24:06.323  1627  2153 D StorageManagerService: Setting system properties to en-US from mount service
04-21 03:24:06.323  1627  1671 I ActivityManager: Config changes=100 {1.0 ?mcc?mnc [en_US] ldltr sw423dp w423dp h681dp 408dpi nrml long port -touch -keyb/v/h -nav/h appBounds=Rect(0, 0 - 1080, 1798) s.6}
04-21 03:24:06.329  1627  2153 W StorageManagerService: No primary storage mounted!
04-21 03:24:06.329  1627  2153 D VoldConnector: SND -> {1 asec list}
04-21 03:24:06.333  1627  1671 I ActivityManager: Override config changes=100 {1.0 ?mcc?mnc [en_US] ldltr sw423dp w423dp h681dp 408dpi nrml long port -touch -keyb/v/h -nav/h appBounds=Rect(0, 0 - 1080, 1798) s.6} for displayId=0
04-21 03:24:06.334  1627  2156 D VoldConnector: RCV <- {200 1 asec operation succeeded}
04-21 03:24:06.335  1627  2153 W PackageManager: Privileged permission android.permission.MANAGE_USB for package com.google.android.googlequicksearchbox - not in privapp-permissions whitelist
04-21 03:24:06.335  1627  2153 W PackageManager: Privileged permission android.permission.CONTROL_INCALL_EXPERIENCE for package com.google.android.googlequicksearchbox - not in privapp-permissions whitelist
04-21 03:24:06.336  1627  2153 W PackageManager: Privileged permission android.permission.READ_PRIVILEGED_PHONE_STATE for package com.android.vending - not in privapp-permissions whitelist
04-21 03:24:06.337  1627  2153 W PackageManager: Privileged permission android.permission.SUBSTITUTE_NOTIFICATION_APP_NAME for package com.android.vending - not in privapp-permissions whitelist
04-21 03:24:06.337  1627  2153 W PackageManager: Privileged permission android.permission.REBOOT for package com.android.vending - not in privapp-permissions whitelist
04-21 03:24:06.337  1627  2153 W PackageManager: Privileged permission android.permission.CHANGE_OVERLAY_PACKAGES for package com.android.vending - not in privapp-permissions whitelist
04-21 03:24:06.339  1627  2153 W PackageManager: Privileged permission android.permission.MODIFY_DAY_NIGHT_MODE for package com.google.android.gms - not in privapp-permissions whitelist
04-21 03:24:06.426  1627  1627 W SystemServiceManager: Service com.android.server.DeviceIdleController took 106 ms in onStart
04-21 03:24:06.426  1627  1627 I SystemServer: StartDevicePolicyManager
04-21 03:24:06.426  1627  1627 I SystemServiceManager: Starting com.android.server.devicepolicy.DevicePolicyManagerService$Lifecycle
04-21 03:24:06.426  1627  2153 W StorageManagerService: No primary storage mounted!
04-21 03:24:06.426  1627  2153 D VoldConnector: SND -> {2 asec list}
04-21 03:24:06.427  1627  2156 D VoldConnector: RCV <- {200 2 asec operation succeeded}
04-21 03:24:06.434  1627  1627 I SystemServer: StartStatusBarManagerService
04-21 03:24:06.437  1627  1627 I SystemServer: StartClipboardService
04-21 03:24:06.438  1627  1627 I SystemServiceManager: Starting com.android.server.clipboard.ClipboardService
04-21 03:24:06.440  1627  1627 I SystemServer: StartNetworkManagementService
04-21 03:24:06.444  1627  2166 I NetworkManagement: onDaemonConnected()
04-21 03:24:06.446  1627  1627 I SystemServer: StartTextServicesManager
04-21 03:24:06.446  1627  1627 I SystemServiceManager: Starting com.android.server.TextServicesManagerService$Lifecycle
04-21 03:24:06.449  1627  1627 W TextServicesManagerService: no available spell checker services found
04-21 03:24:06.450  1627  1627 I SystemServer: StartNetworkScoreService
04-21 03:24:06.452  1627  1627 I SystemServer: StartNetworkStatsService
04-21 03:24:06.458  1627  1627 I SystemServer: StartNetworkPolicyManagerService
04-21 03:24:06.465  1627  1627 I SystemServer: StartWifi
04-21 03:24:06.478  1627  1627 I SystemServiceManager: Starting com.android.server.wifi.WifiService
04-21 03:24:06.569   825   825 E wificond: Failed to get wiphy indices
04-21 03:24:06.576  1627  1627 I SystemServer: StartWifiScanning
04-21 03:24:06.577  1627  1627 I SystemServiceManager: Starting com.android.server.wifi.scanner.WifiScanningService
04-21 03:24:06.580  1627  1627 I SystemServer: StartWifiRtt
04-21 03:24:06.581  1627  1627 I SystemServiceManager: Starting com.android.server.wifi.RttService
04-21 03:24:06.583  1627  1627 I SystemServer: No Wi-Fi Aware Service (Aware support Not Present)
04-21 03:24:06.583  1627  1627 I SystemServer: StartWifiP2P
04-21 03:24:06.583  1627  1627 I SystemServiceManager: Starting com.android.server.wifi.p2p.WifiP2pService
04-21 03:24:06.584  1627  2134 I ActivityManager: Config changes=8 {1.0 ?mcc?mnc [en_US] ldltr sw423dp w423dp h681dp 408dpi nrml long port finger -keyb/v/h -nav/h appBounds=Rect(0, 0 - 1080, 1798) s.7}
04-21 03:24:06.592  1627  1627 I SystemServer: StartConnectivityService
04-21 03:24:06.594  1627  2134 I ActivityManager: Override config changes=8 {1.0 ?mcc?mnc [en_US] ldltr sw423dp w423dp h681dp 408dpi nrml long port finger -keyb/v/h -nav/h appBounds=Rect(0, 0 - 1080, 1798) s.7} for displayId=0
04-21 03:24:06.599  1627  1627 D ConnectivityService: ConnectivityService starting up
04-21 03:24:06.601  1627  1627 D ConnectivityService: wifiOnly=false
04-21 03:24:06.601  1627  1627 E ConnectivityService: Ignoring protectedNetwork 14
04-21 03:24:06.612  1627  1627 I SystemServer: StartNsdService
04-21 03:24:06.614  1627  1627 D NsdService: Network service discovery is enabled
