04-21 03:24:06.616  1627  1627 I SystemServer: StartUpdateLockService
04-21 03:24:06.618  1627  1627 I SystemServer: WaitForAsecScan
04-21 03:24:06.618  1627  1627 I SystemServer: StartNotificationManager
04-21 03:24:06.619  1627  1627 I SystemServiceManager: Starting com.android.server.notification.NotificationManagerService
04-21 03:24:06.634  1627  1627 D ConditionProviders.SCP: new ScheduleConditionProvider()
04-21 03:24:06.646  1627  1627 E RankingHelper: createDefaultChannelIfNeeded - Exception: android.content.pm.PackageManager$NameNotFoundException: balti.migratehelper
04-21 03:24:06.665  1004  1004 I imsrcsd : getAndroidPropValue : vendor.ims.modem.multisub.cap[1]
04-21 03:24:06.665  1004  1004 I imsrcsd : Uce Service HAL  detected modemVersion[1]
04-21 03:24:06.665  1004  1004 I imsrcsd : Uce Service HAL  loading lib-uceservice
04-21 03:24:06.669  1627  1627 I NotificationListeners: Read notification listener permissions from xml
04-21 03:24:06.669  1627  1627 I ConditionProviders: Read condition provider permissions from xml
04-21 03:24:06.669  1627  1627 I ConditionProviders: Read condition provider permissions from xml
04-21 03:24:06.673  1627  1627 W SystemServiceManager: Service com.android.server.notification.NotificationManagerService took 52 ms in onStart
04-21 03:24:06.681  1627  1627 I SystemServer: StartDeviceMonitor
04-21 03:24:06.681  1627  1627 I SystemServiceManager: Starting com.android.server.storage.DeviceStorageMonitorService
04-21 03:24:06.683  1627  1627 I SystemServer: StartLocationManagerService
04-21 03:24:06.686  1627  1627 I SystemServer: StartCountryDetectorService
04-21 03:24:06.687  1627  1627 I SystemServer: StartSearchManagerService
04-21 03:24:06.687  1627  1627 I SystemServiceManager: Starting com.android.server.search.SearchManagerService$Lifecycle
04-21 03:24:06.689  1627  1627 I SystemServer: StartWallpaperManagerService
04-21 03:24:06.689  1627  1627 I SystemServiceManager: Starting com.android.server.wallpaper.WallpaperManagerService$Lifecycle
04-21 03:24:06.694  1627  1627 I SystemServer: StartAudioService
04-21 03:24:06.695  1627  1627 I SystemServiceManager: Starting com.android.server.audio.AudioService$Lifecycle
04-21 03:24:06.831  1004  2196 I imsrcsd : Successful Initialization
04-21 03:24:06.831  1004  2196 I imsrcsd : Starting Service for First Time
04-21 03:24:07.194  1627  1953 I PackageManager: Deferred reconcileAppsData finished 184 packages
04-21 03:24:07.735  1627  1627 I SystemServer: StartDockObserver
04-21 03:24:07.736  1627  1627 I SystemServiceManager: Starting com.android.server.DockObserver
04-21 03:24:07.736  1627  1627 W DockObserver: This kernel does not have dock station support
04-21 03:24:07.737  1627  1627 I SystemServer: StartWiredAccessoryManager
04-21 03:24:07.738  1627  1627 W WiredAccessoryManager: This kernel does not have usb audio support
04-21 03:24:07.738  1627  1627 W WiredAccessoryManager: This kernel does not have HDMI audio support
04-21 03:24:07.739  1627  1627 W WiredAccessoryManager: This kernel does not have DP audio support
04-21 03:24:07.739  1627  1627 I SystemServer: StartMidiManager
04-21 03:24:07.739  1627  1627 I SystemServiceManager: Starting com.android.server.midi.MidiService$Lifecycle
04-21 03:24:07.741  1627  1627 I SystemServer: StartUsbService
04-21 03:24:07.741  1627  1627 I SystemServiceManager: Starting com.android.server.usb.UsbService$Lifecycle
04-21 03:24:07.751  1627  1627 E UsbPortManager: connectToProxy: usb hal service not found. Did the service fail to start?
04-21 03:24:07.751  1627  1627 E UsbPortManager: java.util.NoSuchElementException
04-21 03:24:07.751  1627  1627 E UsbPortManager: 	at android.os.HwBinder.getService(Native Method)
04-21 03:24:07.751  1627  1627 E UsbPortManager: 	at android.hardware.usb.V1_0.IUsb.getService(IUsb.java:44)
04-21 03:24:07.751  1627  1627 E UsbPortManager: 	at com.android.server.usb.UsbPortManager.connectToProxy(UsbPortManager.java:524)
04-21 03:24:07.751  1627  1627 E UsbPortManager: 	at com.android.server.usb.UsbPortManager.<init>(UsbPortManager.java:130)
04-21 03:24:07.751  1627  1627 E UsbPortManager: 	at com.android.server.usb.UsbService.<init>(UsbService.java:132)
04-21 03:24:07.751  1627  1627 E UsbPortManager: 	at com.android.server.usb.UsbService$Lifecycle.onStart(UsbService.java:68)
04-21 03:24:07.751  1627  1627 E UsbPortManager: 	at com.android.server.SystemServiceManager.startService(SystemServiceManager.java:124)
04-21 03:24:07.751  1627  1627 E UsbPortManager: 	at com.android.server.SystemServiceManager.startService(SystemServiceManager.java:111)
04-21 03:24:07.751  1627  1627 E UsbPortManager: 	at com.android.server.SystemServiceManager.startService(SystemServiceManager.java:70)
04-21 03:24:07.751  1627  1627 E UsbPortManager: 	at com.android.server.SystemServer.startOtherServices(SystemServer.java:1297)
04-21 03:24:07.751  1627  1627 E UsbPortManager: 	at com.android.server.SystemServer.run(SystemServer.java:398)
04-21 03:24:07.751  1627  1627 E UsbPortManager: 	at com.android.server.SystemServer.main(SystemServer.java:274)
04-21 03:24:07.751  1627  1627 E UsbPortManager: 	at java.lang.reflect.Method.invoke(Native Method)
04-21 03:24:07.751  1627  1627 E UsbPortManager: 	at com.android.internal.os.RuntimeInit$MethodAndArgsCaller.run(RuntimeInit.java:438)
04-21 03:24:07.751  1627  1627 E UsbPortManager: 	at com.android.internal.os.ZygoteInit.main(ZygoteInit.java:787)
04-21 03:24:07.753  1627  1627 I SystemServer: StartSerialService
04-21 03:24:07.753  1627  1627 I SystemServer: StartHardwarePropertiesManagerService
04-21 03:24:07.755  1627  1627 I SystemServer: StartTwilightService
04-21 03:24:07.755  1627  1627 I SystemServiceManager: Starting com.android.server.twilight.TwilightService
04-21 03:24:07.755  1627  1627 I SystemServer: StartNightDisplay
04-21 03:24:07.756  1627  1627 I SystemServiceManager: Starting com.android.server.display.NightDisplayService
04-21 03:24:07.756  1627  1627 I SystemServer: StartJobScheduler
04-21 03:24:07.756  1627  1627 I SystemServiceManager: Starting com.android.server.job.JobSchedulerService
04-21 03:24:07.760  1627  1627 D JobStore: Start tag: job-info
04-21 03:24:07.786  1627  1627 I JobStore: Read 204 jobs
04-21 03:24:07.794  1627  1627 D ConnectivityService: requestNetwork for uid/pid:1000/1627 NetworkRequest [ TRACK_DEFAULT id=3, [ Capabilities: INTERNET&NOT_RESTRICTED&TRUSTED&NOT_VPN] ]
04-21 03:24:07.798  1627  1627 I SystemServer: StartSoundTrigger
04-21 03:24:07.798  1627  1627 I SystemServiceManager: Starting com.android.server.soundtrigger.SoundTriggerService
04-21 03:24:07.799  1627  1627 I SystemServer: StartTrustManager
04-21 03:24:07.799  1627  1627 I SystemServiceManager: Starting com.android.server.trust.TrustManagerService
04-21 03:24:07.801  1627  1627 I SystemServer: StartBackupManager
04-21 03:24:07.801  1627  1627 I SystemServiceManager: Starting com.android.server.backup.BackupManagerService$Lifecycle
04-21 03:24:07.803  1627  1627 I SystemServer: StartAppWidgerService
04-21 03:24:07.803  1627  1627 I SystemServiceManager: Starting com.android.server.appwidget.AppWidgetService
04-21 03:24:07.814  1627  1627 I SystemServer: StartVoiceRecognitionManager
04-21 03:24:07.814  1627  1627 I SystemServiceManager: Starting com.android.server.voiceinteraction.VoiceInteractionManagerService
04-21 03:24:07.815  1627  1627 I SystemServer: StartGestureLauncher
04-21 03:24:07.815  1627  1627 I SystemServiceManager: Starting com.android.server.GestureLauncherService
04-21 03:24:07.816  1627  1627 I SystemServer: StartSensorNotification
04-21 03:24:07.816  1627  1627 I SystemServiceManager: Starting com.android.server.SensorNotificationService
04-21 03:24:07.816  1627  1627 I SystemServer: StartContextHubSystemService
04-21 03:24:07.816  1627  1627 I SystemServiceManager: Starting com.android.server.ContextHubSystemService
04-21 03:24:07.816  1627  1627 I SystemServer: StartDiskStatsService
04-21 03:24:07.818  1627  1627 I SystemServer: StartNetworkTimeUpdateService
04-21 03:24:07.820  1627  1627 I SystemServer: StartCommonTimeManagementService
04-21 03:24:07.821  1627  1627 I SystemServer: CertBlacklister
04-21 03:24:07.821  1627  1627 I SystemServer: StartEmergencyAffordanceService
04-21 03:24:07.822  1627  1627 I SystemServiceManager: Starting com.android.server.emergency.EmergencyAffordanceService
04-21 03:24:07.822  1627  1627 I SystemServer: StartDreamManager
04-21 03:24:07.822  1627  1627 I SystemServiceManager: Starting com.android.server.dreams.DreamManagerService
04-21 03:24:07.824  1627  1627 I SystemServer: AddGraphicsStatsService
04-21 03:24:07.826  1627  1627 I SystemServer: StartPrintManager
04-21 03:24:07.826  1627  1627 I SystemServiceManager: Starting com.android.server.print.PrintManagerService
04-21 03:24:07.828  1627  1627 I SystemServer: StartCompanionDeviceManager
04-21 03:24:07.829  1627  1627 I SystemServiceManager: Starting com.android.server.companion.CompanionDeviceManagerService
04-21 03:24:07.830  1627  1627 I SystemServer: StartRestrictionManager
04-21 03:24:07.830  1627  1627 I SystemServiceManager: Starting com.android.server.restrictions.RestrictionsManagerService
04-21 03:24:07.831  1627  1627 I SystemServer: StartMediaSessionService
04-21 03:24:07.831  1627  1627 I SystemServiceManager: Starting com.android.server.media.MediaSessionService
04-21 03:24:07.834  1627  1627 I SystemServer: StartMediaResourceMonitor
04-21 03:24:07.834  1627  1627 I SystemServiceManager: Starting com.android.server.media.MediaResourceMonitorService
04-21 03:24:07.834  1627  1627 I SystemServer: StartMediaRouterService
04-21 03:24:07.835  1627  1627 I SystemServer: StartFingerprintSensor
04-21 03:24:07.836  1627  1627 I SystemServiceManager: Starting com.android.server.fingerprint.FingerprintService
04-21 03:24:07.837  1627  2045 V FingerprintService: mDeamon was null, reconnect to fingerprint
04-21 03:24:07.838  1627  1627 I SystemServer: StartBackgroundDexOptService
04-21 03:24:07.839  1627  1627 I SystemServer: StartPruneInstantAppsJobService
04-21 03:24:07.839  1627  1627 I SystemServer: StartShortcutServiceLifecycle
04-21 03:24:07.839  1627  1627 I SystemServiceManager: Starting com.android.server.pm.ShortcutService$Lifecycle
04-21 03:24:07.839  1627  2045 V FingerprintService: Fingerprint HAL id: 0
04-21 03:24:07.840  1627  2045 W FingerprintService: Failed to open Fingerprint HAL!
04-21 03:24:07.843  1627  1627 I SystemServer: StartLauncherAppsService
04-21 03:24:07.843  1627  1627 I SystemServiceManager: Starting com.android.server.pm.LauncherAppsService
04-21 03:24:07.844  1627  1627 I SystemServer: StartMediaProjectionManager
04-21 03:24:07.844  1627  1627 I SystemServiceManager: Starting com.android.server.media.projection.MediaProjectionManagerService
04-21 03:24:07.848  1627  1627 I SystemServer: StartCameraServiceProxy
04-21 03:24:07.848  1627  1627 I SystemServiceManager: Starting com.android.server.camera.CameraServiceProxy
04-21 03:24:07.851  1627  1627 I SystemServer: StartJitCompilation
04-21 03:24:07.851  1627  1627 I SystemServer: StartMmsService
04-21 03:24:07.851  1627  1627 I SystemServiceManager: Starting com.android.server.MmsServiceBroker
04-21 03:24:07.852  1627  1627 I SystemServer: StartAutoFillService
04-21 03:24:07.853  1627  1627 I SystemServiceManager: Starting com.android.server.autofill.AutofillManagerService
04-21 03:24:07.853  1627  1627 I AutofillManagerService: Setting debug to false
04-21 03:24:07.855  1627  1627 I SystemServer: MakeVibratorServiceReady
04-21 03:24:07.856  1627  1627 I SystemServer: MakeLockSettingsServiceReady
04-21 03:24:07.871  1627  1627 I SyntheticPasswordManager: Device does not support weaver
04-21 03:24:07.872  1627  1627 E LockSettingsStorage: Cannot read file java.io.FileNotFoundException: /data/system/gatekeeper.password.key: open failed: ENOENT (No such file or directory)
04-21 03:24:07.872  1627  1627 E LockSettingsStorage: Cannot read file java.io.FileNotFoundException: /data/system/password.key: open failed: ENOENT (No such file or directory)
04-21 03:24:07.872  1627  1627 E LockSettingsStorage: Cannot read file java.io.FileNotFoundException: /data/system/gatekeeper.pattern.key: open failed: ENOENT (No such file or directory)
04-21 03:24:07.872  1627  1627 E LockSettingsStorage: Cannot read file java.io.FileNotFoundException: /data/system/gatekeeper.gesture.key: open failed: ENOENT (No such file or directory)
04-21 03:24:07.873  1627  1627 E LockSettingsStorage: Cannot read file java.io.FileNotFoundException: /data/system/gesture.key: open failed: ENOENT (No such file or directory)
04-21 03:24:07.873  1627  1627 I SystemServer: StartBootPhaseLockSettingsReady
04-21 03:24:07.873  1627  1627 I SystemServiceManager: Starting phase 480
04-21 03:24:07.973  1627  1627 I DevicePolicyManager: Set ro.device_owner property to false
04-21 03:24:07.973  1627  1627 W SystemServiceManager: Service com.android.server.devicepolicy.DevicePolicyManagerService$Lifecycle took 100 ms in onBootPhase
04-21 03:24:07.975  1627  1627 I SystemServer: StartBootPhaseSystemServicesReady
04-21 03:24:07.975  1627  1627 I SystemServiceManager: Starting phase 500
04-21 03:24:07.978  1627  1627 I VrManagerService: No default vr listener service found.
04-21 03:24:07.981  1627  1627 I WifiService: WifiService starting up with Wi-Fi enabled
04-21 03:24:07.989  1627  1627 D WifiService: setWifiEnabled: true pid=1627, uid=1000, package=android
04-21 03:24:07.998  1627  1627 I SystemServer: MakeWindowManagerServiceReady
04-21 03:24:08.004  1627  1627 I SystemServer: MakePowerManagerServiceReady
04-21 03:24:08.012  1627  1627 I SystemServer: MakePackageManagerServiceReady
04-21 03:24:08.014  1627  1673 W KeyguardServiceDelegate: onScreenTurningOn(): no keyguard service!
04-21 03:24:08.017  1627  1627 V UserDataPreparer: Found /data/user_de/0 with serial number 0
04-21 03:24:08.017  1627  1627 V UserDataPreparer: Found /data/user/0 with serial number 0
04-21 03:24:08.017  1627  1627 V UserDataPreparer: Found /data/system_de/0 with serial number 0
04-21 03:24:08.017  1627  1627 V UserDataPreparer: Found /data/system_ce/0 with serial number 0
04-21 03:24:08.017  1627  1627 V UserDataPreparer: Found /data/misc_ce/0 with serial number 0
04-21 03:24:08.019  1627  1627 I SystemServer: MakeDisplayManagerServiceReady
04-21 03:24:08.022  1627  1627 I ActivityManager: System now ready
04-21 03:24:08.024  1627  1627 I ActivityManager: Config changes=40000100 {0.85 ?mcc?mnc [en_US] ldltr sw423dp w423dp h681dp 408dpi nrml long port finger -keyb/v/h -nav/h appBounds=Rect(0, 0 - 1080, 1798) s.8}
04-21 03:24:08.029  1627  1627 I ActivityManager: Override config changes=40000100 {0.85 ?mcc?mnc [en_US] ldltr sw423dp w423dp h681dp 408dpi nrml long port finger -keyb/v/h -nav/h appBounds=Rect(0, 0 - 1080, 1798) s.8} for displayId=0
04-21 03:24:08.032  1627  1627 I SystemServer: Making services ready
04-21 03:24:08.032  1627  1627 I SystemServer: StartActivityManagerReadyPhase
04-21 03:24:08.032  1627  1627 I SystemServiceManager: Starting phase 550
04-21 03:24:08.033  1627  1671 I ActivityManager: Config changes=100 {0.85 ?mcc?mnc [en_US] ldltr sw423dp w423dp h681dp 408dpi nrml long port finger -keyb/v/h -nav/h appBounds=Rect(0, 0 - 1080, 1798) s.9}
04-21 03:24:08.038  1627  1671 I ActivityManager: Override config changes=100 {0.85 ?mcc?mnc [en_US] ldltr sw423dp w423dp h681dp 408dpi nrml long port finger -keyb/v/h -nav/h appBounds=Rect(0, 0 - 1080, 1798) s.9} for displayId=0
04-21 03:24:08.308  1627  1627 W SystemServiceManager: Service com.android.server.content.ContentService$Lifecycle took 267 ms in onBootPhase
04-21 03:24:08.308  1627  1627 D BluetoothManagerService: Bluetooth boot completed
04-21 03:24:08.386  1627  1627 I ActivityManager: Start proc 2227:com.google.android.inputmethod.latin/u0a74 for service com.google.android.inputmethod.latin/com.android.inputmethod.latin.LatinIME
04-21 03:24:08.388  1627  1627 W SystemServiceManager: Service com.android.server.InputMethodManagerService$Lifecycle took 80 ms in onBootPhase
04-21 03:24:08.388  1627  2153 D StorageManagerService: Thinking about init, mSystemReady=true, mDaemonConnected=true
04-21 03:24:08.388  1627  2153 D StorageManagerService: Setting up emulation state, initlocked=false
04-21 03:24:08.388  1627  2153 D CryptdConnector: SND -> {2 cryptfs unlock_user_key 0 0 ! !}
04-21 03:24:08.389   442   448 D vold    : e4crypt_unlock_user_key 0 serial=0 token_present=0
04-21 03:24:08.389  1627  1627 W TextServicesManagerService: no available spell checker services found
04-21 03:24:08.389  1627  2157 D CryptdConnector: RCV <- {200 2 Command succeeded}
04-21 03:24:08.390  1627  2153 D StorageManagerService: Thinking about reset, mSystemReady=true, mDaemonConnected=true
04-21 03:24:08.390  1627  2153 D VoldConnector: SND -> {3 volume reset}
04-21 03:24:08.390  1627  1652 I ActivityManager: Force stopping com.android.providers.media appid=10013 user=-1: vold reset
04-21 03:24:08.390  1627  2156 D VoldConnector: RCV <- {651 emulated 7}
04-21 03:24:08.390  1627  2156 D VoldConnector: RCV <- {659 emulated}
04-21 03:24:08.391  1627  2156 D VoldConnector: RCV <- {650 emulated 2 "" ""}
04-21 03:24:08.391  1627  2156 D VoldConnector: RCV <- {651 emulated 0}
04-21 03:24:08.391  1627  1669 V StorageManagerService: Found primary storage at VolumeInfo{emulated}:
04-21 03:24:08.391  1627  1669 V StorageManagerService:     type=EMULATED diskId=null partGuid=null mountFlags=0 mountUserId=-1 
04-21 03:24:08.391  1627  1669 V StorageManagerService:     state=UNMOUNTED 
04-21 03:24:08.391  1627  1669 V StorageManagerService:     fsType=null fsUuid=null fsLabel=null 
04-21 03:24:08.391  1627  1669 V StorageManagerService:     path=null internalPath=null 
04-21 03:24:08.392  1627  2156 D VoldConnector: RCV <- {200 3 Command succeeded}
04-21 03:24:08.393  1627  2194 D BluetoothManagerService: Trying to bind to profile: 1, while Bluetooth was disabled
04-21 03:24:08.393  1627  2153 D VoldConnector: SND -> {4 volume user_added 0 0}
04-21 03:24:08.393  1627  1627 D UsbAlsaManager: Adding ALSA device AlsaDevice: [card: 0, device: 37, type: 2]
04-21 03:24:08.393  1627  1627 D UsbAlsaManager: Adding ALSA device AlsaDevice: [card: 0, device: 37, type: 1]
04-21 03:24:08.393  1627  1627 D UsbAlsaManager: Adding ALSA device AlsaDevice: [card: 0, device: 36, type: 2]
04-21 03:24:08.393  1627  1627 D UsbAlsaManager: Adding ALSA device AlsaDevice: [card: 0, device: 36, type: 1]
04-21 03:24:08.393  1627  1627 D UsbAlsaManager: Adding ALSA device AlsaDevice: [card: 0, device: 35, type: 2]
04-21 03:24:08.393  1627  1627 D UsbAlsaManager: Adding ALSA device AlsaDevice: [card: 0, device: 35, type: 1]
04-21 03:24:08.393  1627  1627 D UsbAlsaManager: Adding ALSA device AlsaDevice: [card: 0, device: 34, type: 2]
04-21 03:24:08.393  1627  2156 D VoldConnector: RCV <- {200 4 Command succeeded}
04-21 03:24:08.393  1627  1627 D UsbAlsaManager: Adding ALSA device AlsaDevice: [card: 0, device: 34, type: 1]
04-21 03:24:08.393  1627  1627 D UsbAlsaManager: Adding ALSA device AlsaDevice: [card: 0, device: 26, type: 2]
04-21 03:24:08.393  1627  1627 D UsbAlsaManager: Adding ALSA device AlsaDevice: [card: 0, device: 25, type: 1]
04-21 03:24:08.393  1627  1627 D UsbAlsaManager: Adding ALSA device AlsaDevice: [card: 0, device: 23, type: 2]
04-21 03:24:08.393  1627  1627 D UsbAlsaManager: Adding ALSA device AlsaDevice: [card: 0, device: 22, type: 2]
04-21 03:24:08.393  1627  1627 D UsbAlsaManager: Adding ALSA device AlsaDevice: [card: 0, device: 21, type: 2]
04-21 03:24:08.393  1627  1627 D UsbAlsaManager: Adding ALSA device AlsaDevice: [card: 0, device: 20, type: 2]
04-21 03:24:08.393  1627  1627 D UsbAlsaManager: Adding ALSA device AlsaDevice: [card: 0, device: 19, type: 2]
04-21 03:24:08.393  1627  1627 D UsbAlsaManager: Adding ALSA device AlsaDevice: [card: 0, device: 18, type: 2]
04-21 03:24:08.393  1627  1627 D UsbAlsaManager: Adding ALSA device AlsaDevice: [card: 0, device: 18, type: 1]
04-21 03:24:08.393  1627  1627 D UsbAlsaManager: Adding ALSA device AlsaDevice: [card: 0, device: 17, type: 2]
04-21 03:24:08.393  1627  1627 D UsbAlsaManager: Adding ALSA device AlsaDevice: [card: 0, device: 17, type: 1]
04-21 03:24:08.393  1627  1627 D UsbAlsaManager: Adding ALSA device AlsaDevice: [card: 0, device: 16, type: 2]
04-21 03:24:08.394  1627  1627 D UsbAlsaManager: Adding ALSA device AlsaDevice: [card: 0, device: 16, type: 1]
04-21 03:24:08.394  1627  1627 D UsbAlsaManager: Adding ALSA device AlsaDevice: [card: 0, device: 15, type: 2]
04-21 03:24:08.394  1627  1627 D UsbAlsaManager: Adding ALSA device AlsaDevice: [card: 0, device: 15, type: 1]
04-21 03:24:08.394  1627  1627 D UsbAlsaManager: Adding ALSA device AlsaDevice: [card: 0, device: 14, type: 2]
04-21 03:24:08.394  1627  1627 D UsbAlsaManager: Adding ALSA device AlsaDevice: [card: 0, device: 14, type: 1]
04-21 03:24:08.394  1627  1627 D UsbAlsaManager: Adding ALSA device AlsaDevice: [card: 0, device: 13, type: 2]
04-21 03:24:08.394  1627  1627 D UsbAlsaManager: Adding ALSA device AlsaDevice: [card: 0, device: 13, type: 1]
04-21 03:24:08.394  1627  1627 D UsbAlsaManager: Adding ALSA device AlsaDevice: [card: 0, device: 12, type: 2]
04-21 03:24:08.394  1627  1627 D UsbAlsaManager: Adding ALSA device AlsaDevice: [card: 0, device: 12, type: 1]
04-21 03:24:08.394  1627  1627 D UsbAlsaManager: Adding ALSA device AlsaDevice: [card: 0, device: 11, type: 2]
04-21 03:24:08.394  1627  1627 D UsbAlsaManager: Adding ALSA device AlsaDevice: [card: 0, device: 10, type: 2]
04-21 03:24:08.394  1627  1627 D UsbAlsaManager: Adding ALSA device AlsaDevice: [card: 0, device: 10, type: 1]
04-21 03:24:08.394  1627  1627 D UsbAlsaManager: Adding ALSA device AlsaDevice: [card: 0, device: 8, type: 2]
04-21 03:24:08.394  1627  1627 D UsbAlsaManager: Adding ALSA device AlsaDevice: [card: 0, device: 7, type: 1]
04-21 03:24:08.394  1627  1627 D UsbAlsaManager: Adding ALSA device AlsaDevice: [card: 0, device: 6, type: 2]
04-21 03:24:08.394  1627  1627 D UsbAlsaManager: Adding ALSA device AlsaDevice: [card: 0, device: 5, type: 1]
04-21 03:24:08.394  1627  1627 D UsbAlsaManager: Adding ALSA device AlsaDevice: [card: 0, device: 4, type: 1]
04-21 03:24:08.394  1627  1627 D UsbAlsaManager: Adding ALSA device AlsaDevice: [card: 0, device: 3, type: 2]
04-21 03:24:08.394  1627  1627 D UsbAlsaManager: Adding ALSA device AlsaDevice: [card: 0, device: 3, type: 1]
04-21 03:24:08.394  1627  1627 D UsbAlsaManager: Adding ALSA device AlsaDevice: [card: 0, device: 2, type: 2]
04-21 03:24:08.394  1627  1627 D UsbAlsaManager: Adding ALSA device AlsaDevice: [card: 0, device: 2, type: 1]
04-21 03:24:08.394  1627  1627 D UsbAlsaManager: Adding ALSA device AlsaDevice: [card: 0, device: 1, type: 2]
04-21 03:24:08.394  1627  1627 D UsbAlsaManager: Adding ALSA device AlsaDevice: [card: 0, device: 1, type: 1]
04-21 03:24:08.394  1627  1627 D UsbAlsaManager: Adding ALSA device AlsaDevice: [card: 0, device: 0, type: 2]
04-21 03:24:08.394  1627  1627 D UsbAlsaManager: Adding ALSA device AlsaDevice: [card: 0, device: 0, type: 1]
04-21 03:24:08.394  1627  2153 D VoldConnector: SND -> {5 volume mount emulated 3 -1}
04-21 03:24:08.396  1627  1627 I SystemServer: StartObservingNativeCrashes
04-21 03:24:08.396   442   447 V vold    : Waiting for FUSE to spin up...
04-21 03:24:08.397  1627  1627 I SystemServer: StartSystemUI
04-21 03:24:08.397  1627  2156 D VoldConnector: RCV <- {651 emulated 1}
04-21 03:24:08.397  1627  2156 D VoldConnector: RCV <- {656 emulated /data/media}
04-21 03:24:08.397  1627  2156 D VoldConnector: RCV <- {655 emulated /storage/emulated}
04-21 03:24:08.397  1627  1639 I SystemServer: WebViewFactoryPreparation
04-21 03:24:08.407  1627  1627 I ActivityManager: Start proc 2247:com.android.systemui/u0a36 for service com.android.systemui/.SystemUIService
04-21 03:24:08.420  1627  1627 I ActivityManager: Start proc 2253:com.depth.processer/1000 for service com.depth.processer/.service.DepthProcesserService
04-21 03:24:08.420  1627  1627 I SystemServer: MakeNetworkScoreReady
04-21 03:24:08.425  1627  1627 I SystemServer: MakeNetworkManagementServiceReady
04-21 03:24:08.427  1627  1627 D NetworkManagement: enabling bandwidth control
04-21 03:24:08.446  1627  1627 I SystemServer: MakeNetworkStatsServiceReady
04-21 03:24:08.447  1627  2156 D VoldConnector: RCV <- {651 emulated 2}
04-21 03:24:08.447  1627  2156 D VoldConnector: RCV <- {200 5 Command succeeded}
04-21 03:24:08.448  1627  1658 E BatteryExternalStatsWorker: no controller energy info supplied for wifi
04-21 03:24:08.448  1627  1658 E BatteryExternalStatsWorker: no controller energy info supplied for telephony
04-21 03:24:08.487  1627  1639 W ActivityManager: Slow operation: 60ms so far, now at startProcess: returned from zygote!
04-21 03:24:08.487  1627  1639 W ActivityManager: Slow operation: 60ms so far, now at startProcess: done updating battery stats
04-21 03:24:08.487  1627  1639 W ActivityManager: Slow operation: 61ms so far, now at startProcess: building log message
04-21 03:24:08.487  1627  1639 I ActivityManager: Start proc 2280:WebViewLoader-armeabi-v7a/1037 [android.webkit.WebViewLibraryLoader$RelroFileCreator] for 
04-21 03:24:08.488  1627  1639 W ActivityManager: Slow operation: 61ms so far, now at startProcess: starting to update pids map
04-21 03:24:08.488  1627  1639 W ActivityManager: Slow operation: 61ms so far, now at startProcess: done updating pids map
04-21 03:24:08.488  1627  1639 W ActivityManager: Slow operation: 61ms so far, now at startProcess: done starting proc!
04-21 03:24:08.497   556   556 I android.hardware.wifi@1.0-service: Wifi HAL started
04-21 03:24:08.497  1627  2170 D NetworkPolicy: setRestrictBackgroundUL(): false
04-21 03:24:08.525  1627  1639 I ActivityManager: Start proc 2302:WebViewLoader-arm64-v8a/1037 [android.webkit.WebViewLibraryLoader$RelroFileCreator] for 
04-21 03:24:08.535  1627  1627 I SystemServer: MakeConnectivityServiceReady
04-21 03:24:08.562   556   556 E android.hardware.wifi@1.0-service: finit_module return: -1: Exec format error
04-21 03:24:08.562   556   556 E android.hardware.wifi@1.0-service: Failed to load WiFi driver
04-21 03:24:08.564   556   556 I android.hardware.wifi@1.0-service: Wifi HAL stopped
04-21 03:24:08.567   825   825 E wificond: Failed to get wiphy indices
04-21 03:24:08.570   556   556 I android.hardware.wifi@1.0-service: Wifi HAL started
04-21 03:24:08.584   556   556 E android.hardware.wifi@1.0-service: finit_module return: -1: Exec format error
04-21 03:24:08.584   556   556 E android.hardware.wifi@1.0-service: Failed to load WiFi driver
04-21 03:24:08.584  1627  1627 I SystemServer: MakeNetworkPolicyServiceReady
04-21 03:24:08.584   556   556 I android.hardware.wifi@1.0-service: Wifi HAL stopped
04-21 03:24:08.587   825   825 E wificond: Failed to get wiphy indices
04-21 03:24:08.589   556   556 I android.hardware.wifi@1.0-service: Wifi HAL started
04-21 03:24:08.602   556   556 E android.hardware.wifi@1.0-service: finit_module return: -1: Exec format error
04-21 03:24:08.602   556   556 E android.hardware.wifi@1.0-service: Failed to load WiFi driver
04-21 03:24:08.602   556   556 I android.hardware.wifi@1.0-service: Wifi HAL stopped
04-21 03:24:08.605   825   825 E wificond: Failed to get wiphy indices
04-21 03:24:08.780  1627  1627 I SystemServer: StartWatchdog
04-21 03:24:08.780  1627  1627 I SystemServer: PhaseThirdPartyAppsCanStart
04-21 03:24:08.780  1627  1627 I SystemServiceManager: Starting phase 600
04-21 03:24:08.794  1627  1627 V WallpaperManagerService: bindWallpaperComponentLocked: componentName=ComponentInfo{com.android.systemui/com.android.systemui.ImageWallpaper}
04-21 03:24:08.848  1627  2234 V FingerprintService: mDeamon was null, reconnect to fingerprint
04-21 03:24:08.849  1627  2234 V FingerprintService: Fingerprint HAL id: 0
04-21 03:24:08.849  1627  2234 W FingerprintService: Failed to open Fingerprint HAL!
04-21 03:24:08.869  1627  1627 W SystemServiceManager: Service com.android.server.trust.TrustManagerService took 67 ms in onBootPhase
04-21 03:24:08.870  1627  1627 D GestureLauncherService: Gesture launcher mEmergencyNumber = 112
04-21 03:24:08.876  1627  1627 I SystemServer: MakeLocationServiceReady
04-21 03:24:08.923  1627  1627 W LocationProviderProxy-network: Odd, no component found for service com.android.location.service.v3.NetworkLocationProvider
04-21 03:24:08.927  1627  1627 W GeocoderProxy: Odd, no component found for service com.android.location.service.GeocodeProvider
04-21 03:24:08.928  1627  1627 D LocationManagerService: FLP HAL not supported
04-21 03:24:08.932  1627  1627 W GeofenceProxy: Odd, no component found for service com.android.location.service.GeofenceProvider
04-21 03:24:08.933  1627  1627 D LocationManagerService: Hardware Activity-Recognition not supported.
04-21 03:24:08.934  1627  1627 W ActivityRecognitionProxy: Odd, no component found for service com.android.location.service.ActivityRecognitionProvider
04-21 03:24:08.936  1627  1652 W BroadcastQueue: Background execution not allowed: receiving Intent { act=android.location.PROVIDERS_CHANGED flg=0x10 } to com.google.android.gms/.chimera.GmsIntentOperationService$PersistentTrustedReceiver
04-21 03:24:08.937  1627  1652 W BroadcastQueue: Background execution not allowed: receiving Intent { act=android.location.MODE_CHANGED flg=0x10 } to com.google.android.gms/.chimera.GmsIntentOperationService$PersistentTrustedReceiver
04-21 03:24:08.938  1627  1627 I SystemServer: MakeCountryDetectionServiceReady
04-21 03:24:08.938  1627  1627 I SystemServer: MakeNetworkTimeUpdateReady
04-21 03:24:08.939  1627  1627 D ConnectivityService: requestNetwork for uid/pid:1000/1627 NetworkRequest [ TRACK_DEFAULT id=5, [ Capabilities: INTERNET&NOT_RESTRICTED&TRUSTED&NOT_VPN] ]
04-21 03:24:08.940  1627  1627 I SystemServer: MakeCommonTimeManagementServiceReady
04-21 03:24:08.940  1627  1627 I SystemServer: MakeInputManagerServiceReady
04-21 03:24:08.942  1627  1627 I SystemServer: MakeTelephonyRegistryReady
04-21 03:24:08.942  1627  1627 I SystemServer: MakeMediaRouterServiceReady
04-21 03:24:08.943  1627  1627 I SystemServer: MakeMmsServiceReady
04-21 03:24:08.943  1627  1627 I MmsServiceBroker: Delay connecting to MmsService until an API is called
04-21 03:24:08.943  1627  1627 I SystemServer: MakeNetworkScoreServiceReady
04-21 03:24:08.943  1627  1627 I SystemServer: IncidentDaemonReady
04-21 03:24:08.944  1627  1627 I SystemServiceManager: Calling onStartUser u0
04-21 03:24:08.959  1627  1627 I ActivityManager: Start proc 2382:.dataservices/1000 for added application .dataservices
04-21 03:24:08.974  1627  1627 I ActivityManager: Start proc 2393:com.qualcomm.qti.telephonyservice/1001 for added application com.qualcomm.qti.telephonyservice
04-21 03:24:08.988  1627  1627 I ActivityManager: Start proc 2408:com.android.phone/1001 for added application com.android.phone
04-21 03:24:08.991  1627  1627 I ActivityManager: START u0 {act=android.intent.action.MAIN cat=[android.intent.category.HOME] flg=0x10000100 cmp=com.android.settings/.FallbackHome} from uid 0
04-21 03:24:09.153  1627  1627 I ActivityManager: Loaded persisted task ids for user 0
04-21 03:24:09.169  1627  1627 I ActivityManager: Start proc 2463:com.android.settings/1000 for activity com.android.settings/.FallbackHome
04-21 03:24:09.182  1627  1627 D SystemServerInitThreadPool: Shutdown successful
04-21 03:24:09.193  1627  1653 W Looper  : Dispatch took 232ms on android.ui, h=Handler (com.android.server.am.ActivityManagerService$UiHandler) {7a909ff} cb=null msg=53
04-21 03:24:09.194  1627  1627 D ConditionProviders.SCP: onConnected
04-21 03:24:09.198  1627  1627 D ConditionProviders: Subscribing to condition://android/event?userId=-10000&calendar=&reply=1 with ComponentInfo{android/com.android.server.notification.EventConditionProvider}
04-21 03:24:09.199  1627  1627 D ConditionProviders: Subscribing to condition://android/schedule?days=1.2.3.4.5&start=22.0&end=7.0&exitAtAlarm=false with ComponentInfo{android/com.android.server.notification.ScheduleConditionProvider}
04-21 03:24:09.199  1627  1627 D ConditionProviders: Subscribing to condition://android/schedule?days=6.7&start=23.30&end=10.0&exitAtAlarm=false with ComponentInfo{android/com.android.server.notification.ScheduleConditionProvider}
04-21 03:24:09.250  1627  1638 D ConnectivityService: requestNetwork for uid/pid:1000/2382 NetworkRequest [ TRACK_DEFAULT id=8, [ Capabilities: INTERNET&NOT_RESTRICTED&TRUSTED&NOT_VPN] ]
04-21 03:24:09.349  1627  1651 W LocationProviderProxy-network: Odd, no component found for service com.android.location.service.v3.NetworkLocationProvider
04-21 03:24:09.349  1627  1651 W GeocoderProxy: Odd, no component found for service com.android.location.service.GeocodeProvider
04-21 03:24:09.349  1627  1651 W GeofenceProxy: Odd, no component found for service com.android.location.service.GeofenceProvider
04-21 03:24:09.350  1627  1651 W ActivityRecognitionProxy: Odd, no component found for service com.android.location.service.ActivityRecognitionProvider
04-21 03:24:09.408  1627  1627 D BluetoothManagerService: Trying to bind to profile: 1, while Bluetooth was disabled
04-21 03:24:09.410  1627  2536 I Telecom : BluetoothRouteManager: getBluetoothAudioConnectedDevice: no headset service available.
04-21 03:24:09.413  1627  1627 I Telecom : SystemStateProvider: Registering car mode receiver: android.content.IntentFilter@2d887fe: TS.init@AAA
04-21 03:24:09.418  1627  2541 I Telecom : Logging.Events: Non-call EVENT: AUDIO_ROUTE, Entering state QuiescentEarpieceRoute
04-21 03:24:09.425  1627  2542 I Telecom : CallAudioModeStateMachine: Message received: null.: TS.init->CAMSM.pM_1@AAA
04-21 03:24:09.429  1627  1627 I Telecom : MissedCallNotifierImpl: Boot not yet complete -- call log db may not be available. Deferring loading until boot complete.: TS.init@AAA
04-21 03:24:09.436  1627  1627 I Telecom : Class: TelecomSystem.INSTANCE being set
04-21 03:24:09.437  1627  1627 W ContextImpl: Calling a method in the system process without a qualified user: android.app.ContextImpl.startService:1476 android.content.ContextWrapper.startService:650 com.android.server.telecom.components.TelecomService.initializeTelecomSystem:180 com.android.server.telecom.components.TelecomService.onBind:64 android.app.ActivityThread.handleBindService:3369 
04-21 03:24:09.440  1627  1627 W ContextImpl: Calling a method in the system process without a qualified user: android.app.ContextImpl.startService:1476 com.android.server.content.SyncManager$13.run:722 android.os.Handler.handleCallback:790 android.os.Handler.dispatchMessage:99 android.os.Looper.loop:164 
04-21 03:24:09.473  1627  1627 V WiredAccessoryManager: notifyWiredAccessoryChanged: when=0 bits= mask=54
04-21 03:24:09.473  1627  1627 V WiredAccessoryManager: newName=h2w newState=0 headsetState=0 prev headsetState=0
04-21 03:24:09.473  1627  1627 V WiredAccessoryManager: init()
04-21 03:24:09.496  1627  1652 W KeyguardServiceDelegate: onScreenTurningOn(): no keyguard service!
04-21 03:24:09.568  1627  2234 I ActivityManager: Start proc 2589:com.qualcomm.qcrilmsgtunnel/1001 for service com.qualcomm.qcrilmsgtunnel/.QcrilMsgTunnelService
04-21 03:24:09.572  1627  2235 I StatusBarManagerService: registerStatusBar bar=com.android.internal.statusbar.IStatusBar$Stub$Proxy@219f830
04-21 03:24:09.572  1627  1627 D AccessibilityManagerService: Ignoring non-encryption-aware service ComponentInfo{ch.deletescape.lawnchair.plah/ch.deletescape.lawnchair.LawnchairAccessibilityService}
04-21 03:24:09.572  1627  1627 D AccessibilityManagerService: Ignoring non-encryption-aware service ComponentInfo{com.franco.kernel/a.cc}
04-21 03:24:09.572  1627  1627 D AccessibilityManagerService: Ignoring non-encryption-aware service ComponentInfo{eu.thedarken.sdm/eu.thedarken.sdm.accessibility.core.ACCService}
04-21 03:24:09.573  1627  1627 V NotificationListeners: enabling notification listener for 0: ComponentInfo{com.android.launcher3/com.android.launcher3.notification.NotificationListener}
04-21 03:24:09.574  1627  1627 V NotificationListeners: binding: Intent { act=android.service.notification.NotificationListenerService cmp=com.android.launcher3/.notification.NotificationListener (has extras) }
04-21 03:24:09.574  1627  1627 W ActivityManager: Unable to start service Intent { act=android.service.notification.NotificationListenerService cmp=com.android.launcher3/.notification.NotificationListener } U=0: not found
04-21 03:24:09.574  1627  1627 W NotificationListeners: Unable to bind notification listener service: Intent { act=android.service.notification.NotificationListenerService cmp=com.android.launcher3/.notification.NotificationListener (has extras) }
04-21 03:24:09.574  1627  1627 V NotificationListeners: enabling notification listener for 0: ComponentInfo{ch.deletescape.lawnchair.plah/com.android.launcher3.notification.NotificationListener}
04-21 03:24:09.574  1627  1627 V NotificationListeners: binding: Intent { act=android.service.notification.NotificationListenerService cmp=ch.deletescape.lawnchair.plah/com.android.launcher3.notification.NotificationListener (has extras) }
04-21 03:24:09.575  1627  1627 W ActivityManager: Unable to start service Intent { act=android.service.notification.NotificationListenerService cmp=ch.deletescape.lawnchair.plah/com.android.launcher3.notification.NotificationListener } U=0: not found
04-21 03:24:09.575  1627  1627 W NotificationListeners: Unable to bind notification listener service: Intent { act=android.service.notification.NotificationListenerService cmp=ch.deletescape.lawnchair.plah/com.android.launcher3.notification.NotificationListener (has extras) }
04-21 03:24:09.608  1627  1627 W BroadcastQueue: Background execution not allowed: receiving Intent { act=android.intent.action.ACTION_POWER_DISCONNECTED flg=0x4000010 (has extras) } to com.google.android.gms/.chimera.GmsIntentOperationService$PersistentTrustedReceiver
04-21 03:24:09.609  1627  1627 D ConditionProviders.SCP: onSubscribe condition://android/schedule?days=1.2.3.4.5&start=22.0&end=7.0&exitAtAlarm=false
04-21 03:24:09.609  1627  1627 D ConditionProviders.SCP: setRegistered true
04-21 03:24:09.610  1627  1627 D ConditionProviders.SCP: notifyCondition condition://android/schedule?days=1.2.3.4.5&start=22.0&end=7.0&exitAtAlarm=false STATE_TRUE reason=meetsSchedule
04-21 03:24:09.612  1627  2189 E ActivityThread: Failed to find provider info for com.android.calendar
04-21 03:24:09.612  1627  2189 E ActivityThread: Failed to find provider info for com.android.calendar
04-21 03:24:09.621  1627  1627 D ConditionProviders.SCP: Scheduling evaluate for Tue Apr 21 07:00:00 GMT+05:30 2020 (1587432600000), in +3h35m50s391ms, now=Tue Apr 21 03:24:09 GMT+05:30 2020 (1587419649609)
04-21 03:24:09.621  1627  1627 D ConditionProviders.SCP: onSubscribe condition://android/schedule?days=6.7&start=23.30&end=10.0&exitAtAlarm=false
04-21 03:24:09.621  1627  1627 D ConditionProviders.SCP: notifyCondition condition://android/schedule?days=6.7&start=23.30&end=10.0&exitAtAlarm=false STATE_FALSE reason=!meetsSchedule
04-21 03:24:09.621  1627  1627 D ConditionProviders.SCP: notifyCondition condition://android/schedule?days=1.2.3.4.5&start=22.0&end=7.0&exitAtAlarm=false STATE_TRUE reason=meetsSchedule
04-21 03:24:09.622  1627  1627 D ConditionProviders.SCP: Scheduling evaluate for Tue Apr 21 07:00:00 GMT+05:30 2020 (1587432600000), in +3h35m50s379ms, now=Tue Apr 21 03:24:09 GMT+05:30 2020 (1587419649621)
04-21 03:24:09.643  1627  1627 I Telecom : WiredHeadsetManager: ACTION_HEADSET_PLUG event, plugged in: false, : WHC.oADA@AAE
04-21 03:24:09.651  1627  1651 I SyncManager: Got SyncJobService instance.
04-21 03:24:09.652  1627  1627 I AutofillManagerService: Updating Autofill for user 0: disabled=false
04-21 03:24:09.791  2408  2408 I SystemConfig: Non-xml file /system/etc/permissions/placeholder in /system/etc/permissions directory, ignoring
04-21 03:24:09.824  1627  2183 D ConnectivityService: Got NetworkFactory Messenger for PhoneSwitcherNetworkRequstListener
04-21 03:24:09.841  1627  2183 D ConnectivityService: Got NetworkFactory Messenger for TelephonyNetworkFactory[0]
04-21 03:24:09.841  1627  2183 D ConnectivityService: Got NetworkFactory Messenger for TelephonyNetworkFactory[1]
04-21 03:24:09.854  2408  2691 E ActivityThread: Failed to find provider info for com.android.contacts
04-21 03:24:09.866  1627  1637 D BluetoothManagerService: Trying to bind to profile: 1, while Bluetooth was disabled
04-21 03:24:09.873  2408  2408 I TelecomFramework: TtyManager: updateUiTtyMode -1 -> 0
04-21 03:24:09.875  2408  2408 I TelecomFramework: TtyManager: updateUiTtyMode -1 -> 0
04-21 03:24:09.914  2247  2247 I StatusBar: isKeyguardShowing() called before startKeyguard(), returning true
04-21 03:24:09.914  2247  2247 W StatusBar: isKeyguardSecure() called before startKeyguard(), returning false
04-21 03:24:09.914  2247  2247 W StatusBar: java.lang.Throwable
04-21 03:24:09.914  2247  2247 W StatusBar: 	at com.android.systemui.statusbar.phone.StatusBar.isKeyguardSecure(StatusBar.java:7551)
04-21 03:24:09.914  2247  2247 W StatusBar: 	at com.android.systemui.statusbar.phone.StatusBar.isCameraAllowedByAdmin(StatusBar.java:5436)
04-21 03:24:09.914  2247  2247 W StatusBar: 	at com.android.systemui.statusbar.phone.KeyguardBottomAreaView$DefaultRightButton.getIcon(KeyguardBottomAreaView.java:861)
04-21 03:24:09.914  2247  2247 W StatusBar: 	at com.android.systemui.statusbar.phone.KeyguardBottomAreaView.updateCameraVisibility(KeyguardBottomAreaView.java:387)
04-21 03:24:09.914  2247  2247 W StatusBar: 	at com.android.systemui.statusbar.phone.KeyguardBottomAreaView.setStatusBar(KeyguardBottomAreaView.java:356)
04-21 03:24:09.914  2247  2247 W StatusBar: 	at com.android.systemui.statusbar.phone.NotificationPanelView.setStatusBar(NotificationPanelView.java:252)
04-21 03:24:09.914  2247  2247 W StatusBar: 	at com.android.systemui.statusbar.phone.StatusBar.makeStatusBarView(StatusBar.java:1019)
04-21 03:24:09.914  2247  2247 W StatusBar: 	at com.android.systemui.statusbar.phone.StatusBar.addStatusBarWindow(StatusBar.java:3664)
04-21 03:24:09.914  2247  2247 W StatusBar: 	at com.android.systemui.statusbar.phone.StatusBar.createAndAddWindows(StatusBar.java:3660)
04-21 03:24:09.914  2247  2247 W StatusBar: 	at com.android.systemui.statusbar.phone.StatusBar.start(StatusBar.java:889)
04-21 03:24:09.914  2247  2247 W StatusBar: 	at com.android.systemui.SystemBars.createStatusBarFromConfig(SystemBars.java:71)
04-21 03:24:09.914  2247  2247 W StatusBar: 	at com.android.systemui.SystemBars.start(SystemBars.java:42)
04-21 03:24:09.914  2247  2247 W StatusBar: 	at com.android.systemui.SystemUIApplication.startServicesIfNeeded(SystemUIApplication.java:235)
04-21 03:24:09.914  2247  2247 W StatusBar: 	at com.android.systemui.SystemUIApplication.startServicesIfNeeded(SystemUIApplication.java:184)
04-21 03:24:09.914  2247  2247 W StatusBar: 	at com.android.systemui.SystemUIService.onCreate(SystemUIService.java:33)
04-21 03:24:09.914  2247  2247 W StatusBar: 	at android.app.ActivityThread.handleCreateService(ActivityThread.java:3342)
04-21 03:24:09.914  2247  2247 W StatusBar: 	at android.app.ActivityThread.-wrap4(Unknown Source:0)
04-21 03:24:09.914  2247  2247 W StatusBar: 	at android.app.ActivityThread$H.handleMessage(ActivityThread.java:1680)
04-21 03:24:09.914  2247  2247 W StatusBar: 	at android.os.Handler.dispatchMessage(Handler.java:106)
04-21 03:24:09.914  2247  2247 W StatusBar: 	at android.os.Looper.loop(Looper.java:164)
04-21 03:24:09.914  2247  2247 W StatusBar: 	at android.app.ActivityThread.main(ActivityThread.java:6533)
04-21 03:24:09.914  2247  2247 W StatusBar: 	at java.lang.reflect.Method.invoke(Native Method)
04-21 03:24:09.914  2247  2247 W StatusBar: 	at com.android.internal.os.RuntimeInit$MethodAndArgsCaller.run(RuntimeInit.java:438)
04-21 03:24:09.914  2247  2247 W StatusBar: 	at com.android.internal.os.ZygoteInit.main(ZygoteInit.java:807)
04-21 03:24:09.941  2247  2247 I StatusBar: isKeyguardShowing() called before startKeyguard(), returning true
04-21 03:24:09.941  2247  2247 W StatusBar: isKeyguardSecure() called before startKeyguard(), returning false
04-21 03:24:09.941  2247  2247 W StatusBar: java.lang.Throwable
04-21 03:24:09.941  2247  2247 W StatusBar: 	at com.android.systemui.statusbar.phone.StatusBar.isKeyguardSecure(StatusBar.java:7551)
04-21 03:24:09.941  2247  2247 W StatusBar: 	at com.android.systemui.statusbar.phone.StatusBar.isCameraAllowedByAdmin(StatusBar.java:5436)
04-21 03:24:09.941  2247  2247 W StatusBar: 	at com.android.systemui.statusbar.phone.KeyguardBottomAreaView$DefaultRightButton.getIcon(KeyguardBottomAreaView.java:861)
04-21 03:24:09.941  2247  2247 W StatusBar: 	at com.android.systemui.statusbar.phone.KeyguardBottomAreaView.updateCameraVisibility(KeyguardBottomAreaView.java:387)
04-21 03:24:09.941  2247  2247 W StatusBar: 	at com.android.systemui.statusbar.phone.KeyguardBottomAreaView.setUserSetupComplete(KeyguardBottomAreaView.java:365)
04-21 03:24:09.941  2247  2247 W StatusBar: 	at com.android.systemui.statusbar.phone.NotificationPanelView.setUserSetupComplete(NotificationPanelView.java:2655)
04-21 03:24:09.941  2247  2247 W StatusBar: 	at com.android.systemui.statusbar.phone.StatusBar.makeStatusBarView(StatusBar.java:1162)
04-21 03:24:09.941  2247  2247 W StatusBar: 	at com.android.systemui.statusbar.phone.StatusBar.addStatusBarWindow(StatusBar.java:3664)
04-21 03:24:09.941  2247  2247 W StatusBar: 	at com.android.systemui.statusbar.phone.StatusBar.createAndAddWindows(StatusBar.java:3660)
04-21 03:24:09.941  2247  2247 W StatusBar: 	at com.android.systemui.statusbar.phone.StatusBar.start(StatusBar.java:889)
04-21 03:24:09.941  2247  2247 W StatusBar: 	at com.android.systemui.SystemBars.createStatusBarFromConfig(SystemBars.java:71)
04-21 03:24:09.941  2247  2247 W StatusBar: 	at com.android.systemui.SystemBars.start(SystemBars.java:42)
04-21 03:24:09.941  2247  2247 W StatusBar: 	at com.android.systemui.SystemUIApplication.startServicesIfNeeded(SystemUIApplication.java:235)
04-21 03:24:09.941  2247  2247 W StatusBar: 	at com.android.systemui.SystemUIApplication.startServicesIfNeeded(SystemUIApplication.java:184)
04-21 03:24:09.941  2247  2247 W StatusBar: 	at com.android.systemui.SystemUIService.onCreate(SystemUIService.java:33)
04-21 03:24:09.941  2247  2247 W StatusBar: 	at android.app.ActivityThread.handleCreateService(ActivityThread.java:3342)
04-21 03:24:09.941  2247  2247 W StatusBar: 	at android.app.ActivityThread.-wrap4(Unknown Source:0)
04-21 03:24:09.941  2247  2247 W StatusBar: 	at android.app.ActivityThread$H.handleMessage(ActivityThread.java:1680)
04-21 03:24:09.941  2247  2247 W StatusBar: 	at android.os.Handler.dispatchMessage(Handler.java:106)
04-21 03:24:09.941  2247  2247 W StatusBar: 	at android.os.Looper.loop(Looper.java:164)
04-21 03:24:09.941  2247  2247 W StatusBar: 	at android.app.ActivityThread.main(ActivityThread.java:6533)
04-21 03:24:09.941  2247  2247 W StatusBar: 	at java.lang.reflect.Method.invoke(Native Method)
04-21 03:24:09.941  2247  2247 W StatusBar: 	at com.android.internal.os.RuntimeInit$MethodAndArgsCaller.run(RuntimeInit.java:438)
04-21 03:24:09.941  2247  2247 W StatusBar: 	at com.android.internal.os.ZygoteInit.main(ZygoteInit.java:807)
04-21 03:24:10.004  2247  2247 I StatusBar: isKeyguardShowing() called before startKeyguard(), returning true
04-21 03:24:10.005  2247  2247 W StatusBar: isKeyguardSecure() called before startKeyguard(), returning false
04-21 03:24:10.005  2247  2247 W StatusBar: java.lang.Throwable
04-21 03:24:10.005  2247  2247 W StatusBar: 	at com.android.systemui.statusbar.phone.StatusBar.isKeyguardSecure(StatusBar.java:7551)
04-21 03:24:10.005  2247  2247 W StatusBar: 	at com.android.systemui.statusbar.phone.StatusBar.isCameraAllowedByAdmin(StatusBar.java:5436)
04-21 03:24:10.005  2247  2247 W StatusBar: 	at com.android.systemui.statusbar.phone.KeyguardBottomAreaView$DefaultRightButton.getIcon(KeyguardBottomAreaView.java:861)
04-21 03:24:10.005  2247  2247 W StatusBar: 	at com.android.systemui.statusbar.phone.KeyguardBottomAreaView.updateCameraVisibility(KeyguardBottomAreaView.java:387)
04-21 03:24:10.005  2247  2247 W StatusBar: 	at com.android.systemui.statusbar.phone.KeyguardBottomAreaView.setUserSetupComplete(KeyguardBottomAreaView.java:365)
04-21 03:24:10.005  2247  2247 W StatusBar: 	at com.android.systemui.statusbar.phone.NotificationPanelView.setUserSetupComplete(NotificationPanelView.java:2655)
04-21 03:24:10.005  2247  2247 W StatusBar: 	at com.android.systemui.statusbar.phone.StatusBar$1.onUserSetupChanged(StatusBar.java:524)
04-21 03:24:10.005  2247  2247 W StatusBar: 	at com.android.systemui.statusbar.policy.DeviceProvisionedControllerImpl.addCallback(DeviceProvisionedControllerImpl.java:69)
04-21 03:24:10.005  2247  2247 W StatusBar: 	at com.android.systemui.statusbar.policy.DeviceProvisionedControllerImpl.addCallback(DeviceProvisionedControllerImpl.java:63)
04-21 03:24:10.005  2247  2247 W StatusBar: 	at com.android.systemui.statusbar.phone.StatusBar.makeStatusBarView(StatusBar.java:1252)
04-21 03:24:10.005  2247  2247 W StatusBar: 	at com.android.systemui.statusbar.phone.StatusBar.addStatusBarWindow(StatusBar.java:3664)
04-21 03:24:10.005  2247  2247 W StatusBar: 	at com.android.systemui.statusbar.phone.StatusBar.createAndAddWindows(StatusBar.java:3660)
04-21 03:24:10.005  2247  2247 W StatusBar: 	at com.android.systemui.statusbar.phone.StatusBar.start(StatusBar.java:889)
04-21 03:24:10.005  2247  2247 W StatusBar: 	at com.android.systemui.SystemBars.createStatusBarFromConfig(SystemBars.java:71)
04-21 03:24:10.005  2247  2247 W StatusBar: 	at com.android.systemui.SystemBars.start(SystemBars.java:42)
04-21 03:24:10.005  2247  2247 W StatusBar: 	at com.android.systemui.SystemUIApplication.startServicesIfNeeded(SystemUIApplication.java:235)
