04-21 03:24:10.005  2247  2247 W StatusBar: 	at com.android.systemui.SystemUIApplication.startServicesIfNeeded(SystemUIApplication.java:184)
04-21 03:24:10.005  2247  2247 W StatusBar: 	at com.android.systemui.SystemUIService.onCreate(SystemUIService.java:33)
04-21 03:24:10.005  2247  2247 W StatusBar: 	at android.app.ActivityThread.handleCreateService(ActivityThread.java:3342)
04-21 03:24:10.005  2247  2247 W StatusBar: 	at android.app.ActivityThread.-wrap4(Unknown Source:0)
04-21 03:24:10.005  2247  2247 W StatusBar: 	at android.app.ActivityThread$H.handleMessage(ActivityThread.java:1680)
04-21 03:24:10.005  2247  2247 W StatusBar: 	at android.os.Handler.dispatchMessage(Handler.java:106)
04-21 03:24:10.005  2247  2247 W StatusBar: 	at android.os.Looper.loop(Looper.java:164)
04-21 03:24:10.005  2247  2247 W StatusBar: 	at android.app.ActivityThread.main(ActivityThread.java:6533)
04-21 03:24:10.005  2247  2247 W StatusBar: 	at java.lang.reflect.Method.invoke(Native Method)
04-21 03:24:10.005  2247  2247 W StatusBar: 	at com.android.internal.os.RuntimeInit$MethodAndArgsCaller.run(RuntimeInit.java:438)
04-21 03:24:10.005  2247  2247 W StatusBar: 	at com.android.internal.os.ZygoteInit.main(ZygoteInit.java:807)
04-21 03:24:10.039  2247  2568 E ActivityThread: Failed to find provider info for com.android.contacts
04-21 03:24:10.073  1627  2234 D CryptdConnector: SND -> {3 cryptfs getpw}
04-21 03:24:10.074   442   448 D VoldCryptCmdListener: cryptfs getpw
04-21 03:24:10.074  1627  2157 D CryptdConnector: RCV <- {200 3 -1}
04-21 03:24:10.075  1627  2234 D CryptdConnector: SND -> {4 cryptfs clearpw}
04-21 03:24:10.075   442   448 D VoldCryptCmdListener: cryptfs clearpw
04-21 03:24:10.075  1627  2157 D CryptdConnector: RCV <- {200 4 0}
04-21 03:24:10.075  2247  2611 E ActivityThread: Failed to find provider info for com.android.contacts
04-21 03:24:10.169  2247  2619 E ActivityThread: Failed to find provider info for com.android.contacts
04-21 03:24:10.179  2247  2576 E ActivityThread: Failed to find provider info for com.android.contacts
04-21 03:24:10.213  1627  2173 D WifiService: New client listening to asynchronous messages
04-21 03:24:10.427  1627  2406 I Telecom : PhoneAccountRegistrar: New phone account registered: [[ ] PhoneAccount: ComponentInfo{com.android.phone/com.android.services.telephony.TelephonyConnectionService}, [****], UserHandle{0} Capabilities: CallProvider EmergOnly MultiUser PlaceEmerg SimSub  Audio Routes: BESW Schemes: tel voicemail  Extras: Bundle[mParcelledData.dataSize=124] GroupId: [****]]: TSI.rPA@AA4
04-21 03:24:10.432  1627  2406 I Telecom : CallsManager: Sending phone-account ComponentInfo{com.android.phone/com.android.services.telephony.TelephonyConnectionService}, [****], UserHandle{0} registered intent as user: TSI.rPA@AA4
04-21 03:24:10.433  1627  2406 I Telecom : CallsManager: Sending phone-account registered intent to default dialer: TSI.rPA@AA4
04-21 03:24:10.433  2408  2408 I TelecomFramework: AccountEntry: Registered phoneAccount: [[ ] PhoneAccount: ComponentInfo{com.android.phone/com.android.services.telephony.TelephonyConnectionService}, [****], UserHandle{0} Capabilities: CallProvider EmergOnly MultiUser PlaceEmerg SimSub  Audio Routes: BESW Schemes: tel voicemail  Extras: Bundle[{android.telecom.extra.SUPPORTS_VIDEO_CALLING_FALLBACK=false}] GroupId: [****]] with handle: ComponentInfo{com.android.phone/com.android.services.telephony.TelephonyConnectionService}, [****], UserHandle{0}
04-21 03:24:10.434  2408  2408 I TelecomFramework: PstnIncomingCallNotifier: Registering: Handler (com.qualcomm.qti.internal.telephony.QtiGsmCdmaPhone) {4da531}
04-21 03:24:10.437  2408  2408 I TelecomFramework: TelecomAccountRegistry: Unregistering phone account ComponentInfo{com.android.phone/com.android.services.telephony.TelephonyConnectionService}, [****], UserHandle{0}.
04-21 03:24:10.440  1627  2234 I Telecom : CallsManager: Sending phone-account ComponentInfo{com.android.phone/com.android.services.telephony.TelephonyConnectionService}, [****], UserHandle{0} unregistered intent as user: TSI.uPA@ABA
04-21 03:24:10.440  1627  2234 I Telecom : CallsManager: Sending phone-account unregistered intent to default dialer: TSI.uPA@ABA
04-21 03:24:10.486  2408  2408 I TelecomFramework: PstnPhoneCapabilitiesNotifier: handleVideoCapabilitesChanged. Video capability - false
04-21 03:24:10.487  1627  2406 V FingerprintService: mDeamon was null, reconnect to fingerprint
04-21 03:24:10.489  1627  2406 V FingerprintService: Fingerprint HAL id: 0
04-21 03:24:10.489  1627  2406 W FingerprintService: Failed to open Fingerprint HAL!
04-21 03:24:10.490  2247  2247 V KeyguardStatusView: refresh statusview showing:true
04-21 03:24:10.492  1627  2234 V FingerprintService: mDeamon was null, reconnect to fingerprint
04-21 03:24:10.493  1627  2406 I Telecom : PhoneAccountRegistrar: Modify account: [ComponentInfo{com.android.phone/com.android.services.telephony.TelephonyConnectionService}, [****], UserHandle{0}]: TSI.rPA@ABY
04-21 03:24:10.494  1627  2234 V FingerprintService: Fingerprint HAL id: 0
04-21 03:24:10.494  1627  2234 W FingerprintService: Failed to open Fingerprint HAL!
04-21 03:24:10.496  2247  2247 V KeyguardDisplayManager: show
04-21 03:24:10.497  1627  2406 V FingerprintService: mDeamon was null, reconnect to fingerprint
04-21 03:24:10.497  2408  2408 I TelecomFramework: PstnIncomingCallNotifier: Unregistering: Handler (com.qualcomm.qti.internal.telephony.QtiGsmCdmaPhone) {4da531}
04-21 03:24:10.498  1627  2406 V FingerprintService: Fingerprint HAL id: 0
04-21 03:24:10.498  1627  2406 W FingerprintService: Failed to open Fingerprint HAL!
04-21 03:24:10.499  1627  1637 I ActivityManager: Start proc 2767:com.google.android.gms.persistent/u0a18 for broadcast com.google.android.gms/.chimera.GmsIntentOperationService$PersistentTrustedReceiver
04-21 03:24:10.507  1627  2234 I Telecom : PhoneAccountRegistrar: Modify account: [ComponentInfo{com.android.phone/com.android.services.telephony.TelephonyConnectionService}, [****], UserHandle{0}]: TSI.rPA@ABc
04-21 03:24:10.509  2408  2408 I TelecomFramework: AccountEntry: Registered phoneAccount: [[ ] PhoneAccount: ComponentInfo{com.android.phone/com.android.services.telephony.TelephonyConnectionService}, [****], UserHandle{0} Capabilities: CallProvider EmergOnly MultiUser PlaceEmerg SimSub  Audio Routes: BESW Schemes: tel voicemail  Extras: Bundle[{android.telecom.extra.SUPPORTS_VIDEO_CALLING_FALLBACK=false}] GroupId: [****]] with handle: ComponentInfo{com.android.phone/com.android.services.telephony.TelephonyConnectionService}, [****], UserHandle{0}
04-21 03:24:10.509  2408  2408 I TelecomFramework: PstnIncomingCallNotifier: Registering: Handler (com.qualcomm.qti.internal.telephony.QtiGsmCdmaPhone) {4da531}
04-21 03:24:10.528  2408  2408 I TelecomFramework: PstnPhoneCapabilitiesNotifier: handleVideoCapabilitesChanged. Video capability - false
04-21 03:24:10.537  1627  2234 I Telecom : PhoneAccountRegistrar: Modify account: [ComponentInfo{com.android.phone/com.android.services.telephony.TelephonyConnectionService}, [****], UserHandle{0}]: TSI.rPA@ABo
04-21 03:24:10.684  1627  1637 V FingerprintService: mDeamon was null, reconnect to fingerprint
04-21 03:24:10.686  1627  1637 V FingerprintService: Fingerprint HAL id: 0
04-21 03:24:10.686  1627  1637 W FingerprintService: Failed to open Fingerprint HAL!
04-21 03:24:10.687  1627  1637 V FingerprintService: mDeamon was null, reconnect to fingerprint
04-21 03:24:10.689  1627  1637 V FingerprintService: Fingerprint HAL id: 0
04-21 03:24:10.689  1627  1637 W FingerprintService: Failed to open Fingerprint HAL!
04-21 03:24:10.722  2408  2408 D MccTable: updateMccMncConfiguration mccmnc='40495' fromServiceState=true
04-21 03:24:10.725  2408  2408 D MccTable: updateMccMncConfiguration defaultMccMnc=
04-21 03:24:10.725  2408  2408 D MccTable: updateMccMncConfiguration: mcc=404, mnc=95
04-21 03:24:10.725  2408  2408 D MccTable: setWifiCountryCodeFromMcc mcc = 404
04-21 03:24:10.726  2408  2408 D MccTable: WIFI_COUNTRY_CODE set to in
04-21 03:24:10.731  1627  2404 I WifiService: WifiService trying to set country code to in with persist set to false
04-21 03:24:10.776  2408  2408 I TelecomFramework: PstnIncomingCallNotifier: Unregistering: Handler (com.qualcomm.qti.internal.telephony.QtiGsmCdmaPhone) {4da531}
04-21 03:24:10.788  1627  2406 I Telecom : PhoneAccountRegistrar: Modify account: [ComponentInfo{com.android.phone/com.android.services.telephony.TelephonyConnectionService}, [****], UserHandle{0}]: TSI.rPA@ADM
04-21 03:24:10.790  2408  2408 I TelecomFramework: AccountEntry: Registered phoneAccount: [[ ] PhoneAccount: ComponentInfo{com.android.phone/com.android.services.telephony.TelephonyConnectionService}, [****], UserHandle{0} Capabilities: CallProvider EmergOnly MultiUser PlaceEmerg SimSub  Audio Routes: BESW Schemes: tel voicemail  Extras: Bundle[{android.telecom.extra.SUPPORTS_VIDEO_CALLING_FALLBACK=false}] GroupId: [****]] with handle: ComponentInfo{com.android.phone/com.android.services.telephony.TelephonyConnectionService}, [****], UserHandle{0}
04-21 03:24:10.790  2408  2408 I TelecomFramework: PstnIncomingCallNotifier: Registering: Handler (com.qualcomm.qti.internal.telephony.QtiGsmCdmaPhone) {4da531}
04-21 03:24:10.791  1627  2406 V FingerprintService: mDeamon was null, reconnect to fingerprint
04-21 03:24:10.793  1627  2406 V FingerprintService: Fingerprint HAL id: 0
04-21 03:24:10.793  1627  2406 W FingerprintService: Failed to open Fingerprint HAL!
04-21 03:24:10.803  2408  2408 I TelecomFramework: PstnPhoneCapabilitiesNotifier: handleVideoCapabilitesChanged. Video capability - false
04-21 03:24:10.806  1627  2406 V FingerprintService: mDeamon was null, reconnect to fingerprint
04-21 03:24:10.807  1627  2406 V FingerprintService: Fingerprint HAL id: 0
04-21 03:24:10.807  1627  2406 W FingerprintService: Failed to open Fingerprint HAL!
04-21 03:24:10.815  1627  2406 I Telecom : PhoneAccountRegistrar: Modify account: [ComponentInfo{com.android.phone/com.android.services.telephony.TelephonyConnectionService}, [****], UserHandle{0}]: TSI.rPA@ADg
04-21 03:24:10.843  2408  2408 I TelecomFramework: PstnIncomingCallNotifier: Unregistering: Handler (com.qualcomm.qti.internal.telephony.QtiGsmCdmaPhone) {4da531}
04-21 03:24:10.849  1627  2404 I Telecom : PhoneAccountRegistrar: Modify account: [ComponentInfo{com.android.phone/com.android.services.telephony.TelephonyConnectionService}, [****], UserHandle{0}]: TSI.rPA@AD8
04-21 03:24:10.851  2408  2408 I TelecomFramework: AccountEntry: Registered phoneAccount: [[ ] PhoneAccount: ComponentInfo{com.android.phone/com.android.services.telephony.TelephonyConnectionService}, [****], UserHandle{0} Capabilities: CallProvider EmergOnly MultiUser PlaceEmerg SimSub  Audio Routes: BESW Schemes: tel voicemail  Extras: Bundle[{android.telecom.extra.SUPPORTS_VIDEO_CALLING_FALLBACK=false}] GroupId: [****]] with handle: ComponentInfo{com.android.phone/com.android.services.telephony.TelephonyConnectionService}, [****], UserHandle{0}
04-21 03:24:10.851  2408  2408 I TelecomFramework: PstnIncomingCallNotifier: Registering: Handler (com.qualcomm.qti.internal.telephony.QtiGsmCdmaPhone) {4da531}
04-21 03:24:10.893  2408  2408 I TelecomFramework: PstnIncomingCallNotifier: Unregistering: Handler (com.qualcomm.qti.internal.telephony.QtiGsmCdmaPhone) {4da531}
04-21 03:24:10.900  1627  2406 I Telecom : PhoneAccountRegistrar: Modify account: [ComponentInfo{com.android.phone/com.android.services.telephony.TelephonyConnectionService}, [****], UserHandle{0}]: TSI.rPA@AEI
04-21 03:24:10.902  2408  2408 I TelecomFramework: AccountEntry: Registered phoneAccount: [[ ] PhoneAccount: ComponentInfo{com.android.phone/com.android.services.telephony.TelephonyConnectionService}, [****], UserHandle{0} Capabilities: CallProvider EmergOnly MultiUser PlaceEmerg SimSub  Audio Routes: BESW Schemes: tel voicemail  Extras: Bundle[{android.telecom.extra.SUPPORTS_VIDEO_CALLING_FALLBACK=false}] GroupId: [****]] with handle: ComponentInfo{com.android.phone/com.android.services.telephony.TelephonyConnectionService}, [****], UserHandle{0}
04-21 03:24:10.902  2408  2408 I TelecomFramework: PstnIncomingCallNotifier: Registering: Handler (com.qualcomm.qti.internal.telephony.QtiGsmCdmaPhone) {4da531}
04-21 03:24:10.905  2408  2408 I TelecomFramework: PstnPhoneCapabilitiesNotifier: handleVideoCapabilitesChanged. Video capability - false
04-21 03:24:10.906  2408  2408 I TelecomFramework: PstnPhoneCapabilitiesNotifier: handleVideoCapabilitesChanged. Video capability - false
04-21 03:24:10.911  1627  2406 I Telecom : PhoneAccountRegistrar: Modify account: [ComponentInfo{com.android.phone/com.android.services.telephony.TelephonyConnectionService}, [****], UserHandle{0}]: TSI.rPA@AEU
04-21 03:24:10.937  1627  1671 I WindowManager: ******* TELLING SURFACE FLINGER WE ARE BOOTED!
04-21 03:24:11.018  1627  1671 I SystemServiceManager: Starting phase 1000
04-21 03:24:11.019  1627  1669 I UsbDeviceManager: Setting USB config to adb
04-21 03:24:11.019  1627  1671 D NightDisplayService: setUp: currentUser=0
04-21 03:24:11.020  1627  1671 D NightDisplayService: onAutoModeChanged: autoMode=0
04-21 03:24:11.020  1627  1671 I NightDisplayService: Turning off night display
04-21 03:24:11.029  1627  1671 D ActivityManager: Finishing user boot 0
04-21 03:24:11.029  1627  1671 I ActivityManager: User 0 state changed from BOOTING to RUNNING_LOCKED
04-21 03:24:11.030  1627  1671 D StorageManagerService: Setting property: sys.user.0.ce_available=true
04-21 03:24:11.031  1627  1671 I ActivityManager: User 0 state changed from RUNNING_LOCKED to RUNNING_UNLOCKING
04-21 03:24:11.032  1627  1671 D CryptdConnector: SND -> {5 cryptfs prepare_user_storage ! 0 0 2}
04-21 03:24:11.032   442   448 D vold    : e4crypt_prepare_user_storage for volume null, user 0, serial 0, flags 2
04-21 03:24:11.033   442   448 D vold    : Preparing: /data/system_ce/0
04-21 03:24:11.033   442   448 D vold    : Preparing: /data/misc_ce/0
04-21 03:24:11.033   442   448 D vold    : Preparing: /data/media/0
04-21 03:24:11.033   442   448 D vold    : Preparing: /data/data
04-21 03:24:11.033  1627  2157 D CryptdConnector: RCV <- {200 5 Command succeeded}
04-21 03:24:11.033  1627  1671 V UserDataPreparer: Found /data/user/0 with serial number 0
04-21 03:24:11.034  1627  1671 V UserDataPreparer: Found /data/system_ce/0 with serial number 0
04-21 03:24:11.034  1627  1671 V PackageManager: reconcileAppsData for null u0 0x2 migrateAppData=false
04-21 03:24:11.071   822  1135 E NetlinkEvent: NetlinkEvent::FindParam(): Parameter 'INTERFACE' not found
04-21 03:24:11.071   822  1135 E NetlinkEvent: NetlinkEvent::FindParam(): Parameter 'STATE' not found
04-21 03:24:11.071   822  1135 E NetlinkEvent: NetlinkEvent::FindParam(): Parameter 'TIME_NS' not found
04-21 03:24:11.071   822  1135 E NetlinkEvent: NetlinkEvent::FindParam(): Parameter 'UID' not found
04-21 03:24:11.246   822  1135 E NetlinkEvent: NetlinkEvent::FindParam(): Parameter 'INTERFACE' not found
04-21 03:24:11.246   822  1135 E NetlinkEvent: NetlinkEvent::FindParam(): Parameter 'STATE' not found
04-21 03:24:11.246   822  1135 E NetlinkEvent: NetlinkEvent::FindParam(): Parameter 'TIME_NS' not found
04-21 03:24:11.246   822  1135 E NetlinkEvent: NetlinkEvent::FindParam(): Parameter 'UID' not found
04-21 03:24:11.267  2408  2408 D MccTable: updateMccMncConfiguration mccmnc='40495' fromServiceState=false
04-21 03:24:11.268  2408  2408 D MccTable: updateMccMncConfiguration defaultMccMnc=
04-21 03:24:11.268  2408  2408 D MccTable: updateMccMncConfiguration: mcc=404, mnc=95
04-21 03:24:11.268  2408  2408 D MccTable: updateMccMncConfiguration updateConfig config={0.0 404mcc95mnc ?localeList ?layoutDir ?swdp ?wdp ?hdp ?density ?lsize ?long ?ldr ?wideColorGamut ?orien ?uimode ?night ?touch ?keyb/?/? ?nav/?}
04-21 03:24:11.462  1627  1671 V PackageManager: reconcileAppsData finished 213 packages
04-21 03:24:11.462  1627  1652 I SystemServiceManager: Calling onUnlockUser u0
04-21 03:24:11.463  1627  1652 D BluetoothManagerService: User 0 unlocked
04-21 03:24:11.463  1627  1652 D StorageManagerService: onUnlockUser 0
04-21 03:24:11.463  1627  1652 D VoldConnector: SND -> {6 volume user_started 0}
04-21 03:24:11.464  1627  1670 D BluetoothManagerService: MESSAGE_USER_UNLOCKED
04-21 03:24:11.465  1627  2404 I ActivityManager: Config changes=3 {0.85 404mcc95mnc [en_US] ldltr sw423dp w423dp h681dp 408dpi nrml long port finger -keyb/v/h -nav/h appBounds=Rect(0, 0 - 1080, 1798) s.10}
04-21 03:24:11.465   442   447 D vold    : Linking /storage/emulated/0 to /mnt/user/0/primary
04-21 03:24:11.465  1627  2156 D VoldConnector: RCV <- {200 6 Command succeeded}
04-21 03:24:11.467  1627  2153 D StorageManagerService: Volume emulated broadcasting mounted to UserHandle{0}
04-21 03:24:11.496  1627  2404 I ActivityManager: Override config changes=3 {0.85 404mcc95mnc [en_US] ldltr sw423dp w423dp h681dp 408dpi nrml long port finger -keyb/v/h -nav/h appBounds=Rect(0, 0 - 1080, 1798) s.10} for displayId=0
04-21 03:24:11.613  1627  1671 W WindowManager: App freeze timeout expired.
04-21 03:24:11.627  1627  2406 I ActivityManager: Start proc 2894:com.google.process.gservices/u0a18 for content provider com.google.android.gsf/.gservices.GservicesProvider
04-21 03:24:11.629  1627  1652 W SystemServiceManager: Service com.android.server.midi.MidiService$Lifecycle took 131 ms in onUnlockUser 
04-21 03:24:11.630  1627  1652 I BackupManagerService: Instantiating BackupManagerService
04-21 03:24:11.682  1627  1652 V BackupManagerService: Starting with transport com.google.android.gms/.backup.BackupTransportService
04-21 03:24:11.683  1627  1652 D BackupTransportManager: Binding to transport: android/com.android.internal.backup.LocalTransportService
04-21 03:24:11.684  1627  1652 D BackupTransportManager: Binding to transport: com.google.android.gms/.backup.component.D2dTransportService
04-21 03:24:11.686  1627  1652 D BackupTransportManager: Binding to transport: com.google.android.gms/.backup.BackupTransportService
04-21 03:24:11.692  1627  1652 I BackupManagerService: Backup enabled => true
04-21 03:24:11.700  1627  2234 V FingerprintService: mDeamon was null, reconnect to fingerprint
04-21 03:24:11.702  1627  2234 V FingerprintService: Fingerprint HAL id: 0
04-21 03:24:11.702  1627  2234 W FingerprintService: Failed to open Fingerprint HAL!
04-21 03:24:11.720  1627  2900 V KeyValueBackupJob: Scheduling k/v pass in 244 minutes
04-21 03:24:11.729  1627  1652 W SystemServiceManager: Service com.android.server.backup.BackupManagerService$Lifecycle took 101 ms in onUnlockUser 
04-21 03:24:11.752  1627  1652 I ActivityManager: Start proc 2919:com.google.android.googlequicksearchbox:interactor/u0a37 for service com.google.android.googlequicksearchbox/com.google.android.voiceinteraction.GsaVoiceInteractionService
04-21 03:24:11.755  1627  1652 I ActivityManager: Loading recents for user 0 into memory.
04-21 03:24:11.846  1627  1627 I ActivityManager: Start proc 2935:com.google.android.googlequicksearchbox:search/u0a37 for service com.google.android.googlequicksearchbox/com.google.android.apps.gsa.tasks.BackgroundTasksJobService
04-21 03:24:11.859  1627  1652 I ActivityManager: Start proc 2946:se.dirac.acs/u0a12 for added application se.dirac.acs
04-21 03:24:11.874  1627  1652 I ActivityManager: Start proc 2954:com.qualcomm.qti.loadcarrier/1001 for added application com.qualcomm.qti.loadcarrier
04-21 03:24:11.891  1627  1652 I ActivityManager: Start proc 2972:com.qualcomm.qti.services.secureui:sui_service/1000 for added application com.qualcomm.qti.services.secureui:sui_service
04-21 03:24:11.911  1627  1652 I ActivityManager: User 0 state changed from RUNNING_UNLOCKING to RUNNING_UNLOCKED
04-21 03:24:11.912  1627  1652 I ActivityManager: Sending BOOT_COMPLETE user #0
04-21 03:24:11.936  1627  2404 I ActivityManager: Start proc 2992:com.franco.kernel/u0a113 for service com.franco.kernel/a.ff
04-21 03:24:11.944  2463  2463 V ActivityThread: handleTrimMemory:com.android.settings
04-21 03:24:11.953  1627  1627 V NotificationListeners: enabling notification listener for 0: ComponentInfo{com.android.launcher3/com.android.launcher3.notification.NotificationListener}
04-21 03:24:11.953  1627  1627 V NotificationListeners: binding: Intent { act=android.service.notification.NotificationListenerService cmp=com.android.launcher3/.notification.NotificationListener (has extras) }
04-21 03:24:11.972  1627  1627 I ActivityManager: Start proc 3006:com.android.launcher3/u0a24 for service com.android.launcher3/.notification.NotificationListener
04-21 03:24:11.973  1627  1627 V NotificationListeners: enabling notification listener for 0: ComponentInfo{ch.deletescape.lawnchair.plah/com.android.launcher3.notification.NotificationListener}
04-21 03:24:11.977  1627  2234 I ActivityManager: START u0 {act=android.intent.action.MAIN cat=[android.intent.category.HOME] flg=0x10000100 cmp=ch.deletescape.lawnchair.plah/ch.deletescape.lawnchair.LawnchairLauncher} from uid 0
04-21 03:24:12.007  1627  1627 V NotificationListeners: binding: Intent { act=android.service.notification.NotificationListenerService cmp=ch.deletescape.lawnchair.plah/com.android.launcher3.notification.NotificationListener (has extras) }
04-21 03:24:12.016  1627  3027 D CryptdConnector: SND -> {6 cryptfs getpwtype}
04-21 03:24:12.016   442   448 D VoldCryptCmdListener: cryptfs getpwtype
04-21 03:24:12.017  1627  2157 D CryptdConnector: RCV <- {213 6 default}
04-21 03:24:12.018  1627  1637 D ConnectivityService: requestNetwork for uid/pid:1000/2382 NetworkRequest [ REQUEST id=11, [ Transports: CELLULAR Capabilities: IMS&TRUSTED&NOT_VPN Specifier: <5>] ]
04-21 03:24:12.035  1627  1627 I ActivityManager: Start proc 3038:ch.deletescape.lawnchair.plah/u0a123 for service ch.deletescape.lawnchair.plah/com.android.launcher3.notification.NotificationListener
04-21 03:24:12.050  2408  2677 D MccTable: updateMccMncConfiguration mccmnc='40495' fromServiceState=false
04-21 03:24:12.051  2408  2677 D MccTable: updateMccMncConfiguration defaultMccMnc=40495
04-21 03:24:12.051  2408  2677 D MccTable: updateMccMncConfiguration: mcc=404, mnc=95
04-21 03:24:12.051  2408  2677 D MccTable: updateMccMncConfiguration updateConfig config={0.0 404mcc95mnc ?localeList ?layoutDir ?swdp ?wdp ?hdp ?density ?lsize ?long ?ldr ?wideColorGamut ?orien ?uimode ?night ?touch ?keyb/?/? ?nav/?}
04-21 03:24:12.136  1627  2900 I BackupManagerService: Found stale backup journal, scheduling
04-21 03:24:12.142  1627  2234 V FingerprintService: mDeamon was null, reconnect to fingerprint
04-21 03:24:12.144  1627  2234 V FingerprintService: Fingerprint HAL id: 0
04-21 03:24:12.144  1627  2234 W FingerprintService: Failed to open Fingerprint HAL!
04-21 03:24:12.164  1627  1627 D BackupTransportManager: Bound to transport: android/com.android.internal.backup.LocalTransportService
04-21 03:24:12.170  1627  2428 V FingerprintService: mDeamon was null, reconnect to fingerprint
04-21 03:24:12.172  1627  2428 V FingerprintService: Fingerprint HAL id: 0
04-21 03:24:12.172  1627  2428 W FingerprintService: Failed to open Fingerprint HAL!
04-21 03:24:12.173  1627  2428 V FingerprintService: mDeamon was null, reconnect to fingerprint
04-21 03:24:12.174  1627  2428 V FingerprintService: Fingerprint HAL id: 0
04-21 03:24:12.175  1627  2428 W FingerprintService: Failed to open Fingerprint HAL!
04-21 03:24:12.226  1627  1638 I ActivityManager: Start proc 3088:com.android.smspush/u0a90 for service com.android.smspush/.WapPushManager
04-21 03:24:12.270  1627  1669 I AppWidgetServiceImpl: Async processing of onUserUnlocked u0 took 539 ms
04-21 03:24:12.285  1627  1651 I ActivityManager: Start proc 3110:com.android.printspooler/u0a86 for service com.android.printspooler/.model.PrintSpoolerService
04-21 03:24:12.328  3038  3038 D ActivityThread: Loading provider ch.deletescape.lawnchair.plah.settings: com.android.launcher3.LauncherProvider
04-21 03:24:12.379  2408  2408 I TelecomFramework: PstnIncomingCallNotifier: Unregistering: Handler (com.qualcomm.qti.internal.telephony.QtiGsmCdmaPhone) {4da531}
04-21 03:24:12.390  1627  2234 I Telecom : PhoneAccountRegistrar: New phone account registered: [[ ] PhoneAccount: ComponentInfo{com.android.phone/com.android.services.telephony.TelephonyConnectionService}, [****], UserHandle{0} Capabilities: CallProvider MultiUser PlaceEmerg SimSub  Audio Routes: BESW Schemes: tel voicemail  Extras: Bundle[mParcelledData.dataSize=208] GroupId: [****]]: TSI.rPA@AFU
04-21 03:24:12.394  1627  2234 I Telecom : CallsManager: Sending phone-account ComponentInfo{com.android.phone/com.android.services.telephony.TelephonyConnectionService}, [****], UserHandle{0} registered intent as user: TSI.rPA@AFU
04-21 03:24:12.396  1627  2234 I Telecom : CallsManager: Sending phone-account registered intent to default dialer: TSI.rPA@AFU
04-21 03:24:12.399  2408  2408 I TelecomFramework: AccountEntry: Registered phoneAccount: [[ ] PhoneAccount: ComponentInfo{com.android.phone/com.android.services.telephony.TelephonyConnectionService}, [****], UserHandle{0} Capabilities: CallProvider MultiUser PlaceEmerg SimSub  Audio Routes: BESW Schemes: tel voicemail  Extras: Bundle[{android.telecom.extra.SUPPORTS_VIDEO_CALLING_FALLBACK=false, android.telecom.extra.SORT_ORDER=0}] GroupId: [****]] with handle: ComponentInfo{com.android.phone/com.android.services.telephony.TelephonyConnectionService}, [****], UserHandle{0}
04-21 03:24:12.399  2408  2408 I TelecomFramework: PstnIncomingCallNotifier: Registering: Handler (com.qualcomm.qti.internal.telephony.QtiGsmCdmaPhone) {4da531}
04-21 03:24:12.401  2408  2408 I TelecomFramework: TelecomAccountRegistry: Unregistering phone account ComponentInfo{com.android.phone/com.android.services.telephony.TelephonyConnectionService}, [****], UserHandle{0}.
04-21 03:24:12.404  1627  2406 I Telecom : CallsManager: Sending phone-account ComponentInfo{com.android.phone/com.android.services.telephony.TelephonyConnectionService}, [****], UserHandle{0} unregistered intent as user: TSI.uPA@AFc
04-21 03:24:12.407  1627  2406 I Telecom : CallsManager: Sending phone-account unregistered intent to default dialer: TSI.uPA@AFc
04-21 03:24:12.418  2408  2408 I TelecomFramework: PstnIncomingCallNotifier: Unregistering: Handler (com.qualcomm.qti.internal.telephony.QtiGsmCdmaPhone) {4da531}
04-21 03:24:12.430  1627  1638 I Telecom : PhoneAccountRegistrar: Modify account: [ComponentInfo{com.android.phone/com.android.services.telephony.TelephonyConnectionService}, [****], UserHandle{0}]: TSI.rPA@AFk
04-21 03:24:12.433  2408  2408 I TelecomFramework: AccountEntry: Registered phoneAccount: [[ ] PhoneAccount: ComponentInfo{com.android.phone/com.android.services.telephony.TelephonyConnectionService}, [****], UserHandle{0} Capabilities: CallProvider MultiUser PlaceEmerg SimSub  Audio Routes: BESW Schemes: tel voicemail  Extras: Bundle[{android.telecom.extra.SUPPORTS_VIDEO_CALLING_FALLBACK=false, android.telecom.extra.SORT_ORDER=0}] GroupId: [****]] with handle: ComponentInfo{com.android.phone/com.android.services.telephony.TelephonyConnectionService}, [****], UserHandle{0}
04-21 03:24:12.433  2408  2408 I TelecomFramework: PstnIncomingCallNotifier: Registering: Handler (com.qualcomm.qti.internal.telephony.QtiGsmCdmaPhone) {4da531}
04-21 03:24:12.438  2408  2408 I TelecomFramework: PstnIncomingCallNotifier: Unregistering: Handler (com.qualcomm.qti.internal.telephony.QtiGsmCdmaPhone) {4da531}
04-21 03:24:12.442  1627  1651 I ActivityManager: Start proc 3144:com.android.keychain/1000 for service com.android.keychain/.KeyChainService
04-21 03:24:12.451  1627  1638 I Telecom : PhoneAccountRegistrar: Modify account: [ComponentInfo{com.android.phone/com.android.services.telephony.TelephonyConnectionService}, [****], UserHandle{0}]: TSI.rPA@AFw
04-21 03:24:12.454  2408  2408 I TelecomFramework: AccountEntry: Registered phoneAccount: [[ ] PhoneAccount: ComponentInfo{com.android.phone/com.android.services.telephony.TelephonyConnectionService}, [****], UserHandle{0} Capabilities: CallProvider MultiUser PlaceEmerg SimSub  Audio Routes: BESW Schemes: tel voicemail  Extras: Bundle[{android.telecom.extra.SUPPORTS_VIDEO_CALLING_FALLBACK=false, android.telecom.extra.SORT_ORDER=0}] GroupId: [****]] with handle: ComponentInfo{com.android.phone/com.android.services.telephony.TelephonyConnectionService}, [****], UserHandle{0}
04-21 03:24:12.454  2408  2408 I TelecomFramework: PstnIncomingCallNotifier: Registering: Handler (com.qualcomm.qti.internal.telephony.QtiGsmCdmaPhone) {4da531}
04-21 03:24:12.463  2408  2408 I TelecomFramework: PstnIncomingCallNotifier: Unregistering: Handler (com.qualcomm.qti.internal.telephony.QtiGsmCdmaPhone) {4da531}
04-21 03:24:12.472  1627  2406 I Telecom : PhoneAccountRegistrar: Modify account: [ComponentInfo{com.android.phone/com.android.services.telephony.TelephonyConnectionService}, [****], UserHandle{0}]: TSI.rPA@AF8
04-21 03:24:12.474  2408  2408 I TelecomFramework: AccountEntry: Registered phoneAccount: [[ ] PhoneAccount: ComponentInfo{com.android.phone/com.android.services.telephony.TelephonyConnectionService}, [****], UserHandle{0} Capabilities: CallProvider MultiUser PlaceEmerg SimSub  Audio Routes: BESW Schemes: tel voicemail  Extras: Bundle[{android.telecom.extra.SUPPORTS_VIDEO_CALLING_FALLBACK=false, android.telecom.extra.SORT_ORDER=0}] GroupId: [****]] with handle: ComponentInfo{com.android.phone/com.android.services.telephony.TelephonyConnectionService}, [****], UserHandle{0}
04-21 03:24:12.474  2408  2408 I TelecomFramework: PstnIncomingCallNotifier: Registering: Handler (com.qualcomm.qti.internal.telephony.QtiGsmCdmaPhone) {4da531}
04-21 03:24:12.500  2408  2408 I TelecomFramework: PstnIncomingCallNotifier: Unregistering: Handler (com.qualcomm.qti.internal.telephony.QtiGsmCdmaPhone) {4da531}
04-21 03:24:12.509  1627  1638 I Telecom : PhoneAccountRegistrar: Modify account: [ComponentInfo{com.android.phone/com.android.services.telephony.TelephonyConnectionService}, [****], UserHandle{0}]: TSI.rPA@AGI
04-21 03:24:12.512  2408  2408 I TelecomFramework: AccountEntry: Registered phoneAccount: [[ ] PhoneAccount: ComponentInfo{com.android.phone/com.android.services.telephony.TelephonyConnectionService}, [****], UserHandle{0} Capabilities: CallProvider MultiUser PlaceEmerg SimSub  Audio Routes: BESW Schemes: tel voicemail  Extras: Bundle[{android.telecom.extra.SUPPORTS_VIDEO_CALLING_FALLBACK=false, android.telecom.extra.SORT_ORDER=0}] GroupId: [****]] with handle: ComponentInfo{com.android.phone/com.android.services.telephony.TelephonyConnectionService}, [****], UserHandle{0}
04-21 03:24:12.512  2408  2408 I TelecomFramework: PstnIncomingCallNotifier: Registering: Handler (com.qualcomm.qti.internal.telephony.QtiGsmCdmaPhone) {4da531}
04-21 03:24:12.556  1627  1652 I ActivityManager: Start proc 3170:com.google.android.dialer/u0a170 for broadcast com.google.android.dialer/com.android.dialer.app.calllog.LegacyVoicemailNotificationReceiver
04-21 03:24:12.565  2408  2408 I TelecomFramework: PstnPhoneCapabilitiesNotifier: handleVideoCapabilitesChanged. Video capability - false
04-21 03:24:12.578  2408  2408 I chatty  : uid=1001(radio) com.android.phone identical 3 lines
04-21 03:24:12.578  2408  2408 I TelecomFramework: PstnPhoneCapabilitiesNotifier: handleVideoCapabilitesChanged. Video capability - false
04-21 03:24:12.595  1627  1652 W ActivityManager: Activity pause timeout for ActivityRecord{da0865 u0 ch.deletescape.lawnchair.plah/ch.deletescape.lawnchair.LawnchairLauncher t7265}
04-21 03:24:12.598  1627  2234 I Telecom : PhoneAccountRegistrar: Modify account: [ComponentInfo{com.android.phone/com.android.services.telephony.TelephonyConnectionService}, [****], UserHandle{0}(cap: 1078 -> 54)]: TSI.rPA@AGU
04-21 03:24:12.601  1627  1651 I SyncManager: Loaded persisted syncs: 88 periodic syncs, 40 oneshot syncs, 135 total system server jobs, JobStats: FirstLoad: 204/128/128 LastSave: -1/-1/-1
04-21 03:24:12.618  1627  2406 I ActivityManager: START u0 {act=com.teslacoilsw.BLANK_ACTIVITY flg=0x10000000 pkg=ninja.sesame.app.edge} from uid 10123
04-21 03:24:12.619  1627  1638 W ActivityManager: Unable to start service Intent { cmp=ninja.sesame.app.edge/ninja.sesame.lib.bridge.v1_1.SesameConnect } U=0: not found
04-21 03:24:12.701  1627  1627 I Telecom : PhoneAccountRegistrar: SimCallManager queried, returning: null: TSI.gSCMFU@AGY
04-21 03:24:12.703  1627  3191 W ActivityManager: Unable to start service Intent { act=android.intent.action.BOOT_COMPLETED cmp=com.qualcomm.location.XT/.XTSrv } U=0: not found
04-21 03:24:12.750  1627  3191 W ActivityManager: Unable to start service Intent { act=com.qti.izat.xt.srv pkg=com.qualcomm.location.XT (has extras) } U=0: not found
04-21 03:24:12.777  1627  2234 I ActivityManager: Start proc 3201:com.google.android.gms/u0a18 for content provider com.google.android.gms/.fonts.provider.FontsProvider
04-21 03:24:12.970  2408  2408 I TelecomFramework: PstnIncomingCallNotifier: Unregistering: Handler (com.qualcomm.qti.internal.telephony.QtiGsmCdmaPhone) {4da531}
04-21 03:24:12.971  1627  2406 D ConnectivityService: registerNetworkAgent NetworkAgentInfo{ ni{[type: MOBILE[LTE], state: CONNECTED/CONNECTED, reason: connected, extra: ims, failover: false, available: true, roaming: false]}  network{100}  nethandle{429513165534}  lp{{InterfaceName: rmnet_data1 LinkAddresses: [2401:4900:30ad:e74b:e580:7e82:ea88:eff7/64,]  Routes: [::/0 -> fe80::a5f1:9f47:19e9:823d rmnet_data1,2401:4900:30ad:e74b::/64 -> :: rmnet_data1,] DnsAddresses: [] Domains: null MTU: 1500 TcpBufferSizes: 2097152,4194304,8388608,262144,524288,1048576}}  nc{[ Transports: CELLULAR Capabilities: IMS&NOT_METERED&TRUSTED&NOT_VPN LinkUpBandwidth>=51200Kbps LinkDnBandwidth>=102400Kbps Specifier: <5>]}  Score{10}  everValidated{false}  lastValidated{false}  created{false} lingering{false} explicitlySelected{false} acceptUnvalidated{false} everCaptivePortalDetected{false} lastCaptivePortalDetected{false} clat{null} }
04-21 03:24:12.971  1627  2183 D ConnectivityService: NetworkAgentInfo [MOBILE (LTE) - 100] EVENT_NETWORK_INFO_CHANGED, going from null to CONNECTED
04-21 03:24:12.973  1627  2183 D ConnectivityService: Adding iface rmnet_data1 to network 100
04-21 03:24:12.990  1627  2183 D ConnectivityService: Setting DNS servers for network 100 to []
04-21 03:24:12.995  1627  2406 I Telecom : PhoneAccountRegistrar: Modify account: [ComponentInfo{com.android.phone/com.android.services.telephony.TelephonyConnectionService}, [****], UserHandle{0}]: TSI.rPA@AGc
04-21 03:24:13.001  2408  2408 I TelecomFramework: AccountEntry: Registered phoneAccount: [[ ] PhoneAccount: ComponentInfo{com.android.phone/com.android.services.telephony.TelephonyConnectionService}, [****], UserHandle{0} Capabilities: SuppVideo CallProvider MultiUser PlaceEmerg SimSub  Audio Routes: BESW Schemes: tel voicemail  Extras: Bundle[{android.telecom.extra.SUPPORTS_VIDEO_CALLING_FALLBACK=false, android.telecom.extra.SORT_ORDER=0}] GroupId: [****]] with handle: ComponentInfo{com.android.phone/com.android.services.telephony.TelephonyConnectionService}, [****], UserHandle{0}
04-21 03:24:13.002  2408  2408 I TelecomFramework: PstnIncomingCallNotifier: Registering: Handler (com.qualcomm.qti.internal.telephony.QtiGsmCdmaPhone) {4da531}
04-21 03:24:13.028  1627  2183 D ConnectivityService: NetworkAgentInfo [MOBILE (LTE) - 100] validation passed
04-21 03:24:13.033  1627  2406 V FingerprintService: mDeamon was null, reconnect to fingerprint
04-21 03:24:13.036  1627  2406 V FingerprintService: Fingerprint HAL id: 0
04-21 03:24:13.036  1627  2406 W FingerprintService: Failed to open Fingerprint HAL!
04-21 03:24:13.063  1627  2170 D NetworkStats: Resolving plan for NetworkTemplate: matchRule=MOBILE_ALL, subscriberId=404950..., matchSubscriberIds=[404950...]
04-21 03:24:13.074  1627  2170 D NetworkStats: Found active matching subId 5
04-21 03:24:13.083  1627  2170 D NetworkStats: Resolved to plan null
04-21 03:24:13.132  1627  2170 D NetworkStats: Resolving plan for NetworkTemplate: matchRule=MOBILE_ALL, subscriberId=404950..., matchSubscriberIds=[404950...]
04-21 03:24:13.135  1627  2170 D NetworkStats: Found active matching subId 5
04-21 03:24:13.141  1627  2170 D NetworkStats: Resolved to plan null
04-21 03:24:13.167  2408  2408 I TelecomFramework: PstnPhoneCapabilitiesNotifier: handleVideoCapabilitesChanged. Video capability - false
04-21 03:24:13.176  1627  1627 D BackupTransportManager: Bound to transport: com.google.android.gms/.backup.component.D2dTransportService
04-21 03:24:13.182  1627  3027 I Telecom : PhoneAccountRegistrar: Modify account: [ComponentInfo{com.android.phone/com.android.services.telephony.TelephonyConnectionService}, [****], UserHandle{0}]: TSI.rPA@AGw
04-21 03:24:13.222  1627  1638 I ActivityManager: Start proc 3302:ch.deletescape.lawnchair.plah:bugReport/u0a123 for service ch.deletescape.lawnchair.plah/ch.deletescape.lawnchair.bugreport.BugReportService
04-21 03:24:13.236  1627  1627 D BackupTransportManager: Bound to transport: com.google.android.gms/.backup.BackupTransportService
04-21 03:24:13.285  1627  2234 W BroadcastQueue: Permission Denial: broadcasting Intent { act=com.google.android.apps.gsa.smartspace.ENABLE_UPDATE flg=0x10000010 pkg=com.google.android.googlequicksearchbox } from ch.deletescape.lawnchair.plah (pid=3038, uid=10123) requires com.google.android.apps.nexuslauncher.permission.QSB due to receiver com.google.android.googlequicksearchbox/com.google.android.apps.gsa.broadcastreceiver.external.PixelLauncherBroadcastReceiver
04-21 03:24:13.354  3038  3125 E ActivityThread: Failed to find provider info for com.google.android.as.allapps.actionsettingprovider
04-21 03:24:13.530  1627  2404 I ActivityManager: Start proc 3355:com.google.process.gapps/u0a18 for content provider com.google.android.gsf/.settings.GoogleSettingsProvider
04-21 03:24:13.808  1627  1652 W BroadcastQueue: Background execution not allowed: receiving Intent { act=com.google.android.systemui.OPA_ENABLED flg=0x10000010 (has extras) } to ch.deletescape.lawnchair.plah/com.google.android.apps.nexuslauncher.qsb.OPAStatusReceiver
04-21 03:24:13.827  2919  2919 W KeyphraseEnrollmentInfo: No enrollment application supports the given keyphrase/locale: 'X Google'/en_IN
04-21 03:24:13.839  2919  2919 I chatty  : uid=10037 com.google.android.googlequicksearchbox:interactor identical 2 lines
04-21 03:24:13.840  2919  2919 W KeyphraseEnrollmentInfo: No enrollment application supports the given keyphrase/locale: 'X Google'/en_IN
04-21 03:24:13.845  1627  2406 I ActivityManager: Start proc 3405:com.D6.oqUBftbCLKwvK/u0a158 for content provider com.D6.oqUBftbCLKwvK/a.p
04-21 03:24:13.877  1627  2234 I ActivityManager: Start proc 3420:com.google.android.partnersetup/u0a22 for content provider com.google.android.partnersetup/.RlzAppProvider
04-21 03:24:13.981  1627  3027 I ActivityManager: Start proc 3439:android.process.acore/u0a1 for content provider com.android.providers.contacts/.ContactsProvider2
04-21 03:24:14.341  1627  2428 W AppOps  : Bad call: specified package com.google.android.gms under uid 10037 but it is really 10018
04-21 03:24:14.341  1627  2428 W AppOps  : java.lang.RuntimeException: here
04-21 03:24:14.341  1627  2428 W AppOps  : 	at com.android.server.AppOpsService.getOpsRawLocked(AppOpsService.java:1344)
04-21 03:24:14.341  1627  2428 W AppOps  : 	at com.android.server.AppOpsService.checkPackage(AppOpsService.java:1051)
04-21 03:24:14.341  1627  2428 W AppOps  : 	at com.android.internal.app.IAppOpsService$Stub.onTransact(IAppOpsService.java:169)
04-21 03:24:14.341  1627  2428 W AppOps  : 	at android.os.Binder.execTransact(Binder.java:697)
04-21 03:24:14.382  1627  1627 I ActivityManager: Start proc 3486:com.google.android.marvin.talkback/u0a97 for broadcast com.google.android.marvin.talkback/com.google.android.accessibility.talkback.BootReceiver
04-21 03:24:14.388  1627  2183 D ConnectivityService: Got NetworkFactory Messenger for WIFI
04-21 03:24:14.388  1627  2183 D ConnectivityService: Got NetworkFactory Messenger for WIFI_UT
04-21 03:24:14.539  1627  1638 I ActivityManager: Start proc 3506:com.google.android.deskclock/u0a57 for broadcast com.google.android.deskclock/com.android.deskclock.AlarmInitReceiver
04-21 03:24:14.772  1627  1637 I ActivityManager: Start proc 3534:com.qualcomm.qti.poweroffalarm/1000 for broadcast com.qualcomm.qti.poweroffalarm/.PowerOffAlarmBroadcastReceiver
04-21 03:24:14.890  2382  2382 W ContextImpl: Calling a method in the system process without a qualified user: android.app.ContextImpl.startService:1476 android.content.ContextWrapper.startService:650 android.content.ContextWrapper.startService:650 com.qualcomm.qti.uceShimService.RCSReceiver.onReceive:41 android.app.ActivityThread.handleReceiver:3190 
04-21 03:24:14.916  1627  3027 I ActivityManager: Start proc 3555:com.amazon.mp3/u0a58 for broadcast com.amazon.mp3/.storage.ExternalStorageListener
04-21 03:24:14.931  1004  1004 I imsrcsd : UceServiceImpl linking to death listener[0x75e8c77000], cookie[33187137455128576]
04-21 03:24:14.931  1004  1004 I imsrcsd : UceServiceImpl linking 01
04-21 03:24:14.931  1004  1004 I imsrcsd : UceServiceImpl linking 02
04-21 03:24:14.931  1004  1004 I imsrcsd : UceServiceImpl linking 03
04-21 03:24:14.937  2382  3554 W ContextImpl: Calling a method in the system process without a qualified user: android.app.ContextImpl.sendStickyBroadcast:1232 android.content.ContextWrapper.sendStickyBroadcast:557 com.qualcomm.qti.uceShimService.RCSService.startService:202 com.qualcomm.qti.uceShimService.RCSService.-wrap1:0 com.qualcomm.qti.uceShimService.RCSService$3.onReceive:277 
04-21 03:24:15.339  1627  2404 E LockSettingsStorage: Cannot read file java.io.FileNotFoundException: /data/system_de/0/spblob/9cd53c87ec80f848.weaver: open failed: ENOENT (No such file or directory)
04-21 03:24:15.449  1627  2404 I LockSettingsService: Unlocking user 0 with secret only, length 64
04-21 03:24:15.454  1627  2404 W ActivityManager: Expected user 0 in state RUNNING_LOCKED but was in state RUNNING_UNLOCKED
04-21 03:24:15.455  1627  2404 I LockSettingsService: Disabling escrow token on user 0
04-21 03:24:15.459  1627  2404 V FingerprintService: mDeamon was null, reconnect to fingerprint
04-21 03:24:15.462  1627  2404 V FingerprintService: Fingerprint HAL id: 0
04-21 03:24:15.463  1627  2404 W FingerprintService: Failed to open Fingerprint HAL!
--------- beginning of crash
04-21 03:24:15.547  3555  3605 E AndroidRuntime: FATAL EXCEPTION: MetricsService
04-21 03:24:15.547  3555  3605 E AndroidRuntime: Process: com.amazon.mp3, PID: 3555
04-21 03:24:15.547  3555  3605 E AndroidRuntime: java.lang.NullPointerException: Attempt to invoke virtual method 'int android.app.UiModeManager.getCurrentModeType()' on a null object reference
04-21 03:24:15.547  3555  3605 E AndroidRuntime: 	at com.amazon.client.metrics.thirdparty.utils.DeviceCategoryUtil.getDeviceCategory(DeviceCategoryUtil.java:25)
04-21 03:24:15.547  3555  3605 E AndroidRuntime: 	at com.amazon.client.metrics.thirdparty.UserAgentHelper.generateUserAgent(UserAgentHelper.java:46)
04-21 03:24:15.547  3555  3605 E AndroidRuntime: 	at com.amazon.client.metrics.thirdparty.UserAgentHelper.addUserAgentIfNotSet(UserAgentHelper.java:31)
04-21 03:24:15.547  3555  3605 E AndroidRuntime: 	at com.amazon.client.metrics.thirdparty.batch.creator.BatchCreator.addMetricEntry(BatchCreator.java:117)
04-21 03:24:15.547  3555  3605 E AndroidRuntime: 	at com.amazon.client.metrics.thirdparty.MetricsService.record(MetricsService.java:90)
04-21 03:24:15.547  3555  3605 E AndroidRuntime: 	at com.amazon.client.metrics.thirdparty.GenericMetricsServiceAdapter.handleMessageForService(GenericMetricsServiceAdapter.java:127)
04-21 03:24:15.547  3555  3605 E AndroidRuntime: 	at com.amazon.client.metrics.thirdparty.GenericMetricsServiceAdapter$1.handleMessage(GenericMetricsServiceAdapter.java:63)
04-21 03:24:15.547  3555  3605 E AndroidRuntime: 	at android.os.Handler.dispatchMessage(Handler.java:102)
04-21 03:24:15.547  3555  3605 E AndroidRuntime: 	at android.os.Looper.loop(Looper.java:164)
04-21 03:24:15.547  3555  3605 E AndroidRuntime: 	at android.os.HandlerThread.run(HandlerThread.java:65)
04-21 03:24:15.559  3555  3555 E AndroidRuntime: FATAL EXCEPTION: main
04-21 03:24:15.559  3555  3555 E AndroidRuntime: Process: com.amazon.mp3, PID: 3555
04-21 03:24:15.559  3555  3555 E AndroidRuntime: java.lang.ExceptionInInitializerError
04-21 03:24:15.559  3555  3555 E AndroidRuntime: 	at com.amazon.mp3.library.item.DeluxeContentUtil.getNonDeluxeSelection(DeluxeContentUtil.java:111)
04-21 03:24:15.559  3555  3555 E AndroidRuntime: 	at com.amazon.mp3.playback.harley.PlaybackPersistenceManager.<clinit>(PlaybackPersistenceManager.java:93)
04-21 03:24:15.559  3555  3555 E AndroidRuntime: 	at com.amazon.mp3.playback.harley.PlaybackPersistenceManager.getInstance(Unknown Source:0)
04-21 03:24:15.559  3555  3555 E AndroidRuntime: 	at com.amazon.mp3.playback.harley.PlaybackInitializationHelper.initPlayback(PlaybackInitializationHelper.java:244)
04-21 03:24:15.559  3555  3555 E AndroidRuntime: 	at com.amazon.mp3.playback.harley.PlaybackInitializationHelper.init(PlaybackInitializationHelper.java:133)
04-21 03:24:15.559  3555  3555 E AndroidRuntime: 	at com.amazon.mp3.AmazonApplication.initPlayerComponent(AmazonApplication.java:718)
04-21 03:24:15.559  3555  3555 E AndroidRuntime: 	at com.amazon.mp3.AmazonApplication.onCreate(AmazonApplication.java:541)
04-21 03:24:15.559  3555  3555 E AndroidRuntime: 	at android.app.Instrumentation.callApplicationOnCreate(Instrumentation.java:1120)
04-21 03:24:15.559  3555  3555 E AndroidRuntime: 	at android.app.ActivityThread.handleBindApplication(ActivityThread.java:5770)
04-21 03:24:15.559  3555  3555 E AndroidRuntime: 	at android.app.ActivityThread.-wrap1(Unknown Source:0)
04-21 03:24:15.559  3555  3555 E AndroidRuntime: 	at android.app.ActivityThread$H.handleMessage(ActivityThread.java:1659)
04-21 03:24:15.559  3555  3555 E AndroidRuntime: 	at android.os.Handler.dispatchMessage(Handler.java:106)
04-21 03:24:15.559  3555  3555 E AndroidRuntime: 	at android.os.Looper.loop(Looper.java:164)
04-21 03:24:15.559  3555  3555 E AndroidRuntime: 	at android.app.ActivityThread.main(ActivityThread.java:6533)
04-21 03:24:15.559  3555  3555 E AndroidRuntime: 	at java.lang.reflect.Method.invoke(Native Method)
04-21 03:24:15.559  3555  3555 E AndroidRuntime: 	at com.android.internal.os.RuntimeInit$MethodAndArgsCaller.run(RuntimeInit.java:438)
04-21 03:24:15.559  3555  3555 E AndroidRuntime: 	at com.android.internal.os.ZygoteInit.main(ZygoteInit.java:807)
04-21 03:24:15.559  3555  3555 E AndroidRuntime: Caused by: java.lang.NullPointerException: Attempt to invoke interface method 'android.os.storage.StorageVolume[] android.os.storage.IStorageManager.getVolumeList(int, java.lang.String, int)' on a null object reference
04-21 03:24:15.559  3555  3555 E AndroidRuntime: 	at android.os.storage.StorageManager.getVolumeList(StorageManager.java:1122)
04-21 03:24:15.559  3555  3555 E AndroidRuntime: 	at android.os.Environment$UserEnvironment.getExternalDirs(Environment.java:87)
04-21 03:24:15.559  3555  3555 E AndroidRuntime: 	at android.os.Environment.getExternalStorageDirectory(Environment.java:457)
04-21 03:24:15.559  3555  3555 E AndroidRuntime: 	at com.amazon.mp3.library.item.DeluxeContentUtil.<clinit>(DeluxeContentUtil.java:50)
04-21 03:24:15.559  3555  3555 E AndroidRuntime: 	... 17 more
04-21 03:24:15.748  1627  2404 I ActivityManager: Process com.amazon.mp3 (pid 3555) has died: fore RCVR
04-21 03:24:15.752  2894  2894 V ActivityThread: handleTrimMemory:com.google.android.gsf
04-21 03:24:15.752  3201  3201 V ActivityThread: handleTrimMemory:com.google.android.gms
04-21 03:24:15.752  3355  3355 V ActivityThread: handleTrimMemory:com.google.android.gsf
04-21 03:24:15.752  3534  3534 V ActivityThread: handleTrimMemory:com.qualcomm.qti.poweroffalarm
04-21 03:24:15.753  3405  3405 V ActivityThread: handleTrimMemory:com.D6.oqUBftbCLKwvK
04-21 03:24:15.753  2935  2935 V ActivityThread: handleTrimMemory:com.google.android.googlequicksearchbox
04-21 03:24:15.753  3486  3486 V ActivityThread: handleTrimMemory:com.google.android.marvin.talkback
04-21 03:24:15.754  3038  3038 V ActivityThread: handleTrimMemory:ch.deletescape.lawnchair.plah
04-21 03:24:15.754  3170  3170 V ActivityThread: handleTrimMemory:com.google.android.dialer
04-21 03:24:15.754  3088  3088 V ActivityThread: handleTrimMemory:com.android.smspush
04-21 03:24:15.754  3420  3420 V ActivityThread: handleTrimMemory:com.google.android.partnersetup
04-21 03:24:15.754  3006  3006 V ActivityThread: handleTrimMemory:com.android.launcher3
04-21 03:24:15.754  2992  2992 V ActivityThread: handleTrimMemory:com.franco.kernel
04-21 03:24:15.754  3302  3302 V ActivityThread: handleTrimMemory:ch.deletescape.lawnchair.plah
04-21 03:24:15.754  2919  2919 V ActivityThread: handleTrimMemory:com.google.android.googlequicksearchbox
04-21 03:24:15.754  2954  2954 V ActivityThread: handleTrimMemory:com.qualcomm.qti.loadcarrier
04-21 03:24:15.755  1627  1627 V ActivityThread: handleTrimMemory:null
04-21 03:24:15.754  2463  2463 V ActivityThread: handleTrimMemory:com.android.settings
04-21 03:24:15.755  3144  3144 V ActivityThread: handleTrimMemory:com.android.keychain
04-21 03:24:15.755  2408  2408 V ActivityThread: handleTrimMemory:com.android.phone
04-21 03:24:15.755  2946  2946 V ActivityThread: handleTrimMemory:se.dirac.acs
04-21 03:24:15.755  2972  2972 V ActivityThread: handleTrimMemory:com.qualcomm.qti.services.secureui
04-21 03:24:15.755  3110  3110 V ActivityThread: handleTrimMemory:com.android.printspooler
04-21 03:24:15.755  3506  3506 V ActivityThread: handleTrimMemory:com.google.android.deskclock
04-21 03:24:15.756  2589  2589 V ActivityThread: handleTrimMemory:com.qualcomm.qcrilmsgtunnel
